Component: ARM Compiler 5.06 update 1 (build 61) Tool: armlink [4d35a8]

==============================================================================

Section Cross References

    main.o(i.SystemClock_Config) refers to stm32f4xx_hal_rcc.o(i.HAL_RCC_OscConfig) for HAL_RCC_OscConfig
    main.o(i.SystemClock_Config) refers to main.o(i.Error_Handler) for Error_Handler
    main.o(i.SystemClock_Config) refers to stm32f4xx_hal_rcc.o(i.HAL_RCC_ClockConfig) for HAL_RCC_ClockConfig
    main.o(i.SystemClock_Config) refers to stm32f4xx_hal.o(i.HAL_GetREVID) for HAL_GetREVID
    main.o(i.Thread_R_gps) refers to strstr.o(.text) for strstr
    main.o(i.Thread_R_gps) refers to rt_cmsis.o(i.osMailAlloc) for osMailAlloc
    main.o(i.Thread_R_gps) refers to strlen.o(.text) for strlen
    main.o(i.Thread_R_gps) refers to rt_cmsis.o(i.osMailPut) for osMailPut
    main.o(i.Thread_R_gps) refers to rt_cmsis.o(i.osDelay) for osDelay
    main.o(i.Thread_R_gps) refers to rt_cmsis.o(i.osSignalWait) for osSignalWait
    main.o(i.Thread_R_gps) refers to usart_stm32f4xx.o(.constdata) for Driver_USART3
    main.o(i.Thread_R_gps) refers to main.o(i.event_UART3) for event_UART3
    main.o(i.Thread_R_gps) refers to main.o(.data) for ID_BAL
    main.o(i.Thread_T_gps) refers to _scanf_str.o(.text) for _scanf_string
    main.o(i.Thread_T_gps) refers to scanf1.o(x$fpl$scanf1) for _scanf_real
    main.o(i.Thread_T_gps) refers to _printf_percent.o(.ARM.Collect$$_printf_percent$$00000000) for _printf_percent
    main.o(i.Thread_T_gps) refers to _printf_f.o(.ARM.Collect$$_printf_percent$$00000003) for _printf_f
    main.o(i.Thread_T_gps) refers to printf1.o(x$fpl$printf1) for _printf_fp_dec
    main.o(i.Thread_T_gps) refers to rt_cmsis.o(i.osMailGet) for osMailGet
    main.o(i.Thread_T_gps) refers to rt_cmsis.o(i.osMailFree) for osMailFree
    main.o(i.Thread_T_gps) refers to __0sscanf.o(.text) for __0sscanf
    main.o(i.Thread_T_gps) refers to f2d.o(x$fpl$f2d) for __aeabi_f2d
    main.o(i.Thread_T_gps) refers to noretval__2sprintf.o(.text) for __2sprintf
    main.o(i.Thread_T_gps) refers to strlen.o(.text) for strlen
    main.o(i.Thread_T_gps) refers to rt_cmsis.o(i.osSignalWait) for osSignalWait
    main.o(i.Thread_T_gps) refers to usart_stm32f4xx.o(.constdata) for Driver_USART2
    main.o(i.Thread_T_gps) refers to main.o(i.event_UART2) for event_UART2
    main.o(i.Thread_T_gps) refers to main.o(.data) for ID_BAL
    main.o(i.event_UART2) refers to rt_cmsis.o(i.osSignalSet) for osSignalSet
    main.o(i.event_UART2) refers to main.o(.data) for tid_Thread_T_gps
    main.o(i.event_UART3) refers to rt_cmsis.o(i.osSignalSet) for osSignalSet
    main.o(i.event_UART3) refers to main.o(.data) for tid_Thread_R_gps
    main.o(i.main) refers to stm32f4xx_hal.o(i.HAL_Init) for HAL_Init
    main.o(i.main) refers to main.o(i.SystemClock_Config) for SystemClock_Config
    main.o(i.main) refers to system_stm32f4xx.o(i.SystemCoreClockUpdate) for SystemCoreClockUpdate
    main.o(i.main) refers to rt_cmsis.o(i.osKernelInitialize) for osKernelInitialize
    main.o(i.main) refers to rt_cmsis.o(i.osThreadCreate) for osThreadCreate
    main.o(i.main) refers to rt_cmsis.o(i.osMutexCreate) for osMutexCreate
    main.o(i.main) refers to rt_cmsis.o(i.osMailCreate) for osMailCreate
    main.o(i.main) refers to rt_cmsis.o(i.osKernelStart) for osKernelStart
    main.o(i.main) refers to rt_cmsis.o(i.osDelay) for osDelay
    main.o(i.main) refers to main.o(.constdata) for os_thread_def_Thread_T_gps
    main.o(i.main) refers to main.o(.data) for tid_Thread_T_gps
    main.o(.constdata) refers to main.o(.bss) for os_mutex_cb_mut_tx
    main.o(.constdata) refers to main.o(.data) for os_mailQ_p_NomBAL
    main.o(.constdata) refers to main.o(i.Thread_T_gps) for Thread_T_gps
    main.o(.constdata) refers to main.o(i.Thread_R_gps) for Thread_R_gps
    main.o(.data) refers to main.o(.bss) for os_mailQ_q_NomBAL
    buttons_f4discovery.o(i.Buttons_GetState) refers to stm32f4xx_hal_gpio.o(i.HAL_GPIO_ReadPin) for HAL_GPIO_ReadPin
    buttons_f4discovery.o(i.Buttons_Initialize) refers to stm32f4xx_hal_gpio.o(i.HAL_GPIO_Init) for HAL_GPIO_Init
    buttons_f4discovery.o(i.Buttons_Uninitialize) refers to stm32f4xx_hal_gpio.o(i.HAL_GPIO_DeInit) for HAL_GPIO_DeInit
    led_f4discovery.o(i.LED_Initialize) refers to stm32f4xx_hal_gpio.o(i.HAL_GPIO_Init) for HAL_GPIO_Init
    led_f4discovery.o(i.LED_Off) refers to stm32f4xx_hal_gpio.o(i.HAL_GPIO_WritePin) for HAL_GPIO_WritePin
    led_f4discovery.o(i.LED_Off) refers to led_f4discovery.o(.constdata) for LED_PIN
    led_f4discovery.o(i.LED_On) refers to stm32f4xx_hal_gpio.o(i.HAL_GPIO_WritePin) for HAL_GPIO_WritePin
    led_f4discovery.o(i.LED_On) refers to led_f4discovery.o(.constdata) for LED_PIN
    led_f4discovery.o(i.LED_SetOut) refers to led_f4discovery.o(i.LED_On) for LED_On
    led_f4discovery.o(i.LED_SetOut) refers to led_f4discovery.o(i.LED_Off) for LED_Off
[...]
    __ARM_exceptions_init                     - Undefined Weak Reference
    __alloca_initialize                       - Undefined Weak Reference
    __arm_preinit_                            - Undefined Weak Reference
    __cpp_initialize__aeabi_                  - Undefined Weak Reference
    __cxa_finalize                            - Undefined Weak Reference
    __sigvec_lookup                           - Undefined Weak Reference
    _atexit_init                              - Undefined Weak Reference
    _call_atexit_fns                          - Undefined Weak Reference
    _clock_init                               - Undefined Weak Reference
    _fp_trap_init                             - Undefined Weak Reference
    _fp_trap_shutdown                         - Undefined Weak Reference
    _get_lc_collate                           - Undefined Weak Reference
    _get_lc_monetary                          - Undefined Weak Reference
    _get_lc_time                              - Undefined Weak Reference
    _getenv_init                              - Undefined Weak Reference
    _handle_redirection                       - Undefined Weak Reference
    _init_alloc                               - Undefined Weak Reference
    _init_user_alloc                          - Undefined Weak Reference
    _initio                                   - Undefined Weak Reference
    _printf_post_padding                      - Undefined Weak Reference
    _printf_pre_padding                       - Undefined Weak Reference
    _rand_init                                - Undefined Weak Reference
    _scanf_int                                - Undefined Weak Reference
    _scanf_longlong                           - Undefined Weak Reference
    _scanf_mbtowc                             - Undefined Weak Reference
    _scanf_wctomb                             - Undefined Weak Reference
    _scanf_wstring                            - Undefined Weak Reference
    _signal_finish                            - Undefined Weak Reference
    _signal_init                              - Undefined Weak Reference
    _terminate_alloc                          - Undefined Weak Reference
    _terminate_user_alloc                     - Undefined Weak Reference
    _terminateio                              - Undefined Weak Reference
    __Vectors_Size                           0x00000188   Number         0  startup_stm32f407xx.o ABSOLUTE
    __RL_RTX_VER                             0x00000482   Number         0  rt_system.o ABSOLUTE
    __Vectors                                0x08000000   Data           4  startup_stm32f407xx.o(RESET)
    __Vectors_End                            0x08000188   Data           0  startup_stm32f407xx.o(RESET)
    __main                                   0x08000189   Thumb Code     8  __main.o(!!!main)
    __scatterload                            0x08000191   Thumb Code     0  __scatter.o(!!!scatter)
    __scatterload_rt2                        0x08000191   Thumb Code    44  __scatter.o(!!!scatter)
    __scatterload_rt2_thumb_only             0x08000191   Thumb Code     0  __scatter.o(!!!scatter)
    __scatterload_null                       0x0800019f   Thumb Code     0  __scatter.o(!!!scatter)
    __scatterload_copy                       0x080001c5   Thumb Code    26  __scatter_copy.o(!!handler_copy)
    __scatterload_zeroinit                   0x080001e1   Thumb Code    28  __scatter_zi.o(!!handler_zi)
    _printf_f                                0x080001fd   Thumb Code     0  _printf_f.o(.ARM.Collect$$_printf_percent$$00000003)
    _printf_percent                          0x080001fd   Thumb Code     0  _printf_percent.o(.ARM.Collect$$_printf_percent$$00000000)
    _printf_percent_end                      0x08000203   Thumb Code     0  _printf_percent_end.o(.ARM.Collect$$_printf_percent$$00000017)
    __rt_lib_init                            0x08000207   Thumb Code     0  libinit.o(.ARM.Collect$$libinit$$00000000)
    __rt_lib_init_fp_1                       0x08000209   Thumb Code     0  libinit2.o(.ARM.Collect$$libinit$$00000001)
    __rt_lib_init_heap_1                     0x0800020d   Thumb Code     0  libinit2.o(.ARM.Collect$$libinit$$0000000A)
    __rt_lib_init_lc_common                  0x0800020d   Thumb Code     0  libinit2.o(.ARM.Collect$$libinit$$0000000F)
    __rt_lib_init_preinit_1                  0x0800020d   Thumb Code     0  libinit2.o(.ARM.Collect$$libinit$$00000004)
    __rt_lib_init_rand_1                     0x0800020d   Thumb Code     0  libinit2.o(.ARM.Collect$$libinit$$0000000E)
    __rt_lib_init_user_alloc_1               0x0800020d   Thumb Code     0  libinit2.o(.ARM.Collect$$libinit$$0000000C)
    __rt_lib_init_lc_collate_1               0x08000213   Thumb Code     0  libinit2.o(.ARM.Collect$$libinit$$00000011)
    __rt_lib_init_lc_ctype_2                 0x08000213   Thumb Code     0  libinit2.o(.ARM.Collect$$libinit$$00000012)
    __rt_lib_init_lc_ctype_1                 0x0800021f   Thumb Code     0  libinit2.o(.ARM.Collect$$libinit$$00000013)
    __rt_lib_init_lc_monetary_1              0x0800021f   Thumb Code     0  libinit2.o(.ARM.Collect$$libinit$$00000015)
    __rt_lib_init_lc_numeric_2               0x0800021f   Thumb Code     0  libinit2.o(.ARM.Collect$$libinit$$00000016)
    __rt_lib_init_alloca_1                   0x08000229   Thumb Code     0  libinit2.o(.ARM.Collect$$libinit$$0000002E)
    __rt_lib_init_argv_1                     0x08000229   Thumb Code     0  libinit2.o(.ARM.Collect$$libinit$$0000002C)
    __rt_lib_init_atexit_1                   0x08000229   Thumb Code     0  libinit2.o(.ARM.Collect$$libinit$$0000001B)
    __rt_lib_init_clock_1                    0x08000229   Thumb Code     0  libinit2.o(.ARM.Collect$$libinit$$00000021)
    __rt_lib_init_cpp_1                      0x08000229   Thumb Code     0  libinit2.o(.ARM.Collect$$libinit$$00000032)
    __rt_lib_init_exceptions_1               0x08000229   Thumb Code     0  libinit2.o(.ARM.Collect$$libinit$$00000030)
    __rt_lib_init_fp_trap_1                  0x08000229   Thumb Code     0  libinit2.o(.ARM.Collect$$libinit$$0000001F)
    __rt_lib_init_getenv_1                   0x08000229   Thumb Code     0  libinit2.o(.ARM.Collect$$libinit$$00000023)
    __rt_lib_init_lc_numeric_1               0x08000229   Thumb Code     0  libinit2.o(.ARM.Collect$$libinit$$00000017)
    __rt_lib_init_lc_time_1                  0x08000229   Thumb Code     0  libinit2.o(.ARM.Collect$$libinit$$00000019)
    __rt_lib_init_return                     0x08000229   Thumb Code     0  libinit2.o(.ARM.Collect$$libinit$$00000033)
    __rt_lib_init_signal_1                   0x08000229   Thumb Code     0  libinit2.o(.ARM.Collect$$libinit$$0000001D)
    __rt_lib_init_stdio_1                    0x08000229   Thumb Code     0  libinit2.o(.ARM.Collect$$libinit$$00000025)
    __rt_lib_shutdown                        0x0800022b   Thumb Code     0  libshutdown.o(.ARM.Collect$$libshutdown$$00000000)
    __rt_lib_shutdown_cpp_1                  0x0800022d   Thumb Code     0  libshutdown2.o(.ARM.Collect$$libshutdown$$00000002)
    __rt_lib_shutdown_fp_trap_1              0x0800022d   Thumb Code     0  libshutdown2.o(.ARM.Collect$$libshutdown$$00000007)
    __rt_lib_shutdown_heap_1                 0x0800022d   Thumb Code     0  libshutdown2.o(.ARM.Collect$$libshutdown$$0000000F)
    __rt_lib_shutdown_return                 0x0800022d   Thumb Code     0  libshutdown2.o(.ARM.Collect$$libshutdown$$00000010)
    __rt_lib_shutdown_signal_1               0x0800022d   Thumb Code     0  libshutdown2.o(.ARM.Collect$$libshutdown$$0000000A)
    __rt_lib_shutdown_stdio_1                0x0800022d   Thumb Code     0  libshutdown2.o(.ARM.Collect$$libshutdown$$00000004)
    __rt_lib_shutdown_user_alloc_1           0x0800022d   Thumb Code     0  libshutdown2.o(.ARM.Collect$$libshutdown$$0000000C)
    __rt_entry                               0x0800022f   Thumb Code     0  __rtentry.o(.ARM.Collect$$rtentry$$00000000)
    __rt_entry_presh_1                       0x0800022f   Thumb Code     0  __rtentry2.o(.ARM.Collect$$rtentry$$00000002)
    __rt_entry_sh                            0x0800022f   Thumb Code     0  __rtentry4.o(.ARM.Collect$$rtentry$$00000004)
    __rt_entry_li                            0x08000235   Thumb Code     0  __rtentry2.o(.ARM.Collect$$rtentry$$0000000A)
    __rt_entry_postsh_1                      0x08000235   Thumb Code     0  __rtentry2.o(.ARM.Collect$$rtentry$$00000009)
    __rt_entry_postli_1                      0x08000239   Thumb Code     0  __rtentry2.o(.ARM.Collect$$rtentry$$0000000B)
    __rt_entry_main                          0x08000241   Thumb Code     0  __rtentry2.o(.ARM.Collect$$rtentry$$0000000D)
    __rt_exit                                0x08000249   Thumb Code     0  rtexit.o(.ARM.Collect$$rtexit$$00000000)
    __rt_exit_ls                             0x0800024b   Thumb Code     0  rtexit2.o(.ARM.Collect$$rtexit$$00000003)
    __rt_exit_prels_1                        0x0800024b   Thumb Code     0  rtexit2.o(.ARM.Collect$$rtexit$$00000002)
    __rt_exit_exit                           0x0800024f   Thumb Code     0  rtexit2.o(.ARM.Collect$$rtexit$$00000004)
    _platform_post_lib_init                  0x08000255   Thumb Code    24  rtx_conf_cm.o(.emb_text)
    rt_set_PSP                               0x08000271   Thumb Code     6  hal_cm4.o(.emb_text)
    rt_get_PSP                               0x08000277   Thumb Code     6  hal_cm4.o(.emb_text)
    os_set_env                               0x0800027d   Thumb Code    24  hal_cm4.o(.emb_text)
    _alloc_box                               0x08000299   Thumb Code    28  hal_cm4.o(.emb_text)
    _free_box                                0x080002b9   Thumb Code    28  hal_cm4.o(.emb_text)
    SVC_Handler                              0x080002d9   Thumb Code   168  hal_cm4.o(.emb_text)
    PendSV_Handler                           0x08000391   Thumb Code    96  hal_cm4.o(.emb_text)
    SysTick_Handler                          0x080003f5   Thumb Code     8  hal_cm4.o(.emb_text)
    OS_Tick_Handler                          0x080003fd   Thumb Code    12  hal_cm4.o(.emb_text)
    Reset_Handler                            0x08000409   Thumb Code     8  startup_stm32f407xx.o(.text)
    NMI_Handler                              0x08000411   Thumb Code     2  startup_stm32f407xx.o(.text)
    HardFault_Handler                        0x08000413   Thumb Code     2  startup_stm32f407xx.o(.text)
    MemManage_Handler                        0x08000415   Thumb Code     2  startup_stm32f407xx.o(.text)
    BusFault_Handler                         0x08000417   Thumb Code     2  startup_stm32f407xx.o(.text)
    UsageFault_Handler                       0x08000419   Thumb Code     2  startup_stm32f407xx.o(.text)
    DebugMon_Handler                         0x0800041d   Thumb Code     2  startup_stm32f407xx.o(.text)
    ADC_IRQHandler                           0x08000423   Thumb Code     0  startup_stm32f407xx.o(.text)
    CAN1_RX0_IRQHandler                      0x08000423   Thumb Code     0  startup_stm32f407xx.o(.text)
    CAN1_RX1_IRQHandler                      0x08000423   Thumb Code     0  startup_stm32f407xx.o(.text)
    CAN1_SCE_IRQHandler                      0x08000423   Thumb Code     0  startup_stm32f407xx.o(.text)
    CAN1_TX_IRQHandler                       0x08000423   Thumb Code     0  startup_stm32f407xx.o(.text)
    CAN2_RX0_IRQHandler                      0x08000423   Thumb Code     0  startup_stm32f407xx.o(.text)
    CAN2_RX1_IRQHandler                      0x08000423   Thumb Code     0  startup_stm32f407xx.o(.text)
    CAN2_SCE_IRQHandler                      0x08000423   Thumb Code     0  startup_stm32f407xx.o(.text)
    CAN2_TX_IRQHandler                       0x08000423   Thumb Code     0  startup_stm32f407xx.o(.text)
    DCMI_IRQHandler                          0x08000423   Thumb Code     0  startup_stm32f407xx.o(.text)
    DMA1_Stream0_IRQHandler                  0x08000423   Thumb Code     0  startup_stm32f407xx.o(.text)
    DMA1_Stream1_IRQHandler                  0x08000423   Thumb Code     0  startup_stm32f407xx.o(.text)
    DMA1_Stream2_IRQHandler                  0x08000423   Thumb Code     0  startup_stm32f407xx.o(.text)
    DMA1_Stream3_IRQHandler                  0x08000423   Thumb Code     0  startup_stm32f407xx.o(.text)
    DMA1_Stream4_IRQHandler                  0x08000423   Thumb Code     0  startup_stm32f407xx.o(.text)
    DMA1_Stream5_IRQHandler                  0x08000423   Thumb Code     0  startup_stm32f407xx.o(.text)
    DMA1_Stream6_IRQHandler                  0x08000423   Thumb Code     0  startup_stm32f407xx.o(.text)
    DMA1_Stream7_IRQHandler                  0x08000423   Thumb Code     0  startup_stm32f407xx.o(.text)
    DMA2_Stream0_IRQHandler                  0x08000423   Thumb Code     0  startup_stm32f407xx.o(.text)
    DMA2_Stream1_IRQHandler                  0x08000423   Thumb Code     0  startup_stm32f407xx.o(.text)
    DMA2_Stream2_IRQHandler                  0x08000423   Thumb Code     0  startup_stm32f407xx.o(.text)
    DMA2_Stream3_IRQHandler                  0x08000423   Thumb Code     0  startup_stm32f407xx.o(.text)
    DMA2_Stream4_IRQHandler                  0x08000423   Thumb Code     0  startup_stm32f407xx.o(.text)
    DMA2_Stream5_IRQHandler                  0x08000423   Thumb Code     0  startup_stm32f407xx.o(.text)
    DMA2_Stream6_IRQHandler                  0x08000423   Thumb Code     0  startup_stm32f407xx.o(.text)
    DMA2_Stream7_IRQHandler                  0x08000423   Thumb Code     0  startup_stm32f407xx.o(.text)
    ETH_IRQHandler                           0x08000423   Thumb Code     0  startup_stm32f407xx.o(.text)
    ETH_WKUP_IRQHandler                      0x08000423   Thumb Code     0  startup_stm32f407xx.o(.text)
    EXTI0_IRQHandler                         0x08000423   Thumb Code     0  startup_stm32f407xx.o(.text)
    EXTI15_10_IRQHandler                     0x08000423   Thumb Code     0  startup_stm32f407xx.o(.text)
    EXTI1_IRQHandler                         0x08000423   Thumb Code     0  startup_stm32f407xx.o(.text)
    EXTI2_IRQHandler                         0x08000423   Thumb Code     0  startup_stm32f407xx.o(.text)
    EXTI3_IRQHandler                         0x08000423   Thumb Code     0  startup_stm32f407xx.o(.text)
    EXTI4_IRQHandler                         0x08000423   Thumb Code     0  startup_stm32f407xx.o(.text)
    EXTI9_5_IRQHandler                       0x08000423   Thumb Code     0  startup_stm32f407xx.o(.text)
    FLASH_IRQHandler                         0x08000423   Thumb Code     0  startup_stm32f407xx.o(.text)
    FMC_IRQHandler                           0x08000423   Thumb Code     0  startup_stm32f407xx.o(.text)
    FPU_IRQHandler                           0x08000423   Thumb Code     0  startup_stm32f407xx.o(.text)
    HASH_RNG_IRQHandler                      0x08000423   Thumb Code     0  startup_stm32f407xx.o(.text)
    I2C1_ER_IRQHandler                       0x08000423   Thumb Code     0  startup_stm32f407xx.o(.text)
    I2C1_EV_IRQHandler                       0x08000423   Thumb Code     0  startup_stm32f407xx.o(.text)
    I2C2_ER_IRQHandler                       0x08000423   Thumb Code     0  startup_stm32f407xx.o(.text)
    I2C2_EV_IRQHandler                       0x08000423   Thumb Code     0  startup_stm32f407xx.o(.text)
    I2C3_ER_IRQHandler                       0x08000423   Thumb Code     0  startup_stm32f407xx.o(.text)
    I2C3_EV_IRQHandler                       0x08000423   Thumb Code     0  startup_stm32f407xx.o(.text)
    OTG_FS_IRQHandler                        0x08000423   Thumb Code     0  startup_stm32f407xx.o(.text)
    OTG_FS_WKUP_IRQHandler                   0x08000423   Thumb Code     0  startup_stm32f407xx.o(.text)
    OTG_HS_EP1_IN_IRQHandler                 0x08000423   Thumb Code     0  startup_stm32f407xx.o(.text)
    OTG_HS_EP1_OUT_IRQHandler                0x08000423   Thumb Code     0  startup_stm32f407xx.o(.text)
    OTG_HS_IRQHandler                        0x08000423   Thumb Code     0  startup_stm32f407xx.o(.text)
    OTG_HS_WKUP_IRQHandler                   0x08000423   Thumb Code     0  startup_stm32f407xx.o(.text)
    PVD_IRQHandler                           0x08000423   Thumb Code     0  startup_stm32f407xx.o(.text)
    RCC_IRQHandler                           0x08000423   Thumb Code     0  startup_stm32f407xx.o(.text)
    RTC_Alarm_IRQHandler                     0x08000423   Thumb Code     0  startup_stm32f407xx.o(.text)
    RTC_WKUP_IRQHandler                      0x08000423   Thumb Code     0  startup_stm32f407xx.o(.text)
    SDIO_IRQHandler                          0x08000423   Thumb Code     0  startup_stm32f407xx.o(.text)
    SPI1_IRQHandler                          0x08000423   Thumb Code     0  startup_stm32f407xx.o(.text)
    SPI2_IRQHandler                          0x08000423   Thumb Code     0  startup_stm32f407xx.o(.text)
    SPI3_IRQHandler                          0x08000423   Thumb Code     0  startup_stm32f407xx.o(.text)
    TAMP_STAMP_IRQHandler                    0x08000423   Thumb Code     0  startup_stm32f407xx.o(.text)
    TIM1_BRK_TIM9_IRQHandler                 0x08000423   Thumb Code     0  startup_stm32f407xx.o(.text)
    TIM1_CC_IRQHandler                       0x08000423   Thumb Code     0  startup_stm32f407xx.o(.text)
    TIM1_TRG_COM_TIM11_IRQHandler            0x08000423   Thumb Code     0  startup_stm32f407xx.o(.text)
    TIM1_UP_TIM10_IRQHandler                 0x08000423   Thumb Code     0  startup_stm32f407xx.o(.text)
    TIM2_IRQHandler                          0x08000423   Thumb Code     0  startup_stm32f407xx.o(.text)
    TIM3_IRQHandler                          0x08000423   Thumb Code     0  startup_stm32f407xx.o(.text)
    TIM4_IRQHandler                          0x08000423   Thumb Code     0  startup_stm32f407xx.o(.text)
    TIM5_IRQHandler                          0x08000423   Thumb Code     0  startup_stm32f407xx.o(.text)
    TIM6_DAC_IRQHandler                      0x08000423   Thumb Code     0  startup_stm32f407xx.o(.text)
    TIM7_IRQHandler                          0x08000423   Thumb Code     0  startup_stm32f407xx.o(.text)
    TIM8_BRK_TIM12_IRQHandler                0x08000423   Thumb Code     0  startup_stm32f407xx.o(.text)
    TIM8_CC_IRQHandler                       0x08000423   Thumb Code     0  startup_stm32f407xx.o(.text)
    TIM8_TRG_COM_TIM14_IRQHandler            0x08000423   Thumb Code     0  startup_stm32f407xx.o(.text)
    TIM8_UP_TIM13_IRQHandler                 0x08000423   Thumb Code     0  startup_stm32f407xx.o(.text)
    UART4_IRQHandler                         0x08000423   Thumb Code     0  startup_stm32f407xx.o(.text)
    UART5_IRQHandler                         0x08000423   Thumb Code     0  startup_stm32f407xx.o(.text)
    USART1_IRQHandler                        0x08000423   Thumb Code     0  startup_stm32f407xx.o(.text)
    USART6_IRQHandler                        0x08000423   Thumb Code     0  startup_stm32f407xx.o(.text)
    WWDG_IRQHandler                          0x08000423   Thumb Code     0  startup_stm32f407xx.o(.text)
    __user_initial_stackheap                 0x08000425   Thumb Code     0  startup_stm32f407xx.o(.text)
    __user_libspace                          0x08000449   Thumb Code     8  libspace.o(.text)
    __user_perproc_libspace                  0x08000449   Thumb Code     0  libspace.o(.text)
    __aeabi_uldivmod                         0x08000451   Thumb Code     0  lludivv7m.o(.text)
    _ll_udiv                                 0x08000451   Thumb Code   238  lludivv7m.o(.text)
    __2sprintf                               0x08000541   Thumb Code    34  noretval__2sprintf.o(.text)
    __printf                                 0x08000569   Thumb Code   104  __printf.o(.text)
    __0sscanf                                0x080005d1   Thumb Code    52  __0sscanf.o(.text)
    _scanf_string                            0x0800060d   Thumb Code   224  _scanf_str.o(.text)
    exit                                     0x080006ed   Thumb Code    18  exit.o(.text)
    strstr                                   0x080006ff   Thumb Code    36  strstr.o(.text)
    strlen                                   0x08000723   Thumb Code    62  strlen.o(.text)
    __aeabi_memclr4                          0x08000761   Thumb Code     0  rt_memclr_w.o(.text)
    __aeabi_memclr8                          0x08000761   Thumb Code     0  rt_memclr_w.o(.text)
    __rt_memclr_w                            0x08000761   Thumb Code    78  rt_memclr_w.o(.text)
    _memset_w                                0x08000765   Thumb Code     0  rt_memclr_w.o(.text)
    __use_two_region_memory                  0x080007af   Thumb Code     2  heapauxi.o(.text)
    __rt_heap_escrow$2region                 0x080007b1   Thumb Code     2  heapauxi.o(.text)
    __rt_heap_expand$2region                 0x080007b3   Thumb Code     2  heapauxi.o(.text)
    __lib_sel_fp_printf                      0x080007b5   Thumb Code     2  _printf_fp_dec.o(.text)
    _printf_fp_dec_real                      0x08000963   Thumb Code   620  _printf_fp_dec.o(.text)
    _printf_char_common                      0x08000bdb   Thumb Code    32  _printf_char_common.o(.text)
    _sputc                                   0x08000c01   Thumb Code    10  _sputc.o(.text)
    _scanf_really_real                       0x08000e09   Thumb Code   668  scanf_fp.o(.text)
    __vfscanf_char                           0x080010bd   Thumb Code    24  scanf_char.o(.text)
    _sgetc                                   0x080010dd   Thumb Code    30  _sgetc.o(.text)
    _sbackspace                              0x080010fb   Thumb Code    34  _sgetc.o(.text)
    __rt_locale                              0x0800111d   Thumb Code    10  rt_locale_twolibspace.o(.text)
    __aeabi_errno_addr                       0x08001127   Thumb Code     4  rt_errno_addr_twolibspace.o(.text)
    __errno$twolibspace                      0x08001127   Thumb Code     0  rt_errno_addr_twolibspace.o(.text)
    __rt_errno_addr$twolibspace              0x08001127   Thumb Code     0  rt_errno_addr_twolibspace.o(.text)
    _ll_udiv10                               0x0800112b   Thumb Code   138  lludiv10.o(.text)
    isspace                                  0x080011b5   Thumb Code    18  isspace.o(.text)
    _printf_fp_infnan                        0x080011c9   Thumb Code   112  _printf_fp_infnan.o(.text)
    __vfscanf                                0x08001249   Thumb Code   878  _scanf.o(.text)
    _btod_etento                             0x080015bd   Thumb Code   216  bigflt0.o(.text)
    _sys_exit                                0x08001699   Thumb Code     8  sys_exit.o(.text)
    __user_setup_stackheap                   0x080016a5   Thumb Code    74  sys_stackheap_outer.o(.text)
    __rt_ctype_table                         0x080016f1   Thumb Code    16  rt_ctype_table.o(.text)
    __read_errno                             0x08001701   Thumb Code    10  _rserrno.o(.text)
    __set_errno                              0x0800170b   Thumb Code    12  _rserrno.o(.text)
    _scanf_really_hex_real                   0x08001719   Thumb Code   778  scanf_hexfp.o(.text)
    _scanf_really_infnan                     0x08001a31   Thumb Code   292  scanf_infnan.o(.text)
    strcmp                                   0x08001b65   Thumb Code   128  strcmpv7m.o(.text)
    __I$use$semihosting                      0x08001be5   Thumb Code     0  use_no_semi.o(.text)
    __use_no_semihosting_swi                 0x08001be5   Thumb Code     2  use_no_semi.o(.text)
    __aeabi_llsl                             0x08001be7   Thumb Code     0  llshl.o(.text)
    __semihosting_library_function           0x08001be7   Thumb Code     0  indicate_semi.o(.text)
    _ll_shift_l                              0x08001be7   Thumb Code    38  llshl.o(.text)
    _chval                                   0x08001c0d   Thumb Code    28  _chval.o(.text)
    _btod_d2e                                0x08001c29   Thumb Code    62  btod.o(CL$$btod_d2e)
    _d2e_denorm_low                          0x08001c67   Thumb Code    70  btod.o(CL$$btod_d2e_denorm_low)
    _d2e_norm_op1                            0x08001cad   Thumb Code    96  btod.o(CL$$btod_d2e_norm_op1)
    __btod_div_common                        0x08001d0d   Thumb Code   696  btod.o(CL$$btod_div_common)
    _e2d                                     0x08002045   Thumb Code    80  btod.o(CL$$btod_e2d)
    _e2e                                     0x08002099   Thumb Code   198  btod.o(CL$$btod_e2e)
    _btod_ediv                               0x0800215f   Thumb Code    40  btod.o(CL$$btod_ediv)
    _btod_edivd                              0x08002187   Thumb Code    40  btod.o(CL$$btod_edivd)
    _btod_emul                               0x080021af   Thumb Code    40  btod.o(CL$$btod_emul)
    _btod_emuld                              0x080021d7   Thumb Code    40  btod.o(CL$$btod_emuld)
    __btod_mult_common                       0x080021ff   Thumb Code   580  btod.o(CL$$btod_mult_common)
    SVC_Count                                0x08002444   Data           4  svc_table.o(SVC_TABLE)
    SVC_Table                                0x08002448   Data           0  svc_table.o(SVC_TABLE)
    HAL_DMA_Abort                            0x080025d1   Thumb Code   170  stm32f4xx_hal_dma.o(i.HAL_DMA_Abort)
    HAL_GPIO_DeInit                          0x0800267d   Thumb Code   316  stm32f4xx_hal_gpio.o(i.HAL_GPIO_DeInit)
    HAL_GPIO_Init                            0x080027e1   Thumb Code   466  stm32f4xx_hal_gpio.o(i.HAL_GPIO_Init)
    HAL_GPIO_ReadPin                         0x080029e1   Thumb Code    16  stm32f4xx_hal_gpio.o(i.HAL_GPIO_ReadPin)
    HAL_GPIO_WritePin                        0x080029f1   Thumb Code    12  stm32f4xx_hal_gpio.o(i.HAL_GPIO_WritePin)
    HAL_GetREVID                             0x080029fd   Thumb Code     8  stm32f4xx_hal.o(i.HAL_GetREVID)
    HAL_GetTick                              0x08002a09   Thumb Code     6  stm32f4xx_hal.o(i.HAL_GetTick)
    HAL_Init                                 0x08002a15   Thumb Code    44  stm32f4xx_hal.o(i.HAL_Init)
    HAL_InitTick                             0x08002a45   Thumb Code    64  stm32f4xx_hal.o(i.HAL_InitTick)
    HAL_MspInit                              0x08002a91   Thumb Code     2  stm32f4xx_hal.o(i.HAL_MspInit)
    HAL_NVIC_DisableIRQ                      0x08002a95   Thumb Code    62  stm32f4xx_hal_cortex.o(i.HAL_NVIC_DisableIRQ)
    HAL_NVIC_SetPriority                     0x08002ad9   Thumb Code   124  stm32f4xx_hal_cortex.o(i.HAL_NVIC_SetPriority)
    HAL_NVIC_SetPriorityGrouping             0x08002b55   Thumb Code    32  stm32f4xx_hal_cortex.o(i.HAL_NVIC_SetPriorityGrouping)
    HAL_RCC_ClockConfig                      0x08002b7d   Thumb Code   366  stm32f4xx_hal_rcc.o(i.HAL_RCC_ClockConfig)
    HAL_RCC_GetHCLKFreq                      0x08002cfd   Thumb Code     6  stm32f4xx_hal_rcc.o(i.HAL_RCC_GetHCLKFreq)
    HAL_RCC_GetPCLK1Freq                     0x08002d09   Thumb Code    22  stm32f4xx_hal_rcc.o(i.HAL_RCC_GetPCLK1Freq)
    HAL_RCC_GetSysClockFreq                  0x08002d29   Thumb Code   162  stm32f4xx_hal_rcc.o(i.HAL_RCC_GetSysClockFreq)
    HAL_RCC_OscConfig                        0x08002dd9   Thumb Code  1086  stm32f4xx_hal_rcc.o(i.HAL_RCC_OscConfig)
    HAL_SYSTICK_Config                       0x08003221   Thumb Code    52  stm32f4xx_hal_cortex.o(i.HAL_SYSTICK_Config)
    SystemCoreClockUpdate                    0x08003315   Thumb Code   170  system_stm32f4xx.o(i.SystemCoreClockUpdate)
    SystemInit                               0x080033d5   Thumb Code    82  system_stm32f4xx.o(i.SystemInit)
    Thread_R_gps                             0x08003439   Thumb Code   150  main.o(i.Thread_R_gps)
    Thread_T_gps                             0x080034f1   Thumb Code   268  main.o(i.Thread_T_gps)
    USART2_IRQHandler                        0x0800368d   Thumb Code    10  usart_stm32f4xx.o(i.USART2_IRQHandler)
    USART3_IRQHandler                        0x0800379d   Thumb Code    10  usart_stm32f4xx.o(i.USART3_IRQHandler)
    USART_IRQHandler                         0x080042a3   Thumb Code   626  usart_stm32f4xx.o(i.USART_IRQHandler)
    __ARM_fpclassify                         0x08004c41   Thumb Code    48  fpclassify.o(i.__ARM_fpclassify)
    __hardfp_ldexp                           0x08004ca9   Thumb Code   200  ldexp.o(i.__hardfp_ldexp)
    __mathlib_dbl_overflow                   0x08004d79   Thumb Code    24  dunder.o(i.__mathlib_dbl_overflow)
    __mathlib_dbl_underflow                  0x08004d99   Thumb Code    24  dunder.o(i.__mathlib_dbl_underflow)
    __mathlib_narrow                         0x08004db9   Thumb Code   166  narrow.o(i.__mathlib_narrow)
    __support_ldexp                          0x08004e71   Thumb Code    20  ldexp.o(i.__support_ldexp)
    __user_perthread_libspace                0x08004e85   Thumb Code    32  rtx_conf_cm.o(i.__user_perthread_libspace)
    _init_box                                0x08004eb1   Thumb Code    70  rt_membox.o(i._init_box)
    _is_digit                                0x08004ef7   Thumb Code    14  __printf_wp.o(i._is_digit)
    _mutex_acquire                           0x08004f05   Thumb Code    22  rtx_conf_cm.o(i._mutex_acquire)
    _mutex_release                           0x08004f25   Thumb Code    18  rtx_conf_cm.o(i._mutex_release)
    dbg_init                                 0x08004f41   Thumb Code    34  hal_cm.o(i.dbg_init)
    dbg_task_notify                          0x08004f71   Thumb Code    32  hal_cm.o(i.dbg_task_notify)
    dbg_task_switch                          0x08004f91   Thumb Code    16  hal_cm.o(i.dbg_task_switch)
    event_UART2                              0x08004fa1   Thumb Code    22  main.o(i.event_UART2)
    event_UART3                              0x08004fbd   Thumb Code    22  main.o(i.event_UART3)
    frexp                                    0x08004fd9   Thumb Code   118  frexp.o(i.frexp)
    isrMessageGet                            0x08005065   Thumb Code    42  rt_cmsis.o(i.isrMessageGet)
    isrMessagePut                            0x0800508f   Thumb Code    44  rt_cmsis.o(i.isrMessagePut)
    isrSignalSet                             0x080050bb   Thumb Code    36  rt_cmsis.o(i.isrSignalSet)
    isr_evt_set                              0x080050e1   Thumb Code    34  rt_event.o(i.isr_evt_set)
    isr_mbx_receive                          0x08005109   Thumb Code    86  rt_mailbox.o(i.isr_mbx_receive)
    isr_mbx_send                             0x0800515f   Thumb Code    14  rt_mailbox.o(i.isr_mbx_send)
    main                                     0x0800516d   Thumb Code    78  main.o(i.main)
    osDelay                                  0x080051dd   Thumb Code    18  rt_cmsis.o(i.osDelay)
    osKernelInitialize                       0x080051f5   Thumb Code    30  rt_cmsis.o(i.osKernelInitialize)
    osKernelStart                            0x08005219   Thumb Code    98  rt_cmsis.o(i.osKernelStart)
    osMailAlloc                              0x08005285   Thumb Code    22  rt_cmsis.o(i.osMailAlloc)
    osMailCreate                             0x080052a1   Thumb Code    36  rt_cmsis.o(i.osMailCreate)
    osMailFree                               0x080052cd   Thumb Code    22  rt_cmsis.o(i.osMailFree)
    osMailGet                                0x080052e9   Thumb Code    22  rt_cmsis.o(i.osMailGet)
    osMailPut                                0x080052ff   Thumb Code    20  rt_cmsis.o(i.osMailPut)
    osMessageGet                             0x08005315   Thumb Code    18  rt_cmsis.o(i.osMessageGet)
    osMessagePut                             0x0800532d   Thumb Code    18  rt_cmsis.o(i.osMessagePut)
    osMutexCreate                            0x08005345   Thumb Code    36  rt_cmsis.o(i.osMutexCreate)
    osSignalSet                              0x08005371   Thumb Code    18  rt_cmsis.o(i.osSignalSet)
    osSignalWait                             0x08005389   Thumb Code    18  rt_cmsis.o(i.osSignalWait)
    osThreadCreate                           0x080053a1   Thumb Code    36  rt_cmsis.o(i.osThreadCreate)
    osThreadExit                             0x080053cd   Thumb Code    14  rt_cmsis.o(i.osThreadExit)
    osTimerCall                              0x080053e5   Thumb Code     8  rt_cmsis.o(i.osTimerCall)
    osTimerThread                            0x080053f1   Thumb Code    38  rt_cmsis.o(i.osTimerThread)
    os_error                                 0x0800541d   Thumb Code    34  rtx_conf_cm.o(i.os_error)
    os_idle_demon                            0x0800543f   Thumb Code     4  rtx_conf_cm.o(i.os_idle_demon)
    os_tick_init                             0x08005445   Thumb Code    32  rt_system.o(i.os_tick_init)
    os_tick_irqack                           0x0800546d   Thumb Code     2  rt_system.o(i.os_tick_irqack)
    rt_alloc_box                             0x0800546f   Thumb Code    26  rt_membox.o(i.rt_alloc_box)
    rt_alloc_mem                             0x08005489   Thumb Code    62  rt_memory.o(i.rt_alloc_mem)
    rt_block                                 0x080054c9   Thumb Code    48  rt_task.o(i.rt_block)
    rt_chk_robin                             0x08005501   Thumb Code    60  rt_robin.o(i.rt_chk_robin)
    rt_dec_dly                               0x08005549   Thumb Code   102  rt_list.o(i.rt_dec_dly)
    rt_dispatch                              0x080055b9   Thumb Code    60  rt_task.o(i.rt_dispatch)
    rt_dly_wait                              0x080055fd   Thumb Code     6  rt_time.o(i.rt_dly_wait)
    rt_evt_psh                               0x08005605   Thumb Code    76  rt_event.o(i.rt_evt_psh)
    rt_evt_set                               0x08005655   Thumb Code    88  rt_event.o(i.rt_evt_set)
    rt_evt_wait                              0x080056b1   Thumb Code    56  rt_event.o(i.rt_evt_wait)
    rt_free_box                              0x080056ed   Thumb Code    44  rt_membox.o(i.rt_free_box)
    rt_free_mem                              0x08005719   Thumb Code    40  rt_memory.o(i.rt_free_mem)
    rt_get_first                             0x08005741   Thumb Code    40  rt_list.o(i.rt_get_first)
    rt_init_mem                              0x080057b9   Thumb Code    26  rt_memory.o(i.rt_init_mem)
    rt_init_robin                            0x080057d5   Thumb Code    14  rt_robin.o(i.rt_init_robin)
    rt_init_stack                            0x080057ed   Thumb Code   118  hal_cm.o(i.rt_init_stack)
    rt_mbx_check                             0x0800586d   Thumb Code     8  rt_mailbox.o(i.rt_mbx_check)
    rt_mbx_init                              0x08005875   Thumb Code    26  rt_mailbox.o(i.rt_mbx_init)
    rt_mbx_psh                               0x08005891   Thumb Code   236  rt_mailbox.o(i.rt_mbx_psh)
    rt_mbx_send                              0x08005981   Thumb Code   148  rt_mailbox.o(i.rt_mbx_send)
    rt_mbx_wait                              0x08005a19   Thumb Code   174  rt_mailbox.o(i.rt_mbx_wait)
    rt_mut_init                              0x08005b11   Thumb Code    16  rt_mutex.o(i.rt_mut_init)
    rt_mut_release                           0x08005b21   Thumb Code   208  rt_mutex.o(i.rt_mut_release)
    rt_mut_wait                              0x08005bf9   Thumb Code   114  rt_mutex.o(i.rt_mut_wait)
    rt_pop_req                               0x08005c71   Thumb Code   112  rt_system.o(i.rt_pop_req)
    rt_psh_req                               0x08005ced   Thumb Code    22  rt_system.o(i.rt_psh_req)
    rt_psq_enq                               0x08005d0d   Thumb Code    88  rt_list.o(i.rt_psq_enq)
    rt_put_dly                               0x08005d69   Thumb Code    68  rt_list.o(i.rt_put_dly)
    rt_put_prio                              0x08005db1   Thumb Code    54  rt_list.o(i.rt_put_prio)
    rt_put_rdy_first                         0x08005de9   Thumb Code    14  rt_list.o(i.rt_put_rdy_first)
    rt_resort_prio                           0x08005dfd   Thumb Code    46  rt_list.o(i.rt_resort_prio)
    rt_ret_val                               0x08005e41   Thumb Code    12  hal_cm.o(i.rt_ret_val)
    rt_ret_val2                              0x08005e4d   Thumb Code    16  hal_cm.o(i.rt_ret_val2)
    rt_rmv_dly                               0x08005e5d   Thumb Code    40  rt_list.o(i.rt_rmv_dly)
    rt_rmv_list                              0x08005e85   Thumb Code    44  rt_list.o(i.rt_rmv_list)
    rt_sem_psh                               0x08005eb5   Thumb Code    48  rt_semaphore.o(i.rt_sem_psh)
    rt_stk_check                             0x08005ee9   Thumb Code    28  rt_system.o(i.rt_stk_check)
    rt_switch_req                            0x08005f0d   Thumb Code    30  rt_task.o(i.rt_switch_req)
    rt_sys_init                              0x08005f35   Thumb Code   138  rt_task.o(i.rt_sys_init)
    rt_sys_start                             0x08006001   Thumb Code   110  rt_task.o(i.rt_sys_start)
    rt_systick                               0x08006079   Thumb Code    50  rt_system.o(i.rt_systick)
    rt_tsk_create                            0x08006101   Thumb Code   118  rt_task.o(i.rt_tsk_create)
    rt_tsk_delete                            0x08006189   Thumb Code   352  rt_task.o(i.rt_tsk_delete)
    rt_tsk_prio                              0x08006305   Thumb Code   108  rt_task.o(i.rt_tsk_prio)
    rt_tsk_self                              0x08006381   Thumb Code    12  rt_task.o(i.rt_tsk_self)
    svcDelay                                 0x08006391   Thumb Code    18  rt_cmsis.o(i.svcDelay)
    svcKernelInitialize                      0x080063a5   Thumb Code    80  rt_cmsis.o(i.svcKernelInitialize)
    svcKernelStart                           0x08006415   Thumb Code    62  rt_cmsis.o(i.svcKernelStart)
    svcMailCreate                            0x0800645d   Thumb Code    66  rt_cmsis.o(i.svcMailCreate)
    svcMessageCreate                         0x0800649f   Thumb Code    36  rt_cmsis.o(i.svcMessageCreate)
    svcMessageGet                            0x080064c3   Thumb Code    58  rt_cmsis.o(i.svcMessageGet)
    svcMessagePut                            0x080064fd   Thumb Code    54  rt_cmsis.o(i.svcMessagePut)
    svcMutexCreate                           0x08006533   Thumb Code    28  rt_cmsis.o(i.svcMutexCreate)
    svcSignalSet                             0x0800654f   Thumb Code    36  rt_cmsis.o(i.svcSignalSet)
    svcSignalWait                            0x08006575   Thumb Code    80  rt_cmsis.o(i.svcSignalWait)
    svcThreadCreate                          0x080065c9   Thumb Code    96  rt_cmsis.o(i.svcThreadCreate)
    svcThreadGetId                           0x08006635   Thumb Code    22  rt_cmsis.o(i.svcThreadGetId)
    svcThreadTerminate                       0x08006651   Thumb Code    50  rt_cmsis.o(i.svcThreadTerminate)
    svcTimerCall                             0x08006689   Thumb Code    24  rt_cmsis.o(i.svcTimerCall)
    sysMailAlloc                             0x080066a1   Thumb Code    84  rt_cmsis.o(i.sysMailAlloc)
    sysMailFree                              0x080066f9   Thumb Code    96  rt_cmsis.o(i.sysMailFree)
    sysTimerTick                             0x08006759   Thumb Code    84  rt_cmsis.o(i.sysTimerTick)
    _get_lc_numeric                          0x080067b5   Thumb Code    44  lc_numeric_c.o(locale$$code)
    _get_lc_ctype                            0x080067e1   Thumb Code    44  lc_ctype_c.o(locale$$code)
    __aeabi_d2f                              0x0800680d   Thumb Code     0  d2f.o(x$fpl$d2f)
    _d2f                                     0x0800680d   Thumb Code    98  d2f.o(x$fpl$d2f)
    __fpl_dcheck_NaN1                        0x08006871   Thumb Code    10  dcheck1.o(x$fpl$dcheck1)
    __fpl_dcmp_Inf                           0x08006881   Thumb Code    24  dcmpi.o(x$fpl$dcmpinf)
    __aeabi_cdcmpeq                          0x08006899   Thumb Code     0  deqf.o(x$fpl$deqf)
    _dcmpeq                                  0x08006899   Thumb Code   120  deqf.o(x$fpl$deqf)
    __aeabi_cdcmple                          0x08006911   Thumb Code     0  dleqf.o(x$fpl$dleqf)
    _dcmple                                  0x08006911   Thumb Code   120  dleqf.o(x$fpl$dleqf)
    __fpl_dcmple_InfNaN                      0x08006973   Thumb Code     0  dleqf.o(x$fpl$dleqf)
    __aeabi_dmul                             0x08006989   Thumb Code     0  dmul.o(x$fpl$dmul)
    _dmul                                    0x08006989   Thumb Code   332  dmul.o(x$fpl$dmul)
    __fpl_dnaninf                            0x08006add   Thumb Code   156  dnaninf.o(x$fpl$dnaninf)
    __fpl_dretinf                            0x08006b79   Thumb Code    12  dretinf.o(x$fpl$dretinf)
    __aeabi_cdrcmple                         0x08006b85   Thumb Code     0  drleqf.o(x$fpl$drleqf)
    _drcmple                                 0x08006b85   Thumb Code   108  drleqf.o(x$fpl$drleqf)
    __aeabi_f2d                              0x08006bf1   Thumb Code     0  f2d.o(x$fpl$f2d)
    _f2d                                     0x08006bf1   Thumb Code    86  f2d.o(x$fpl$f2d)
    __fpl_fnaninf                            0x08006c47   Thumb Code   140  fnaninf.o(x$fpl$fnaninf)
    _fp_init                                 0x08006cd3   Thumb Code    10  fpinit.o(x$fpl$fpinit)
    __fplib_config_fpu_vfp                   0x08006cdb   Thumb Code     0  fpinit.o(x$fpl$fpinit)
    __fplib_config_pureend_doubles           0x08006cdb   Thumb Code     0  fpinit.o(x$fpl$fpinit)
    __fpl_fretinf                            0x08006cdd   Thumb Code    10  fretinf.o(x$fpl$fretinf)
    _printf_fp_dec                           0x08006ce7   Thumb Code     4  printf1.o(x$fpl$printf1)
    __fpl_return_NaN                         0x08006ceb   Thumb Code   100  retnan.o(x$fpl$retnan)
    __ARM_scalbn                             0x08006d4f   Thumb Code    92  scalbn.o(x$fpl$scalbn)
    _scanf_real                              0x08006dab   Thumb Code     4  scanf1.o(x$fpl$scanf1)
    _scanf_hex_real                          0x08006daf   Thumb Code     4  scanf2.o(x$fpl$scanf2)
    _scanf_infnan                            0x08006db3   Thumb Code     4  scanf2.o(x$fpl$scanf2)
    __fpl_cmpreturn                          0x08006db7   Thumb Code    48  trapv.o(x$fpl$trapveneer)
    __I$use$fp                               0x08006de6   Number         0  usenofp.o(x$fpl$usenofp)
    os_mutex_def_mut_tx                      0x08006de8   Data           4  main.o(.constdata)
    os_mailQ_def_NomBAL                      0x08006dec   Data          12  main.o(.constdata)
    os_thread_def_Thread_T_gps               0x08006df8   Data          16  main.o(.constdata)
    os_thread_def_Thread_R_gps               0x08006e08   Data          16  main.o(.constdata)
    os_maxtaskrun                            0x08006e18   Data           2  rtx_conf_cm.o(.constdata)
    os_stackinfo                             0x08006e1c   Data           4  rtx_conf_cm.o(.constdata)
    os_rrobin                                0x08006e20   Data           4  rtx_conf_cm.o(.constdata)
    os_tickfreq                              0x08006e24   Data           4  rtx_conf_cm.o(.constdata)
    os_tickus_i                              0x08006e28   Data           2  rtx_conf_cm.o(.constdata)
    os_tickus_f                              0x08006e2a   Data           2  rtx_conf_cm.o(.constdata)
    os_trv                                   0x08006e2c   Data           4  rtx_conf_cm.o(.constdata)
    os_flags                                 0x08006e30   Data           1  rtx_conf_cm.o(.constdata)
    CMSIS_RTOS_API_Version                   0x08006e34   Data           4  rtx_conf_cm.o(.constdata)
    CMSIS_RTOS_RTX_Version                   0x08006e38   Data           4  rtx_conf_cm.o(.constdata)
    os_clockrate                             0x08006e3c   Data           4  rtx_conf_cm.o(.constdata)
    os_timernum                              0x08006e40   Data           4  rtx_conf_cm.o(.constdata)
    mp_tcb_size                              0x08006e44   Data           2  rtx_conf_cm.o(.constdata)
    mp_stk_size                              0x08006e48   Data           4  rtx_conf_cm.o(.constdata)
    os_stack_sz                              0x08006e4c   Data           4  rtx_conf_cm.o(.constdata)
    os_fifo_size                             0x08006e50   Data           1  rtx_conf_cm.o(.constdata)
    os_thread_def_osTimerThread              0x08006e54   Data          16  rtx_conf_cm.o(.constdata)
    os_messageQ_def_osTimerMessageQ          0x08006e64   Data           8  rtx_conf_cm.o(.constdata)
    mp_tmr_size                              0x08006e6c   Data           2  rtx_conf_cm.o(.constdata)
    os_thread_def_main                       0x08006e70   Data          16  rtx_conf_cm.o(.constdata)
    Driver_USART2                            0x08006f10   Data          56  usart_stm32f4xx.o(.constdata)
    Driver_USART3                            0x08006f48   Data          56  usart_stm32f4xx.o(.constdata)
    AHBPrescTable                            0x08006f80   Data          16  system_stm32f4xx.o(.constdata)
    APBPrescTable                            0x08006f90   Data           8  system_stm32f4xx.o(.constdata)
    Region$$Table$$Base                      0x0800702c   Number         0  anon$$obj.o(Region$$Table)
    Region$$Table$$Limit                     0x0800704c   Number         0  anon$$obj.o(Region$$Table)
    __aeabi_HUGE_VAL                         0x0800704c   Data           0  fpconst.o(c$$dinf)
    __aeabi_HUGE_VALL                        0x0800704c   Data           0  fpconst.o(c$$dinf)
    __aeabi_INFINITY                         0x0800704c   Data           0  fpconst.o(c$$dinf)
    __dInf                                   0x0800704c   Data           0  fpconst.o(c$$dinf)
    __huge_val                               0x0800704c   Data           0  fpconst.o(c$$dinf)
    __ctype                                  0x0800707d   Data           0  lc_ctype_c.o(locale$$data)
    tid_Thread_T_gps                         0x20000000   Data           4  main.o(.data)
    tid_Thread_R_gps                         0x20000004   Data           4  main.o(.data)
    ID_mut_tx                                0x20000008   Data           4  main.o(.data)
    ID_BAL                                   0x2000000c   Data           4  main.o(.data)
    os_mailQ_p_NomBAL                        0x20000010   Data           8  main.o(.data)
    osThreadId_osTimerThread                 0x20000018   Data           4  rtx_conf_cm.o(.data)
    osMessageQId_osTimerMessageQ             0x2000001c   Data           4  rtx_conf_cm.o(.data)
    os_tmr                                   0x20000020   Data           4  rtx_conf_cm.o(.data)
    m_tmr                                    0x20000024   Data           4  rtx_conf_cm.o(.data)
    uwTick                                   0x2000002c   Data           4  stm32f4xx_hal.o(.data)
    uwTickPrio                               0x20000030   Data           4  stm32f4xx_hal.o(.data)
    uwTickFreq                               0x20000034   Data           1  stm32f4xx_hal.o(.data)
    SystemCoreClock                          0x20000038   Data           4  system_stm32f4xx.o(.data)
    os_initialized                           0x2000003c   Data           1  rt_cmsis.o(.data)
    os_running                               0x2000003d   Data           1  rt_cmsis.o(.data)
    os_timer_head                            0x20000040   Data           4  rt_cmsis.o(.data)
    os_tsk                                   0x20000044   Data           8  rt_task.o(.data)
    os_tick_irqn                             0x20000050   Data           4  rt_system.o(.data)
    os_time                                  0x20000054   Data           4  rt_time.o(.data)
    os_robin                                 0x20000058   Data           8  rt_robin.o(.data)
    dbg_msg                                  0x20000060   Data           1  hal_cm.o(.data)
    os_mutex_cb_mut_tx                       0x20000064   Data          16  main.o(.bss)
    os_mailQ_q_NomBAL                        0x20000074   Data         188  main.o(.bss)
    os_mailQ_m_NomBAL                        0x20000130   Data         184  main.o(.bss)
    mp_tcb                                   0x200001e8   Data         376  rtx_conf_cm.o(.bss)
    mp_stk                                   0x20000360   Data       12016  rtx_conf_cm.o(.bss)
    os_stack_mem                             0x20003250   Data        2232  rtx_conf_cm.o(.bss)
    os_fifo                                  0x20003b08   Data         132  rtx_conf_cm.o(.bss)
    os_active_TCB                            0x20003b8c   Data          28  rtx_conf_cm.o(.bss)
    os_messageQ_q_osTimerMessageQ            0x20003ba8   Data          32  rtx_conf_cm.o(.bss)
    os_idle_TCB                              0x20003f58   Data          52  rt_task.o(.bss)
    os_rdy                                   0x20003f8c   Data          24  rt_list.o(.bss)
    os_dly                                   0x20003fa4   Data          24  rt_list.o(.bss)
    __libspace_start                         0x20003fbc   Data          96  libspace.o(.bss)
    __temporary_stack_top$libspace           0x2000401c   Data           0  libspace.o(.bss)



==============================================================================

Memory Map of the image

  Image Entry point : 0x08000189

  Load Region LR_IROM1 (Base: 0x08000000, Size: 0x000071e4, Max: 0x00100000, ABSOLUTE)

    Execution Region ER_IROM1 (Base: 0x08000000, Size: 0x00007180, Max: 0x00100000, ABSOLUTE)

    Base Addr    Size         Type   Attr      Idx    E Section Name        Object

    0x08000000   0x00000188   Data   RO         1739    RESET               startup_stm32f407xx.o
    0x08000188   0x00000008   Code   RO         3046  * !!!main             c_w.l(__main.o)
    0x08000190   0x00000034   Code   RO         3392    !!!scatter          c_w.l(__scatter.o)
    0x080001c4   0x0000001a   Code   RO         3394    !!handler_copy      c_w.l(__scatter_copy.o)
    0x080001de   0x00000002   PAD
    0x080001e0   0x0000001c   Code   RO         3396    !!handler_zi        c_w.l(__scatter_zi.o)
    0x080001fc   0x00000000   Code   RO         3031    .ARM.Collect$$_printf_percent$$00000000  c_w.l(_printf_percent.o)
    0x080001fc   0x00000006   Code   RO         3030    .ARM.Collect$$_printf_percent$$00000003  c_w.l(_printf_f.o)
    0x08000202   0x00000004   Code   RO         3067    .ARM.Collect$$_printf_percent$$00000017  c_w.l(_printf_percent_end.o)
    0x08000206   0x00000002   Code   RO         3200    .ARM.Collect$$libinit$$00000000  c_w.l(libinit.o)
    0x08000208   0x00000004   Code   RO         3201    .ARM.Collect$$libinit$$00000001  c_w.l(libinit2.o)
    0x0800020c   0x00000000   Code   RO         3204    .ARM.Collect$$libinit$$00000004  c_w.l(libinit2.o)
    0x0800020c   0x00000000   Code   RO         3207    .ARM.Collect$$libinit$$0000000A  c_w.l(libinit2.o)
    0x0800020c   0x00000000   Code   RO         3209    .ARM.Collect$$libinit$$0000000C  c_w.l(libinit2.o)
    0x0800020c   0x00000000   Code   RO         3211    .ARM.Collect$$libinit$$0000000E  c_w.l(libinit2.o)
    0x0800020c   0x00000006   Code   RO         3212    .ARM.Collect$$libinit$$0000000F  c_w.l(libinit2.o)
    0x08000212   0x00000000   Code   RO         3214    .ARM.Collect$$libinit$$00000011  c_w.l(libinit2.o)
    0x08000212   0x0000000c   Code   RO         3215    .ARM.Collect$$libinit$$00000012  c_w.l(libinit2.o)
    0x0800021e   0x00000000   Code   RO         3216    .ARM.Collect$$libinit$$00000013  c_w.l(libinit2.o)
    0x0800021e   0x00000000   Code   RO         3218    .ARM.Collect$$libinit$$00000015  c_w.l(libinit2.o)
    0x0800021e   0x0000000a   Code   RO         3219    .ARM.Collect$$libinit$$00000016  c_w.l(libinit2.o)
    0x08000228   0x00000000   Code   RO         3220    .ARM.Collect$$libinit$$00000017  c_w.l(libinit2.o)
    0x08000228   0x00000000   Code   RO         3222    .ARM.Collect$$libinit$$00000019  c_w.l(libinit2.o)
    0x08000228   0x00000000   Code   RO         3224    .ARM.Collect$$libinit$$0000001B  c_w.l(libinit2.o)
    0x08000228   0x00000000   Code   RO         3226    .ARM.Collect$$libinit$$0000001D  c_w.l(libinit2.o)
    0x08000228   0x00000000   Code   RO         3228    .ARM.Collect$$libinit$$0000001F  c_w.l(libinit2.o)
    0x08000228   0x00000000   Code   RO         3230    .ARM.Collect$$libinit$$00000021  c_w.l(libinit2.o)
    0x08000228   0x00000000   Code   RO         3232    .ARM.Collect$$libinit$$00000023  c_w.l(libinit2.o)
    0x08000228   0x00000000   Code   RO         3234    .ARM.Collect$$libinit$$00000025  c_w.l(libinit2.o)
    0x08000228   0x00000000   Code   RO         3238    .ARM.Collect$$libinit$$0000002C  c_w.l(libinit2.o)
    0x08000228   0x00000000   Code   RO         3240    .ARM.Collect$$libinit$$0000002E  c_w.l(libinit2.o)
    0x08000228   0x00000000   Code   RO         3242    .ARM.Collect$$libinit$$00000030  c_w.l(libinit2.o)
    0x08000228   0x00000000   Code   RO         3244    .ARM.Collect$$libinit$$00000032  c_w.l(libinit2.o)
    0x08000228   0x00000002   Code   RO         3245    .ARM.Collect$$libinit$$00000033  c_w.l(libinit2.o)
    0x0800022a   0x00000002   Code   RO         3246    .ARM.Collect$$libshutdown$$00000000  c_w.l(libshutdown.o)
    0x0800022c   0x00000000   Code   RO         3278    .ARM.Collect$$libshutdown$$00000002  c_w.l(libshutdown2.o)
    0x0800022c   0x00000000   Code   RO         3280    .ARM.Collect$$libshutdown$$00000004  c_w.l(libshutdown2.o)
    0x0800022c   0x00000000   Code   RO         3283    .ARM.Collect$$libshutdown$$00000007  c_w.l(libshutdown2.o)
    0x0800022c   0x00000000   Code   RO         3286    .ARM.Collect$$libshutdown$$0000000A  c_w.l(libshutdown2.o)
    0x0800022c   0x00000000   Code   RO         3288    .ARM.Collect$$libshutdown$$0000000C  c_w.l(libshutdown2.o)
    0x0800022c   0x00000000   Code   RO         3291    .ARM.Collect$$libshutdown$$0000000F  c_w.l(libshutdown2.o)
    0x0800022c   0x00000002   Code   RO         3292    .ARM.Collect$$libshutdown$$00000010  c_w.l(libshutdown2.o)
    0x0800022e   0x00000000   Code   RO         3054    .ARM.Collect$$rtentry$$00000000  c_w.l(__rtentry.o)
    0x0800022e   0x00000000   Code   RO         3080    .ARM.Collect$$rtentry$$00000002  c_w.l(__rtentry2.o)
    0x0800022e   0x00000006   Code   RO         3092    .ARM.Collect$$rtentry$$00000004  c_w.l(__rtentry4.o)
    0x08000234   0x00000000   Code   RO         3082    .ARM.Collect$$rtentry$$00000009  c_w.l(__rtentry2.o)
    0x08000234   0x00000004   Code   RO         3083    .ARM.Collect$$rtentry$$0000000A  c_w.l(__rtentry2.o)
    0x08000238   0x00000008   Code   RO         3084    .ARM.Collect$$rtentry$$0000000B  c_w.l(__rtentry2.o)
    0x08000240   0x00000008   Code   RO         3086    .ARM.Collect$$rtentry$$0000000D  c_w.l(__rtentry2.o)
    0x08000248   0x00000002   Code   RO         3055    .ARM.Collect$$rtexit$$00000000  c_w.l(rtexit.o)
    0x0800024a   0x00000000   Code   RO         3095    .ARM.Collect$$rtexit$$00000002  c_w.l(rtexit2.o)
    0x0800024a   0x00000004   Code   RO         3096    .ARM.Collect$$rtexit$$00000003  c_w.l(rtexit2.o)
    0x0800024e   0x00000006   Code   RO         3097    .ARM.Collect$$rtexit$$00000004  c_w.l(rtexit2.o)
    0x08000254   0x0000001c   Code   RO          281    .emb_text           rtx_conf_cm.o
    0x08000270   0x00000198   Code   RO         2984    .emb_text           RTX_CM4.lib(hal_cm4.o)
    0x08000408   0x00000040   Code   RO         1740    .text               startup_stm32f407xx.o
    0x08000448   0x00000008   Code   RO         2999    .text               c_w.l(libspace.o)
    0x08000450   0x000000ee   Code   RO         3002    .text               c_w.l(lludivv7m.o)
    0x0800053e   0x00000002   PAD
    0x08000540   0x00000028   Code   RO         3006    .text               c_w.l(noretval__2sprintf.o)
    0x08000568   0x00000068   Code   RO         3008    .text               c_w.l(__printf.o)
    0x080005d0   0x0000003c   Code   RO         3032    .text               c_w.l(__0sscanf.o)
    0x0800060c   0x000000e0   Code   RO         3034    .text               c_w.l(_scanf_str.o)
    0x080006ec   0x00000012   Code   RO         3036    .text               c_w.l(exit.o)
    0x080006fe   0x00000024   Code   RO         3038    .text               c_w.l(strstr.o)
    0x08000722   0x0000003e   Code   RO         3040    .text               c_w.l(strlen.o)
    0x08000760   0x0000004e   Code   RO         3042    .text               c_w.l(rt_memclr_w.o)
    0x080007ae   0x00000006   Code   RO         3044    .text               c_w.l(heapauxi.o)
    0x080007b4   0x0000041a   Code   RO         3061    .text               c_w.l(_printf_fp_dec.o)
    0x08000bce   0x00000002   PAD
    0x08000bd0   0x00000030   Code   RO         3063    .text               c_w.l(_printf_char_common.o)
    0x08000c00   0x0000000a   Code   RO         3065    .text               c_w.l(_sputc.o)
    0x08000c0a   0x00000002   PAD
    0x08000c0c   0x000004a4   Code   RO         3068    .text               c_w.l(scanf_fp.o)
    0x080010b0   0x0000002c   Code   RO         3070    .text               c_w.l(scanf_char.o)
    0x080010dc   0x00000040   Code   RO         3072    .text               c_w.l(_sgetc.o)
    0x0800111c   0x0000000a   Code   RO         3108    .text               c_w.l(rt_locale_twolibspace.o)
    0x08001126   0x00000004   Code   RO         3115    .text               c_w.l(rt_errno_addr_twolibspace.o)
    0x0800112a   0x0000008a   Code   RO         3117    .text               c_w.l(lludiv10.o)
    0x080011b4   0x00000012   Code   RO         3119    .text               c_w.l(isspace.o)
    0x080011c6   0x00000002   PAD
    0x080011c8   0x00000080   Code   RO         3121    .text               c_w.l(_printf_fp_infnan.o)
    0x08001248   0x00000374   Code   RO         3125    .text               c_w.l(_scanf.o)
    0x080015bc   0x000000dc   Code   RO         3127    .text               c_w.l(bigflt0.o)
    0x08001698   0x0000000c   Code   RO         3176    .text               c_w.l(sys_exit.o)
    0x080016a4   0x0000004a   Code   RO         3178    .text               c_w.l(sys_stackheap_outer.o)
    0x080016ee   0x00000002   PAD
    0x080016f0   0x00000010   Code   RO         3180    .text               c_w.l(rt_ctype_table.o)
    0x08001700   0x00000016   Code   RO         3182    .text               c_w.l(_rserrno.o)
    0x08001716   0x00000002   PAD
    0x08001718   0x00000318   Code   RO         3184    .text               c_w.l(scanf_hexfp.o)
    0x08001a30   0x00000134   Code   RO         3186    .text               c_w.l(scanf_infnan.o)
    0x08001b64   0x00000080   Code   RO         3192    .text               c_w.l(strcmpv7m.o)
    0x08001be4   0x00000002   Code   RO         3259    .text               c_w.l(use_no_semi.o)
    0x08001be6   0x00000000   Code   RO         3261    .text               c_w.l(indicate_semi.o)
    0x08001be6   0x00000026   Code   RO         3264    .text               c_w.l(llshl.o)
    0x08001c0c   0x0000001c   Code   RO         3266    .text               c_w.l(_chval.o)
    0x08001c28   0x0000003e   Code   RO         3130    CL$$btod_d2e        c_w.l(btod.o)
    0x08001c66   0x00000046   Code   RO         3132    CL$$btod_d2e_denorm_low  c_w.l(btod.o)
    0x08001cac   0x00000060   Code   RO         3131    CL$$btod_d2e_norm_op1  c_w.l(btod.o)
    0x08001d0c   0x00000338   Code   RO         3140    CL$$btod_div_common  c_w.l(btod.o)
    0x08002044   0x00000054   Code   RO         3138    CL$$btod_e2d        c_w.l(btod.o)
    0x08002098   0x000000c6   Code   RO         3137    CL$$btod_e2e        c_w.l(btod.o)
    0x0800215e   0x00000028   Code   RO         3134    CL$$btod_ediv       c_w.l(btod.o)
    0x08002186   0x00000028   Code   RO         3136    CL$$btod_edivd      c_w.l(btod.o)
    0x080021ae   0x00000028   Code   RO         3133    CL$$btod_emul       c_w.l(btod.o)
    0x080021d6   0x00000028   Code   RO         3135    CL$$btod_emuld      c_w.l(btod.o)
    0x080021fe   0x00000244   Code   RO         3139    CL$$btod_mult_common  c_w.l(btod.o)
    0x08002442   0x00000002   PAD
    0x08002444   0x00000004   Code   RO         2994    SVC_TABLE           RTX_CM4.lib(svc_table.o)
    0x08002448   0x00000184   Code   RO          342    i.Enable_GPIO_Clock  usart_stm32f4xx.o
    0x080025cc   0x00000004   Code   RO            4    i.Error_Handler     main.o
    0x080025d0   0x000000aa   Code   RO          934    i.HAL_DMA_Abort     stm32f4xx_hal_dma.o
    0x0800267a   0x00000002   PAD
    0x0800267c   0x00000164   Code   RO         1078    i.HAL_GPIO_DeInit   stm32f4xx_hal_gpio.o
    0x080027e0   0x00000200   Code   RO         1081    i.HAL_GPIO_Init     stm32f4xx_hal_gpio.o
    0x080029e0   0x00000010   Code   RO         1083    i.HAL_GPIO_ReadPin  stm32f4xx_hal_gpio.o
    0x080029f0   0x0000000c   Code   RO         1085    i.HAL_GPIO_WritePin  stm32f4xx_hal_gpio.o
    0x080029fc   0x0000000c   Code   RO          620    i.HAL_GetREVID      stm32f4xx_hal.o
    0x08002a08   0x0000000c   Code   RO          621    i.HAL_GetTick       stm32f4xx_hal.o
    0x08002a14   0x00000030   Code   RO          628    i.HAL_Init          stm32f4xx_hal.o
    0x08002a44   0x0000004c   Code   RO          629    i.HAL_InitTick      stm32f4xx_hal.o
    0x08002a90   0x00000002   Code   RO          631    i.HAL_MspInit       stm32f4xx_hal.o
    0x08002a92   0x00000002   PAD
    0x08002a94   0x00000044   Code   RO          795    i.HAL_NVIC_DisableIRQ  stm32f4xx_hal_cortex.o
    0x08002ad8   0x0000007c   Code   RO          802    i.HAL_NVIC_SetPriority  stm32f4xx_hal_cortex.o
    0x08002b54   0x00000028   Code   RO          803    i.HAL_NVIC_SetPriorityGrouping  stm32f4xx_hal_cortex.o
    0x08002b7c   0x00000180   Code   RO         1319    i.HAL_RCC_ClockConfig  stm32f4xx_hal_rcc.o
    0x08002cfc   0x0000000c   Code   RO         1324    i.HAL_RCC_GetHCLKFreq  stm32f4xx_hal_rcc.o
    0x08002d08   0x00000020   Code   RO         1326    i.HAL_RCC_GetPCLK1Freq  stm32f4xx_hal_rcc.o
    0x08002d28   0x000000b0   Code   RO         1328    i.HAL_RCC_GetSysClockFreq  stm32f4xx_hal_rcc.o
    0x08002dd8   0x00000448   Code   RO         1331    i.HAL_RCC_OscConfig  stm32f4xx_hal_rcc.o
    0x08003220   0x00000034   Code   RO          807    i.HAL_SYSTICK_Config  stm32f4xx_hal_cortex.o
    0x08003254   0x000000c0   Code   RO            5    i.SystemClock_Config  main.o
    0x08003314   0x000000c0   Code   RO         1747    i.SystemCoreClockUpdate  system_stm32f4xx.o
    0x080033d4   0x00000064   Code   RO         1748    i.SystemInit        system_stm32f4xx.o
    0x08003438   0x000000b8   Code   RO            6    i.Thread_R_gps      main.o
    0x080034f0   0x00000134   Code   RO            7    i.Thread_T_gps      main.o
    0x08003624   0x00000018   Code   RO          343    i.USART2_Control    usart_stm32f4xx.o
    0x0800363c   0x00000010   Code   RO          344    i.USART2_GetCapabilities  usart_stm32f4xx.o
    0x0800364c   0x00000010   Code   RO          345    i.USART2_GetModemStatus  usart_stm32f4xx.o
    0x0800365c   0x00000010   Code   RO          346    i.USART2_GetRxCount  usart_stm32f4xx.o
    0x0800366c   0x00000010   Code   RO          347    i.USART2_GetStatus  usart_stm32f4xx.o
    0x0800367c   0x00000010   Code   RO          348    i.USART2_GetTxCount  usart_stm32f4xx.o
    0x0800368c   0x00000010   Code   RO          349    i.USART2_IRQHandler  usart_stm32f4xx.o
    0x0800369c   0x00000014   Code   RO          350    i.USART2_Initialize  usart_stm32f4xx.o
    0x080036b0   0x00000014   Code   RO          351    i.USART2_PowerControl  usart_stm32f4xx.o
    0x080036c4   0x00000018   Code   RO          352    i.USART2_Receive    usart_stm32f4xx.o
    0x080036dc   0x00000018   Code   RO          353    i.USART2_Send       usart_stm32f4xx.o
    0x080036f4   0x00000014   Code   RO          354    i.USART2_SetModemControl  usart_stm32f4xx.o
    0x08003708   0x0000001c   Code   RO          355    i.USART2_Transfer   usart_stm32f4xx.o
    0x08003724   0x00000010   Code   RO          356    i.USART2_Uninitialize  usart_stm32f4xx.o
    0x08003734   0x00000018   Code   RO          357    i.USART3_Control    usart_stm32f4xx.o
    0x0800374c   0x00000010   Code   RO          358    i.USART3_GetCapabilities  usart_stm32f4xx.o
    0x0800375c   0x00000010   Code   RO          359    i.USART3_GetModemStatus  usart_stm32f4xx.o
    0x0800376c   0x00000010   Code   RO          360    i.USART3_GetRxCount  usart_stm32f4xx.o
    0x0800377c   0x00000010   Code   RO          361    i.USART3_GetStatus  usart_stm32f4xx.o
    0x0800378c   0x00000010   Code   RO          362    i.USART3_GetTxCount  usart_stm32f4xx.o
    0x0800379c   0x00000010   Code   RO          363    i.USART3_IRQHandler  usart_stm32f4xx.o
    0x080037ac   0x00000014   Code   RO          364    i.USART3_Initialize  usart_stm32f4xx.o
    0x080037c0   0x00000014   Code   RO          365    i.USART3_PowerControl  usart_stm32f4xx.o
    0x080037d4   0x00000018   Code   RO          366    i.USART3_Receive    usart_stm32f4xx.o
    0x080037ec   0x00000018   Code   RO          367    i.USART3_Send       usart_stm32f4xx.o
    0x08003804   0x00000014   Code   RO          368    i.USART3_SetModemControl  usart_stm32f4xx.o
    0x08003818   0x0000001c   Code   RO          369    i.USART3_Transfer   usart_stm32f4xx.o
    0x08003834   0x00000010   Code   RO          370    i.USART3_Uninitialize  usart_stm32f4xx.o
    0x08003844   0x000008e8   Code   RO          371    i.USART_Control     usart_stm32f4xx.o
    0x0800412c   0x00000006   Code   RO          372    i.USART_GetCapabilities  usart_stm32f4xx.o
    0x08004132   0x0000008c   Code   RO          373    i.USART_GetModemStatus  usart_stm32f4xx.o
    0x080041be   0x00000008   Code   RO          374    i.USART_GetRxCount  usart_stm32f4xx.o
    0x080041c6   0x000000d4   Code   RO          375    i.USART_GetStatus   usart_stm32f4xx.o
    0x0800429a   0x00000008   Code   RO          376    i.USART_GetTxCount  usart_stm32f4xx.o
    0x080042a2   0x00000272   Code   RO          377    i.USART_IRQHandler  usart_stm32f4xx.o
    0x08004514   0x00000092   Code   RO          378    i.USART_Initialize  usart_stm32f4xx.o
    0x080045a6   0x00000002   PAD
    0x080045a8   0x00000134   Code   RO          379    i.USART_PeripheralReset  usart_stm32f4xx.o
    0x080046dc   0x000002c8   Code   RO          380    i.USART_PowerControl  usart_stm32f4xx.o
    0x080049a4   0x000000a2   Code   RO          381    i.USART_Receive     usart_stm32f4xx.o
    0x08004a46   0x00000088   Code   RO          382    i.USART_Send        usart_stm32f4xx.o
    0x08004ace   0x0000008c   Code   RO          383    i.USART_SetModemControl  usart_stm32f4xx.o
    0x08004b5a   0x0000006a   Code   RO          384    i.USART_Transfer    usart_stm32f4xx.o
    0x08004bc4   0x0000006a   Code   RO          385    i.USART_Uninitialize  usart_stm32f4xx.o
    0x08004c2e   0x00000002   PAD
    0x08004c30   0x00000010   Code   RO          386    i.USARTx_GetVersion  usart_stm32f4xx.o
    0x08004c40   0x00000030   Code   RO         3166    i.__ARM_fpclassify  m_wm.l(fpclassify.o)
    0x08004c70   0x00000010   Code   RO          809    i.__NVIC_GetPriorityGrouping  stm32f4xx_hal_cortex.o
    0x08004c80   0x00000028   Code   RO          810    i.__NVIC_SetPriority  stm32f4xx_hal_cortex.o
    0x08004ca8   0x000000d0   Code   RO         3305    i.__hardfp_ldexp    m_wm.l(ldexp.o)
    0x08004d78   0x00000020   Code   RO         3335    i.__mathlib_dbl_overflow  m_wm.l(dunder.o)
    0x08004d98   0x00000020   Code   RO         3337    i.__mathlib_dbl_underflow  m_wm.l(dunder.o)
    0x08004db8   0x000000b8   Code   RO         3169    i.__mathlib_narrow  m_wm.l(narrow.o)
    0x08004e70   0x00000014   Code   RO         3307    i.__support_ldexp   m_wm.l(ldexp.o)
    0x08004e84   0x0000002c   Code   RO          282    i.__user_perthread_libspace  rtx_conf_cm.o
    0x08004eb0   0x00000046   Code   RO         2878    i._init_box         RTX_CM4.lib(rt_membox.o)
    0x08004ef6   0x0000000e   Code   RO         3020    i._is_digit         c_w.l(__printf_wp.o)
    0x08004f04   0x00000020   Code   RO          283    i._mutex_acquire    rtx_conf_cm.o
    0x08004f24   0x0000001c   Code   RO          285    i._mutex_release    rtx_conf_cm.o
    0x08004f40   0x00000030   Code   RO         2931    i.dbg_init          RTX_CM4.lib(hal_cm.o)
    0x08004f70   0x00000020   Code   RO         2932    i.dbg_task_notify   RTX_CM4.lib(hal_cm.o)
    0x08004f90   0x00000010   Code   RO         2933    i.dbg_task_switch   RTX_CM4.lib(hal_cm.o)
    0x08004fa0   0x0000001c   Code   RO            8    i.event_UART2       main.o
    0x08004fbc   0x0000001c   Code   RO            9    i.event_UART3       main.o
    0x08004fd8   0x0000008c   Code   RO         3255    i.frexp             m_wm.l(frexp.o)
    0x08005064   0x0000002a   Code   RO         1784    i.isrMessageGet     RTX_CM4.lib(rt_cmsis.o)
    0x0800508e   0x0000002c   Code   RO         1785    i.isrMessagePut     RTX_CM4.lib(rt_cmsis.o)
    0x080050ba   0x00000024   Code   RO         1787    i.isrSignalSet      RTX_CM4.lib(rt_cmsis.o)
    0x080050de   0x00000002   PAD
    0x080050e0   0x00000028   Code   RO         2615    i.isr_evt_set       RTX_CM4.lib(rt_event.o)
    0x08005108   0x00000056   Code   RO         2733    i.isr_mbx_receive   RTX_CM4.lib(rt_mailbox.o)
    0x0800515e   0x0000000e   Code   RO         2734    i.isr_mbx_send      RTX_CM4.lib(rt_mailbox.o)
    0x0800516c   0x00000070   Code   RO           10    i.main              main.o
    0x080051dc   0x00000018   Code   RO         1788    i.osDelay           RTX_CM4.lib(rt_cmsis.o)
    0x080051f4   0x00000024   Code   RO         1789    i.osKernelInitialize  RTX_CM4.lib(rt_cmsis.o)
    0x08005218   0x0000006c   Code   RO         1791    i.osKernelStart     RTX_CM4.lib(rt_cmsis.o)
    0x08005284   0x0000001c   Code   RO         1793    i.osMailAlloc       RTX_CM4.lib(rt_cmsis.o)
    0x080052a0   0x0000002c   Code   RO         1795    i.osMailCreate      RTX_CM4.lib(rt_cmsis.o)
    0x080052cc   0x0000001c   Code   RO         1796    i.osMailFree        RTX_CM4.lib(rt_cmsis.o)
    0x080052e8   0x00000016   Code   RO         1797    i.osMailGet         RTX_CM4.lib(rt_cmsis.o)
    0x080052fe   0x00000014   Code   RO         1798    i.osMailPut         RTX_CM4.lib(rt_cmsis.o)
    0x08005312   0x00000002   PAD
    0x08005314   0x00000018   Code   RO         1800    i.osMessageGet      RTX_CM4.lib(rt_cmsis.o)
    0x0800532c   0x00000018   Code   RO         1801    i.osMessagePut      RTX_CM4.lib(rt_cmsis.o)
    0x08005344   0x0000002c   Code   RO         1802    i.osMutexCreate     RTX_CM4.lib(rt_cmsis.o)
    0x08005370   0x00000018   Code   RO         1815    i.osSignalSet       RTX_CM4.lib(rt_cmsis.o)
    0x08005388   0x00000018   Code   RO         1816    i.osSignalWait      RTX_CM4.lib(rt_cmsis.o)
    0x080053a0   0x0000002c   Code   RO         1817    i.osThreadCreate    RTX_CM4.lib(rt_cmsis.o)
    0x080053cc   0x00000018   Code   RO         1818    i.osThreadExit      RTX_CM4.lib(rt_cmsis.o)
    0x080053e4   0x0000000c   Code   RO         1824    i.osTimerCall       RTX_CM4.lib(rt_cmsis.o)
    0x080053f0   0x0000002c   Code   RO         1829    i.osTimerThread     RTX_CM4.lib(rt_cmsis.o)
    0x0800541c   0x00000022   Code   RO          286    i.os_error          rtx_conf_cm.o
    0x0800543e   0x00000004   Code   RO          287    i.os_idle_demon     rtx_conf_cm.o
    0x08005442   0x00000002   PAD
    0x08005444   0x00000028   Code   RO         2525    i.os_tick_init      RTX_CM4.lib(rt_system.o)
    0x0800546c   0x00000002   Code   RO         2526    i.os_tick_irqack    RTX_CM4.lib(rt_system.o)
    0x0800546e   0x0000001a   Code   RO         2879    i.rt_alloc_box      RTX_CM4.lib(rt_membox.o)
    0x08005488   0x0000003e   Code   RO         2907    i.rt_alloc_mem      RTX_CM4.lib(rt_memory.o)
    0x080054c6   0x00000002   PAD
    0x080054c8   0x00000038   Code   RO         2406    i.rt_block          RTX_CM4.lib(rt_task.o)
    0x08005500   0x00000048   Code   RO         2856    i.rt_chk_robin      RTX_CM4.lib(rt_robin.o)
    0x08005548   0x00000070   Code   RO         2657    i.rt_dec_dly        RTX_CM4.lib(rt_list.o)
    0x080055b8   0x00000044   Code   RO         2407    i.rt_dispatch       RTX_CM4.lib(rt_task.o)
    0x080055fc   0x00000006   Code   RO         2823    i.rt_dly_wait       RTX_CM4.lib(rt_time.o)
    0x08005602   0x00000002   PAD
    0x08005604   0x00000050   Code   RO         2618    i.rt_evt_psh        RTX_CM4.lib(rt_event.o)
    0x08005654   0x0000005c   Code   RO         2619    i.rt_evt_set        RTX_CM4.lib(rt_event.o)
    0x080056b0   0x0000003c   Code   RO         2620    i.rt_evt_wait       RTX_CM4.lib(rt_event.o)
    0x080056ec   0x0000002c   Code   RO         2880    i.rt_free_box       RTX_CM4.lib(rt_membox.o)
    0x08005718   0x00000028   Code   RO         2908    i.rt_free_mem       RTX_CM4.lib(rt_memory.o)
    0x08005740   0x00000028   Code   RO         2658    i.rt_get_first      RTX_CM4.lib(rt_list.o)
    0x08005768   0x00000008   Code   RO         1834    i.rt_id2obj         RTX_CM4.lib(rt_cmsis.o)
    0x08005770   0x00000048   Code   RO         2408    i.rt_init_context   RTX_CM4.lib(rt_task.o)
    0x080057b8   0x0000001a   Code   RO         2909    i.rt_init_mem       RTX_CM4.lib(rt_memory.o)
    0x080057d2   0x00000002   PAD
    0x080057d4   0x00000018   Code   RO         2857    i.rt_init_robin     RTX_CM4.lib(rt_robin.o)
    0x080057ec   0x00000080   Code   RO         2934    i.rt_init_stack     RTX_CM4.lib(hal_cm.o)
    0x0800586c   0x00000008   Code   RO         2735    i.rt_mbx_check      RTX_CM4.lib(rt_mailbox.o)
    0x08005874   0x0000001a   Code   RO         2736    i.rt_mbx_init       RTX_CM4.lib(rt_mailbox.o)
    0x0800588e   0x00000002   PAD
    0x08005890   0x000000f0   Code   RO         2737    i.rt_mbx_psh        RTX_CM4.lib(rt_mailbox.o)
    0x08005980   0x00000098   Code   RO         2738    i.rt_mbx_send       RTX_CM4.lib(rt_mailbox.o)
    0x08005a18   0x000000b4   Code   RO         2739    i.rt_mbx_wait       RTX_CM4.lib(rt_mailbox.o)
    0x08005acc   0x00000044   Code   RO         1835    i.rt_ms2tick        RTX_CM4.lib(rt_cmsis.o)
    0x08005b10   0x00000010   Code   RO         2491    i.rt_mut_init       RTX_CM4.lib(rt_mutex.o)
    0x08005b20   0x000000d8   Code   RO         2492    i.rt_mut_release    RTX_CM4.lib(rt_mutex.o)
    0x08005bf8   0x00000078   Code   RO         2493    i.rt_mut_wait       RTX_CM4.lib(rt_mutex.o)
    0x08005c70   0x0000007c   Code   RO         2529    i.rt_pop_req        RTX_CM4.lib(rt_system.o)
    0x08005cec   0x00000020   Code   RO         2530    i.rt_psh_req        RTX_CM4.lib(rt_system.o)
    0x08005d0c   0x0000005c   Code   RO         2660    i.rt_psq_enq        RTX_CM4.lib(rt_list.o)
    0x08005d68   0x00000048   Code   RO         2661    i.rt_put_dly        RTX_CM4.lib(rt_list.o)
    0x08005db0   0x00000036   Code   RO         2662    i.rt_put_prio       RTX_CM4.lib(rt_list.o)
    0x08005de6   0x00000002   PAD
    0x08005de8   0x00000014   Code   RO         2663    i.rt_put_rdy_first  RTX_CM4.lib(rt_list.o)
    0x08005dfc   0x00000034   Code   RO         2664    i.rt_resort_prio    RTX_CM4.lib(rt_list.o)
    0x08005e30   0x00000010   Code   RO         2935    i.rt_ret_regs       RTX_CM4.lib(hal_cm.o)
    0x08005e40   0x0000000c   Code   RO         2936    i.rt_ret_val        RTX_CM4.lib(hal_cm.o)
    0x08005e4c   0x00000010   Code   RO         2937    i.rt_ret_val2       RTX_CM4.lib(hal_cm.o)
    0x08005e5c   0x00000028   Code   RO         2665    i.rt_rmv_dly        RTX_CM4.lib(rt_list.o)
    0x08005e84   0x00000030   Code   RO         2666    i.rt_rmv_list       RTX_CM4.lib(rt_list.o)
    0x08005eb4   0x00000034   Code   RO         2784    i.rt_sem_psh        RTX_CM4.lib(rt_semaphore.o)
    0x08005ee8   0x00000024   Code   RO         2532    i.rt_stk_check      RTX_CM4.lib(rt_system.o)
    0x08005f0c   0x00000028   Code   RO         2409    i.rt_switch_req     RTX_CM4.lib(rt_task.o)
    0x08005f34   0x000000cc   Code   RO         2410    i.rt_sys_init       RTX_CM4.lib(rt_task.o)
    0x08006000   0x00000078   Code   RO         2411    i.rt_sys_start      RTX_CM4.lib(rt_task.o)
    0x08006078   0x00000040   Code   RO         2534    i.rt_systick        RTX_CM4.lib(rt_system.o)
    0x080060b8   0x00000012   Code   RO         1836    i.rt_tid2ptcb       RTX_CM4.lib(rt_cmsis.o)
    0x080060ca   0x00000002   PAD
    0x080060cc   0x00000034   Code   RO         1837    i.rt_timer_insert   RTX_CM4.lib(rt_cmsis.o)
    0x08006100   0x00000088   Code   RO         2412    i.rt_tsk_create     RTX_CM4.lib(rt_task.o)
    0x08006188   0x0000017c   Code   RO         2413    i.rt_tsk_delete     RTX_CM4.lib(rt_task.o)
    0x08006304   0x0000007c   Code   RO         2415    i.rt_tsk_prio       RTX_CM4.lib(rt_task.o)
    0x08006380   0x00000010   Code   RO         2416    i.rt_tsk_self       RTX_CM4.lib(rt_task.o)
    0x08006390   0x00000012   Code   RO         1839    i.svcDelay          RTX_CM4.lib(rt_cmsis.o)
    0x080063a2   0x00000002   PAD
    0x080063a4   0x00000070   Code   RO         1840    i.svcKernelInitialize  RTX_CM4.lib(rt_cmsis.o)
    0x08006414   0x00000048   Code   RO         1842    i.svcKernelStart    RTX_CM4.lib(rt_cmsis.o)
    0x0800645c   0x00000042   Code   RO         1844    i.svcMailCreate     RTX_CM4.lib(rt_cmsis.o)
    0x0800649e   0x00000024   Code   RO         1845    i.svcMessageCreate  RTX_CM4.lib(rt_cmsis.o)
    0x080064c2   0x0000003a   Code   RO         1846    i.svcMessageGet     RTX_CM4.lib(rt_cmsis.o)
    0x080064fc   0x00000036   Code   RO         1847    i.svcMessagePut     RTX_CM4.lib(rt_cmsis.o)
    0x08006532   0x0000001c   Code   RO         1848    i.svcMutexCreate    RTX_CM4.lib(rt_cmsis.o)
    0x0800654e   0x00000024   Code   RO         1858    i.svcSignalSet      RTX_CM4.lib(rt_cmsis.o)
    0x08006572   0x00000002   PAD
    0x08006574   0x00000054   Code   RO         1859    i.svcSignalWait     RTX_CM4.lib(rt_cmsis.o)
    0x080065c8   0x0000006c   Code   RO         1860    i.svcThreadCreate   RTX_CM4.lib(rt_cmsis.o)
    0x08006634   0x0000001c   Code   RO         1861    i.svcThreadGetId    RTX_CM4.lib(rt_cmsis.o)
    0x08006650   0x00000038   Code   RO         1864    i.svcThreadTerminate  RTX_CM4.lib(rt_cmsis.o)
    0x08006688   0x00000018   Code   RO         1866    i.svcTimerCall      RTX_CM4.lib(rt_cmsis.o)
    0x080066a0   0x00000058   Code   RO         1871    i.sysMailAlloc      RTX_CM4.lib(rt_cmsis.o)
    0x080066f8   0x00000060   Code   RO         1872    i.sysMailFree       RTX_CM4.lib(rt_cmsis.o)
    0x08006758   0x0000005c   Code   RO         1875    i.sysTimerTick      RTX_CM4.lib(rt_cmsis.o)
    0x080067b4   0x0000002c   Code   RO         3153    locale$$code        c_w.l(lc_numeric_c.o)
    0x080067e0   0x0000002c   Code   RO         3269    locale$$code        c_w.l(lc_ctype_c.o)
    0x0800680c   0x00000062   Code   RO         3247    x$fpl$d2f           fz_wm.l(d2f.o)
    0x0800686e   0x00000002   PAD
    0x08006870   0x00000010   Code   RO         3364    x$fpl$dcheck1       fz_wm.l(dcheck1.o)
    0x08006880   0x00000018   Code   RO         3293    x$fpl$dcmpinf       fz_wm.l(dcmpi.o)
    0x08006898   0x00000078   Code   RO         3249    x$fpl$deqf          fz_wm.l(deqf.o)
    0x08006910   0x00000078   Code   RO         3295    x$fpl$dleqf         fz_wm.l(dleqf.o)
    0x08006988   0x00000154   Code   RO         3297    x$fpl$dmul          fz_wm.l(dmul.o)
    0x08006adc   0x0000009c   Code   RO         3299    x$fpl$dnaninf       fz_wm.l(dnaninf.o)
    0x08006b78   0x0000000c   Code   RO         3074    x$fpl$dretinf       fz_wm.l(dretinf.o)
    0x08006b84   0x0000006c   Code   RO         3251    x$fpl$drleqf        fz_wm.l(drleqf.o)
    0x08006bf0   0x00000056   Code   RO         3048    x$fpl$f2d           fz_wm.l(f2d.o)
    0x08006c46   0x0000008c   Code   RO         3076    x$fpl$fnaninf       fz_wm.l(fnaninf.o)
    0x08006cd2   0x0000000a   Code   RO         3301    x$fpl$fpinit        fz_wm.l(fpinit.o)
    0x08006cdc   0x0000000a   Code   RO         3303    x$fpl$fretinf       fz_wm.l(fretinf.o)
    0x08006ce6   0x00000004   Code   RO         3050    x$fpl$printf1       fz_wm.l(printf1.o)
    0x08006cea   0x00000064   Code   RO         3386    x$fpl$retnan        fz_wm.l(retnan.o)
    0x08006d4e   0x0000005c   Code   RO         3329    x$fpl$scalbn        fz_wm.l(scalbn.o)
    0x08006daa   0x00000004   Code   RO         3052    x$fpl$scanf1        fz_wm.l(scanf1.o)
    0x08006dae   0x00000008   Code   RO         3160    x$fpl$scanf2        fz_wm.l(scanf2.o)
    0x08006db6   0x00000030   Code   RO         3388    x$fpl$trapveneer    fz_wm.l(trapv.o)
    0x08006de6   0x00000000   Code   RO         3078    x$fpl$usenofp       fz_wm.l(usenofp.o)
    0x08006de6   0x00000002   PAD
    0x08006de8   0x00000030   Data   RO           12    .constdata          main.o
    0x08006e18   0x00000068   Data   RO          289    .constdata          rtx_conf_cm.o
    0x08006e80   0x00000100   Data   RO          388    .constdata          usart_stm32f4xx.o
    0x08006f80   0x00000018   Data   RO         1749    .constdata          system_stm32f4xx.o
    0x08006f98   0x00000094   Data   RO         3128    .constdata          c_w.l(bigflt0.o)
    0x0800702c   0x00000020   Data   RO         3390    Region$$Table       anon$$obj.o
    0x0800704c   0x00000008   Data   RO         3155    c$$dinf             fz_wm.l(fpconst.o)
    0x08007054   0x0000001c   Data   RO         3152    locale$$data        c_w.l(lc_numeric_c.o)
    0x08007070   0x00000110   Data   RO         3268    locale$$data        c_w.l(lc_ctype_c.o)


    Execution Region RW_IRAM1 (Base: 0x20000000, Size: 0x00004620, Max: 0x00020000, ABSOLUTE)

    Base Addr    Size         Type   Attr      Idx    E Section Name        Object

    0x20000000   0x00000018   Data   RW           13    .data               main.o
    0x20000018   0x00000014   Data   RW          290    .data               rtx_conf_cm.o
    0x2000002c   0x00000009   Data   RW          635    .data               stm32f4xx_hal.o
    0x20000035   0x00000003   PAD
    0x20000038   0x00000004   Data   RW         1750    .data               system_stm32f4xx.o
    0x2000003c   0x00000008   Data   RW         1878    .data               RTX_CM4.lib(rt_cmsis.o)
    0x20000044   0x00000008   Data   RW         2418    .data               RTX_CM4.lib(rt_task.o)
    0x2000004c   0x00000008   Data   RW         2537    .data               RTX_CM4.lib(rt_system.o)
    0x20000054   0x00000004   Data   RW         2827    .data               RTX_CM4.lib(rt_time.o)
    0x20000058   0x00000008   Data   RW         2858    .data               RTX_CM4.lib(rt_robin.o)
    0x20000060   0x00000001   Data   RW         2938    .data               RTX_CM4.lib(hal_cm.o)
    0x20000061   0x00000003   PAD
    0x20000064   0x00000184   Zero   RW           11    .bss                main.o
    0x200001e8   0x00003d00   Zero   RW          288    .bss                rtx_conf_cm.o
    0x20003ee8   0x00000070   Zero   RW          387    .bss                usart_stm32f4xx.o
    0x20003f58   0x00000034   Zero   RW         2417    .bss                RTX_CM4.lib(rt_task.o)
    0x20003f8c   0x00000030   Zero   RW         2667    .bss                RTX_CM4.lib(rt_list.o)
    0x20003fbc   0x00000060   Zero   RW         3000    .bss                c_w.l(libspace.o)
    0x2000401c   0x00000004   PAD
    0x20004020   0x00000200   Zero   RW         1738    HEAP                startup_stm32f407xx.o
    0x20004220   0x00000400   Zero   RW         1737    STACK               startup_stm32f407xx.o


==============================================================================

Image component sizes


      Code (inc. data)   RO Data    RW Data    ZI Data      Debug   Object Name

       856        132         48         24        388     667721   main.o
       170         38        104         20      15616      10019   rtx_conf_cm.o
        64         26        392          0       1536        868   startup_stm32f407xx.o
       150         26          0          9          0       4720   stm32f4xx_hal.o
       340         28          0          0          0      34744   stm32f4xx_hal_cortex.o
       170          0          0          0          0       1424   stm32f4xx_hal_dma.o
       896         86          0          0          0       4105   stm32f4xx_hal_gpio.o
      1700         74          0          0          0       5229   stm32f4xx_hal_rcc.o
       292         40         24          4          0       2067   system_stm32f4xx.o
      6044        298        256          0        112      67080   usart_stm32f4xx.o

    ----------------------------------------------------------------------
     10692        748        856         60      17652     797977   Object Totals
         0          0         32          0          0          0   (incl. Generated)
        10          0          0          3          0          0   (incl. Padding)

    ----------------------------------------------------------------------

      Code (inc. data)   RO Data    RW Data    ZI Data      Debug   Library Member Name

       268         24          0          1          0       4472   hal_cm.o
       408         34          0          0          0        816   hal_cm4.o
      1898        198          0          8          0      48025   rt_cmsis.o
       272         18          0          0          0       2810   rt_event.o
       530         34          0          0         48       8601   rt_list.o
       706         14          0          0          0       5067   rt_mailbox.o
       140          0          0          0          0       2045   rt_membox.o
       128          0          0          0          0       2419   rt_memory.o
       352         14          0          0          0       2229   rt_mutex.o
        96         22          0          8          0       1230   rt_robin.o
        52          4          0          0          0        613   rt_semaphore.o
       298         52          0          8          0       6439   rt_system.o
      1216        174          0          8         52      10045   rt_task.o
         6          0          0          4          0        692   rt_time.o
         4          4          0          0          0        200   svc_table.o
        60          8          0          0          0         84   __0sscanf.o
         8          0          0          0          0         68   __main.o
       104          0          0          0          0         84   __printf.o
        14          0          0          0          0         68   __printf_wp.o
         0          0          0          0          0          0   __rtentry.o
        20          0          0          0          0          0   __rtentry2.o
         6          0          0          0          0          0   __rtentry4.o
        52          8          0          0          0          0   __scatter.o
        26          0          0          0          0          0   __scatter_copy.o
        28          0          0          0          0          0   __scatter_zi.o
        28          0          0          0          0         68   _chval.o
        48          6          0          0          0         96   _printf_char_common.o
         6          0          0          0          0          0   _printf_f.o
      1050          0          0          0          0        216   _printf_fp_dec.o
       128         16          0          0          0         84   _printf_fp_infnan.o
         0          0          0          0          0          0   _printf_percent.o
         4          0          0          0          0          0   _printf_percent_end.o
        22          0          0          0          0        100   _rserrno.o
       884          6          0          0          0        100   _scanf.o
       224          0          0          0          0         96   _scanf_str.o
        64          0          0          0          0         84   _sgetc.o
        10          0          0          0          0         68   _sputc.o
       220          4        148          0          0         96   bigflt0.o
      2074        132          0          0          0        940   btod.o
        18          0          0          0          0         80   exit.o
         6          0          0          0          0        152   heapauxi.o
         0          0          0          0          0          0   indicate_semi.o
        18          0          0          0          0         76   isspace.o
        44         10        272          0          0         76   lc_ctype_c.o
        44         10         28          0          0         76   lc_numeric_c.o
         2          0          0          0          0          0   libinit.o
        34          0          0          0          0          0   libinit2.o
         2          0          0          0          0          0   libshutdown.o
         2          0          0          0          0          0   libshutdown2.o
         8          4          0          0         96         68   libspace.o
        38          0          0          0          0         68   llshl.o
       138          0          0          0          0         80   lludiv10.o
       238          0          0          0          0        100   lludivv7m.o
        40          6          0          0          0         84   noretval__2sprintf.o
        16          4          0          0          0         76   rt_ctype_table.o
         4          0          0          0          0         68   rt_errno_addr_twolibspace.o
        10          0          0          0          0         76   rt_locale_twolibspace.o
        78          0          0          0          0         80   rt_memclr_w.o
         2          0          0          0          0          0   rtexit.o
        10          0          0          0          0          0   rtexit2.o
        44          8          0          0          0         84   scanf_char.o
      1188         12          0          0          0        148   scanf_fp.o
       792         14          0          0          0        100   scanf_hexfp.o
       308         16          0          0          0        100   scanf_infnan.o
       128          0          0          0          0         68   strcmpv7m.o
        62          0          0          0          0         76   strlen.o
        36          0          0          0          0         80   strstr.o
        12          4          0          0          0         68   sys_exit.o
        74          0          0          0          0         80   sys_stackheap_outer.o
         2          0          0          0          0         68   use_no_semi.o
        98          4          0          0          0        140   d2f.o
        16          4          0          0          0        116   dcheck1.o
        24          0          0          0          0        116   dcmpi.o
       120          4          0          0          0        140   deqf.o
       120          4          0          0          0        140   dleqf.o
       340         12          0          0          0        152   dmul.o
       156          4          0          0          0        140   dnaninf.o
        12          0          0          0          0        116   dretinf.o
       108          0          0          0          0        128   drleqf.o
        86          4          0          0          0        132   f2d.o
       140          4          0          0          0        132   fnaninf.o
         0          0          8          0          0          0   fpconst.o
        10          0          0          0          0        116   fpinit.o
        10          0          0          0          0        116   fretinf.o
         4          0          0          0          0        116   printf1.o
       100          0          0          0          0        116   retnan.o
        92          0          0          0          0        116   scalbn.o
         4          0          0          0          0        116   scanf1.o
         8          0          0          0          0        132   scanf2.o
        48          0          0          0          0        116   trapv.o
         0          0          0          0          0          0   usenofp.o
        64         16          0          0          0        248   dunder.o
        48          0          0          0          0        124   fpclassify.o
       140         22          0          0          0        132   frexp.o
       228          8          0          0          0        308   ldexp.o
       184         18          0          0          0        152   narrow.o

    ----------------------------------------------------------------------
     17052        964        456         40        200     103347   Library Totals
        40          0          0          3          4          0   (incl. Padding)

    ----------------------------------------------------------------------

      Code (inc. data)   RO Data    RW Data    ZI Data      Debug   Library Name

      6374        592          0         37        100      95703   RTX_CM4.lib
      8478        268        448          0         96       4284   c_w.l
      1496         40          8          0          0       2396   fz_wm.l
       664         64          0          0          0        964   m_wm.l

    ----------------------------------------------------------------------
     17052        964        456         40        200     103347   Library Totals

    ----------------------------------------------------------------------

==============================================================================


      Code (inc. data)   RO Data    RW Data    ZI Data      Debug   

     27744       1712       1312        100      17852     879532   Grand Totals
     27744       1712       1312        100      17852     879532   ELF Image Totals
     27744       1712       1312        100          0          0   ROM Totals

==============================================================================

    Total RO  Size (Code + RO Data)                29056 (  28.38kB)
    Total RW  Size (RW Data + ZI Data)             17952 (  17.53kB)
    Total ROM Size (Code + RO Data + RW Data)      29156 (  28.47kB)

==============================================================================

