Component: ARM Compiler 5.06 update 1 (build 61) Tool: armlink [4d35a8]

==============================================================================

Section Cross References

    gpsscreen.o(i.main) refers to glcd_mcb1700.o(i.GLCD_Initialize) for GLCD_Initialize
    gpsscreen.o(i.main) refers to glcd_mcb1700.o(i.GLCD_ClearScreen) for GLCD_ClearScreen
    gpsscreen.o(i.main) refers to glcd_mcb1700.o(i.GLCD_SetFont) for GLCD_SetFont
    gpsscreen.o(i.main) refers to glcd_mcb1700.o(i.GLCD_DrawRectangle) for GLCD_DrawRectangle
    gpsscreen.o(i.main) refers to glcd_mcb1700.o(i.GLCD_SetForegroundColor) for GLCD_SetForegroundColor
    gpsscreen.o(i.main) refers to ffix.o(x$fpl$ffix) for __aeabi_f2iz
    gpsscreen.o(i.main) refers to f2d.o(x$fpl$f2d) for __aeabi_f2d
    gpsscreen.o(i.main) refers to ddiv.o(x$fpl$ddiv) for __aeabi_ddiv
    gpsscreen.o(i.main) refers to d2f.o(x$fpl$d2f) for __aeabi_d2f
    gpsscreen.o(i.main) refers to ffixu.o(x$fpl$ffixu) for __aeabi_f2uiz
    gpsscreen.o(i.main) refers to glcd_fonts.o(.constdata) for GLCD_Font_16x24
    glcd_mcb1700.o(i.GLCD_ClearScreen) refers to glcd_mcb1700.o(i.GLCD_SetWindow) for GLCD_SetWindow
    glcd_mcb1700.o(i.GLCD_ClearScreen) refers to glcd_mcb1700.o(i.wr_cmd) for wr_cmd
    glcd_mcb1700.o(i.GLCD_ClearScreen) refers to glcd_mcb1700.o(i.wr_dat_start) for wr_dat_start
    glcd_mcb1700.o(i.GLCD_ClearScreen) refers to glcd_mcb1700.o(i.wr_dat_only) for wr_dat_only
    glcd_mcb1700.o(i.GLCD_ClearScreen) refers to glcd_mcb1700.o(i.wr_dat_stop) for wr_dat_stop
    glcd_mcb1700.o(i.GLCD_ClearScreen) refers to glcd_mcb1700.o(.data) for background_color
    glcd_mcb1700.o(i.GLCD_DrawBargraph) refers to glcd_mcb1700.o(i.GLCD_SetWindow) for GLCD_SetWindow
    glcd_mcb1700.o(i.GLCD_DrawBargraph) refers to glcd_mcb1700.o(i.wr_cmd) for wr_cmd
    glcd_mcb1700.o(i.GLCD_DrawBargraph) refers to glcd_mcb1700.o(i.wr_dat_start) for wr_dat_start
    glcd_mcb1700.o(i.GLCD_DrawBargraph) refers to glcd_mcb1700.o(i.wr_dat_only) for wr_dat_only
    glcd_mcb1700.o(i.GLCD_DrawBargraph) refers to glcd_mcb1700.o(i.wr_dat_stop) for wr_dat_stop
    glcd_mcb1700.o(i.GLCD_DrawBargraph) refers to glcd_mcb1700.o(.data) for background_color
    glcd_mcb1700.o(i.GLCD_DrawBitmap) refers to glcd_mcb1700.o(i.GLCD_SetWindow) for GLCD_SetWindow
    glcd_mcb1700.o(i.GLCD_DrawBitmap) refers to glcd_mcb1700.o(i.wr_cmd) for wr_cmd
    glcd_mcb1700.o(i.GLCD_DrawBitmap) refers to glcd_mcb1700.o(i.wr_dat_start) for wr_dat_start
    glcd_mcb1700.o(i.GLCD_DrawBitmap) refers to glcd_mcb1700.o(i.wr_dat_only) for wr_dat_only
    glcd_mcb1700.o(i.GLCD_DrawBitmap) refers to glcd_mcb1700.o(i.wr_dat_stop) for wr_dat_stop
    glcd_mcb1700.o(i.GLCD_DrawChar) refers to glcd_mcb1700.o(i.GLCD_SetWindow) for GLCD_SetWindow
    glcd_mcb1700.o(i.GLCD_DrawChar) refers to glcd_mcb1700.o(i.wr_cmd) for wr_cmd
    glcd_mcb1700.o(i.GLCD_DrawChar) refers to glcd_mcb1700.o(i.wr_dat_start) for wr_dat_start
    glcd_mcb1700.o(i.GLCD_DrawChar) refers to glcd_mcb1700.o(i.wr_dat_only) for wr_dat_only
    glcd_mcb1700.o(i.GLCD_DrawChar) refers to glcd_mcb1700.o(i.wr_dat_stop) for wr_dat_stop
    glcd_mcb1700.o(i.GLCD_DrawChar) refers to glcd_mcb1700.o(.data) for active_font
    glcd_mcb1700.o(i.GLCD_DrawHLine) refers to glcd_mcb1700.o(i.GLCD_SetWindow) for GLCD_SetWindow
    glcd_mcb1700.o(i.GLCD_DrawHLine) refers to glcd_mcb1700.o(i.wr_cmd) for wr_cmd
    glcd_mcb1700.o(i.GLCD_DrawHLine) refers to glcd_mcb1700.o(i.wr_dat_start) for wr_dat_start
    glcd_mcb1700.o(i.GLCD_DrawHLine) refers to glcd_mcb1700.o(i.wr_dat_only) for wr_dat_only
    glcd_mcb1700.o(i.GLCD_DrawHLine) refers to glcd_mcb1700.o(i.wr_dat_stop) for wr_dat_stop
    glcd_mcb1700.o(i.GLCD_DrawHLine) refers to glcd_mcb1700.o(.data) for foreground_color
    glcd_mcb1700.o(i.GLCD_DrawPixel) refers to glcd_mcb1700.o(i.GLCD_SetWindow) for GLCD_SetWindow
    glcd_mcb1700.o(i.GLCD_DrawPixel) refers to glcd_mcb1700.o(i.wr_reg) for wr_reg
    glcd_mcb1700.o(i.GLCD_DrawPixel) refers to glcd_mcb1700.o(i.wr_cmd) for wr_cmd
    glcd_mcb1700.o(i.GLCD_DrawPixel) refers to glcd_mcb1700.o(.data) for Himax
    glcd_mcb1700.o(i.GLCD_DrawPixel) refers to ssp_lpc17xx.o(.constdata) for Driver_SPI1
    glcd_mcb1700.o(i.GLCD_DrawRectangle) refers to glcd_mcb1700.o(i.GLCD_DrawHLine) for GLCD_DrawHLine
    glcd_mcb1700.o(i.GLCD_DrawRectangle) refers to glcd_mcb1700.o(i.GLCD_DrawVLine) for GLCD_DrawVLine
    glcd_mcb1700.o(i.GLCD_DrawString) refers to glcd_mcb1700.o(i.GLCD_DrawChar) for GLCD_DrawChar
    glcd_mcb1700.o(i.GLCD_DrawString) refers to glcd_mcb1700.o(.data) for active_font
    glcd_mcb1700.o(i.GLCD_DrawVLine) refers to glcd_mcb1700.o(i.GLCD_SetWindow) for GLCD_SetWindow
    glcd_mcb1700.o(i.GLCD_DrawVLine) refers to glcd_mcb1700.o(i.wr_cmd) for wr_cmd
    glcd_mcb1700.o(i.GLCD_DrawVLine) refers to glcd_mcb1700.o(i.wr_dat_start) for wr_dat_start
    glcd_mcb1700.o(i.GLCD_DrawVLine) refers to glcd_mcb1700.o(i.wr_dat_only) for wr_dat_only
[...]
    i.SPI_Transfer                           0x000035e4   Section        0  spi_lpc17xx.o(i.SPI_Transfer)
    SPI_Transfer                             0x000035e5   Thumb Code   276  spi_lpc17xx.o(i.SPI_Transfer)
    i.SPI_Uninitialize                       0x000036fc   Section        0  spi_lpc17xx.o(i.SPI_Uninitialize)
    SPI_Uninitialize                         0x000036fd   Thumb Code   150  spi_lpc17xx.o(i.SPI_Uninitialize)
    i.SSP1_Control                           0x00003798   Section        0  ssp_lpc17xx.o(i.SSP1_Control)
    SSP1_Control                             0x00003799   Thumb Code    18  ssp_lpc17xx.o(i.SSP1_Control)
    i.SSP1_GPDMA_Rx_SignalEvent              0x000037b0   Section        0  ssp_lpc17xx.o(i.SSP1_GPDMA_Rx_SignalEvent)
    i.SSP1_GPDMA_Tx_SignalEvent              0x000037c4   Section        0  ssp_lpc17xx.o(i.SSP1_GPDMA_Tx_SignalEvent)
    i.SSP1_GetDataCount                      0x000037d8   Section        0  ssp_lpc17xx.o(i.SSP1_GetDataCount)
    SSP1_GetDataCount                        0x000037d9   Thumb Code    10  ssp_lpc17xx.o(i.SSP1_GetDataCount)
    i.SSP1_GetStatus                         0x000037e8   Section        0  ssp_lpc17xx.o(i.SSP1_GetStatus)
    SSP1_GetStatus                           0x000037e9   Thumb Code    12  ssp_lpc17xx.o(i.SSP1_GetStatus)
    i.SSP1_IRQHandler                        0x000037f8   Section        0  ssp_lpc17xx.o(i.SSP1_IRQHandler)
    i.SSP1_Initialize                        0x00003808   Section        0  ssp_lpc17xx.o(i.SSP1_Initialize)
    SSP1_Initialize                          0x00003809   Thumb Code    14  ssp_lpc17xx.o(i.SSP1_Initialize)
    i.SSP1_PowerControl                      0x0000381c   Section        0  ssp_lpc17xx.o(i.SSP1_PowerControl)
    SSP1_PowerControl                        0x0000381d   Thumb Code    14  ssp_lpc17xx.o(i.SSP1_PowerControl)
    i.SSP1_Receive                           0x00003830   Section        0  ssp_lpc17xx.o(i.SSP1_Receive)
    SSP1_Receive                             0x00003831   Thumb Code    18  ssp_lpc17xx.o(i.SSP1_Receive)
    i.SSP1_Send                              0x00003848   Section        0  ssp_lpc17xx.o(i.SSP1_Send)
    SSP1_Send                                0x00003849   Thumb Code    18  ssp_lpc17xx.o(i.SSP1_Send)
    i.SSP1_Transfer                          0x00003860   Section        0  ssp_lpc17xx.o(i.SSP1_Transfer)
    SSP1_Transfer                            0x00003861   Thumb Code    22  ssp_lpc17xx.o(i.SSP1_Transfer)
    i.SSP1_Uninitialize                      0x0000387c   Section        0  ssp_lpc17xx.o(i.SSP1_Uninitialize)
    SSP1_Uninitialize                        0x0000387d   Thumb Code    10  ssp_lpc17xx.o(i.SSP1_Uninitialize)
    i.SSP_GetCapabilities                    0x0000388c   Section        0  ssp_lpc17xx.o(i.SSP_GetCapabilities)
    SSP_GetCapabilities                      0x0000388d   Thumb Code     6  ssp_lpc17xx.o(i.SSP_GetCapabilities)
    i.SSP_GetVersion                         0x00003898   Section        0  ssp_lpc17xx.o(i.SSP_GetVersion)
    SSP_GetVersion                           0x00003899   Thumb Code    10  ssp_lpc17xx.o(i.SSP_GetVersion)
    i.SSPx_Control                           0x000038a8   Section        0  ssp_lpc17xx.o(i.SSPx_Control)
    SSPx_Control                             0x000038a9   Thumb Code  1310  ssp_lpc17xx.o(i.SSPx_Control)
    i.SSPx_GPDMA_Rx_SignalEvent              0x00003dc6   Section        0  ssp_lpc17xx.o(i.SSPx_GPDMA_Rx_SignalEvent)
    i.SSPx_GPDMA_Tx_SignalEvent              0x00003dfc   Section        0  ssp_lpc17xx.o(i.SSPx_GPDMA_Tx_SignalEvent)
    i.SSPx_GetDataCount                      0x00003e18   Section        0  ssp_lpc17xx.o(i.SSPx_GetDataCount)
    SSPx_GetDataCount                        0x00003e19   Thumb Code    44  ssp_lpc17xx.o(i.SSPx_GetDataCount)
    i.SSPx_GetStatus                         0x00003e44   Section        0  ssp_lpc17xx.o(i.SSPx_GetStatus)
    SSPx_GetStatus                           0x00003e45   Thumb Code    90  ssp_lpc17xx.o(i.SSPx_GetStatus)
    i.SSPx_IRQHandler                        0x00003e9e   Section        0  ssp_lpc17xx.o(i.SSPx_IRQHandler)
    SSPx_IRQHandler                          0x00003e9f   Thumb Code   260  ssp_lpc17xx.o(i.SSPx_IRQHandler)
    i.SSPx_Initialize                        0x00003fa2   Section        0  ssp_lpc17xx.o(i.SSPx_Initialize)
    SSPx_Initialize                          0x00003fa3   Thumb Code   168  ssp_lpc17xx.o(i.SSPx_Initialize)
    i.SSPx_PowerControl                      0x0000404c   Section        0  ssp_lpc17xx.o(i.SSPx_PowerControl)
    SSPx_PowerControl                        0x0000404d   Thumb Code   466  ssp_lpc17xx.o(i.SSPx_PowerControl)
    i.SSPx_Receive                           0x00004224   Section        0  ssp_lpc17xx.o(i.SSPx_Receive)
    SSPx_Receive                             0x00004225   Thumb Code   344  ssp_lpc17xx.o(i.SSPx_Receive)
    i.SSPx_Send                              0x00004380   Section        0  ssp_lpc17xx.o(i.SSPx_Send)
    SSPx_Send                                0x00004381   Thumb Code   336  ssp_lpc17xx.o(i.SSPx_Send)
    i.SSPx_Transfer                          0x000044d4   Section        0  ssp_lpc17xx.o(i.SSPx_Transfer)
    SSPx_Transfer                            0x000044d5   Thumb Code   338  ssp_lpc17xx.o(i.SSPx_Transfer)
    i.SSPx_Uninitialize                      0x00004626   Section        0  ssp_lpc17xx.o(i.SSPx_Uninitialize)
    SSPx_Uninitialize                        0x00004627   Thumb Code   112  ssp_lpc17xx.o(i.SSPx_Uninitialize)
    i.Set_Channel_active_flag                0x00004698   Section        0  gpdma_lpc17xx.o(i.Set_Channel_active_flag)
    Set_Channel_active_flag                  0x00004699   Thumb Code    50  gpdma_lpc17xx.o(i.Set_Channel_active_flag)
    i.SystemInit                             0x000046d0   Section        0  system_lpc17xx.o(i.SystemInit)
    i.__NVIC_ClearPendingIRQ                 0x00004810   Section        0  spi_lpc17xx.o(i.__NVIC_ClearPendingIRQ)
    __NVIC_ClearPendingIRQ                   0x00004811   Thumb Code    22  spi_lpc17xx.o(i.__NVIC_ClearPendingIRQ)
    i.__NVIC_ClearPendingIRQ                 0x0000482c   Section        0  ssp_lpc17xx.o(i.__NVIC_ClearPendingIRQ)
    __NVIC_ClearPendingIRQ                   0x0000482d   Thumb Code    22  ssp_lpc17xx.o(i.__NVIC_ClearPendingIRQ)
    i.__NVIC_ClearPendingIRQ                 0x00004848   Section        0  gpdma_lpc17xx.o(i.__NVIC_ClearPendingIRQ)
    __NVIC_ClearPendingIRQ                   0x00004849   Thumb Code    22  gpdma_lpc17xx.o(i.__NVIC_ClearPendingIRQ)
    i._init_box                              0x00004864   Section        0  rt_membox.o(i._init_box)
    i._mutex_acquire                         0x000048ac   Section        0  rtx_conf_cm.o(i._mutex_acquire)
    __tagsym$$used                           0x000048ad   Number         0  rtx_conf_cm.o(i._mutex_acquire)
    i._mutex_release                         0x000048cc   Section        0  rtx_conf_cm.o(i._mutex_release)
    __tagsym$$used                           0x000048cd   Number         0  rtx_conf_cm.o(i._mutex_release)
    i.dbg_init                               0x000048e8   Section        0  hal_cm.o(i.dbg_init)
    i.dbg_task_notify                        0x00004918   Section        0  hal_cm.o(i.dbg_task_notify)
    i.dbg_task_switch                        0x00004938   Section        0  hal_cm.o(i.dbg_task_switch)
    i.delay_ms                               0x00004948   Section        0  glcd_mcb1700.o(i.delay_ms)
    delay_ms                                 0x00004949   Thumb Code    42  glcd_mcb1700.o(i.delay_ms)
    i.isrMessageGet                          0x00004978   Section        0  rt_cmsis.o(i.isrMessageGet)
    i.isrMessagePut                          0x000049a2   Section        0  rt_cmsis.o(i.isrMessagePut)
    i.isr_mbx_receive                        0x000049d0   Section        0  rt_mailbox.o(i.isr_mbx_receive)
    i.isr_mbx_send                           0x00004a26   Section        0  rt_mailbox.o(i.isr_mbx_send)
    i.main                                   0x00004a34   Section        0  gpsscreen.o(i.main)
    i.osKernelInitialize                     0x00004b34   Section        0  rt_cmsis.o(i.osKernelInitialize)
    i.osKernelStart                          0x00004b58   Section        0  rt_cmsis.o(i.osKernelStart)
    i.osMessageGet                           0x00004bc4   Section        0  rt_cmsis.o(i.osMessageGet)
    i.osThreadCreate                         0x00004bdc   Section        0  rt_cmsis.o(i.osThreadCreate)
    i.osThreadExit                           0x00004c08   Section        0  rt_cmsis.o(i.osThreadExit)
    i.osTimerCall                            0x00004c20   Section        0  rt_cmsis.o(i.osTimerCall)
    i.osTimerThread                          0x00004c2c   Section        0  rt_cmsis.o(i.osTimerThread)
    i.os_error                               0x00004c58   Section        0  rtx_conf_cm.o(i.os_error)
    i.os_idle_demon                          0x00004c7a   Section        0  rtx_conf_cm.o(i.os_idle_demon)
    i.os_tick_init                           0x00004c80   Section        0  rt_system.o(i.os_tick_init)
    i.rd_id_man                              0x00004ca8   Section        0  glcd_mcb1700.o(i.rd_id_man)
    rd_id_man                                0x00004ca9   Thumb Code   196  glcd_mcb1700.o(i.rd_id_man)
    i.rt_alloc_box                           0x00004d70   Section        0  rt_membox.o(i.rt_alloc_box)
    i.rt_alloc_mem                           0x00004d8a   Section        0  rt_memory.o(i.rt_alloc_mem)
    i.rt_block                               0x00004dc8   Section        0  rt_task.o(i.rt_block)
    i.rt_chk_robin                           0x00004e00   Section        0  rt_robin.o(i.rt_chk_robin)
    i.rt_dec_dly                             0x00004e48   Section        0  rt_list.o(i.rt_dec_dly)
    i.rt_dispatch                            0x00004eb8   Section        0  rt_task.o(i.rt_dispatch)
    i.rt_evt_psh                             0x00004efc   Section        0  rt_event.o(i.rt_evt_psh)
    i.rt_free_box                            0x00004f4c   Section        0  rt_membox.o(i.rt_free_box)
    i.rt_free_mem                            0x00004f78   Section        0  rt_memory.o(i.rt_free_mem)
    i.rt_get_first                           0x00004fa0   Section        0  rt_list.o(i.rt_get_first)
    i.rt_id2obj                              0x00004fc8   Section        0  rt_cmsis.o(i.rt_id2obj)
    rt_id2obj                                0x00004fc9   Thumb Code     8  rt_cmsis.o(i.rt_id2obj)
    i.rt_init_context                        0x00004fd0   Section        0  rt_task.o(i.rt_init_context)
    rt_init_context                          0x00004fd1   Thumb Code    66  rt_task.o(i.rt_init_context)
    i.rt_init_mem                            0x00005018   Section        0  rt_memory.o(i.rt_init_mem)
    i.rt_init_robin                          0x00005034   Section        0  rt_robin.o(i.rt_init_robin)
    i.rt_init_stack                          0x0000504c   Section        0  hal_cm.o(i.rt_init_stack)
    i.rt_mbx_check                           0x000050cc   Section        0  rt_mailbox.o(i.rt_mbx_check)
    i.rt_mbx_init                            0x000050d4   Section        0  rt_mailbox.o(i.rt_mbx_init)
    i.rt_mbx_psh                             0x000050f0   Section        0  rt_mailbox.o(i.rt_mbx_psh)
    i.rt_mbx_wait                            0x000051e0   Section        0  rt_mailbox.o(i.rt_mbx_wait)
    i.rt_ms2tick                             0x00005294   Section        0  rt_cmsis.o(i.rt_ms2tick)
    rt_ms2tick                               0x00005295   Thumb Code    58  rt_cmsis.o(i.rt_ms2tick)
    i.rt_mut_release                         0x000052d8   Section        0  rt_mutex.o(i.rt_mut_release)
    i.rt_mut_wait                            0x000053b0   Section        0  rt_mutex.o(i.rt_mut_wait)
    i.rt_pop_req                             0x00005428   Section        0  rt_system.o(i.rt_pop_req)
    i.rt_psh_req                             0x000054a4   Section        0  rt_system.o(i.rt_psh_req)
    i.rt_psq_enq                             0x000054c4   Section        0  rt_list.o(i.rt_psq_enq)
    i.rt_put_dly                             0x00005520   Section        0  rt_list.o(i.rt_put_dly)
    i.rt_put_prio                            0x00005568   Section        0  rt_list.o(i.rt_put_prio)
    i.rt_put_rdy_first                       0x000055a0   Section        0  rt_list.o(i.rt_put_rdy_first)
    i.rt_resort_prio                         0x000055b4   Section        0  rt_list.o(i.rt_resort_prio)
    i.rt_ret_val                             0x000055e8   Section        0  hal_cm.o(i.rt_ret_val)
    i.rt_ret_val2                            0x000055ee   Section        0  hal_cm.o(i.rt_ret_val2)
    i.rt_rmv_dly                             0x000055f6   Section        0  rt_list.o(i.rt_rmv_dly)
    i.rt_rmv_list                            0x00005620   Section        0  rt_list.o(i.rt_rmv_list)
    i.rt_sem_psh                             0x00005650   Section        0  rt_semaphore.o(i.rt_sem_psh)
    i.rt_stk_check                           0x00005684   Section        0  rt_system.o(i.rt_stk_check)
    i.rt_switch_req                          0x000056a8   Section        0  rt_task.o(i.rt_switch_req)
    i.rt_sys_init                            0x000056d0   Section        0  rt_task.o(i.rt_sys_init)
    i.rt_sys_start                           0x0000579c   Section        0  rt_task.o(i.rt_sys_start)
    i.rt_systick                             0x00005814   Section        0  rt_system.o(i.rt_systick)
    i.rt_tid2ptcb                            0x00005854   Section        0  rt_cmsis.o(i.rt_tid2ptcb)
    rt_tid2ptcb                              0x00005855   Thumb Code    18  rt_cmsis.o(i.rt_tid2ptcb)
    i.rt_timer_insert                        0x00005868   Section        0  rt_cmsis.o(i.rt_timer_insert)
    rt_timer_insert                          0x00005869   Thumb Code    48  rt_cmsis.o(i.rt_timer_insert)
    i.rt_tsk_create                          0x0000589c   Section        0  rt_task.o(i.rt_tsk_create)
    i.rt_tsk_delete                          0x00005924   Section        0  rt_task.o(i.rt_tsk_delete)
    i.rt_tsk_prio                            0x00005aa0   Section        0  rt_task.o(i.rt_tsk_prio)
    i.rt_tsk_self                            0x00005b1c   Section        0  rt_task.o(i.rt_tsk_self)
    i.spi_tran                               0x00005b2c   Section        0  glcd_mcb1700.o(i.spi_tran)
    spi_tran                                 0x00005b2d   Thumb Code    40  glcd_mcb1700.o(i.spi_tran)
    i.spi_tran_man                           0x00005b58   Section        0  glcd_mcb1700.o(i.spi_tran_man)
    spi_tran_man                             0x00005b59   Thumb Code   132  glcd_mcb1700.o(i.spi_tran_man)
    i.svcKernelInitialize                    0x00005be0   Section        0  rt_cmsis.o(i.svcKernelInitialize)
    i.svcKernelStart                         0x00005c50   Section        0  rt_cmsis.o(i.svcKernelStart)
    i.svcMessageCreate                       0x00005c98   Section        0  rt_cmsis.o(i.svcMessageCreate)
    i.svcMessageGet                          0x00005cbc   Section        0  rt_cmsis.o(i.svcMessageGet)
    i.svcThreadCreate                        0x00005cf8   Section        0  rt_cmsis.o(i.svcThreadCreate)
    i.svcThreadGetId                         0x00005d64   Section        0  rt_cmsis.o(i.svcThreadGetId)
    i.svcThreadTerminate                     0x00005d80   Section        0  rt_cmsis.o(i.svcThreadTerminate)
    i.svcTimerCall                           0x00005db8   Section        0  rt_cmsis.o(i.svcTimerCall)
    i.sysTimerTick                           0x00005dd0   Section        0  rt_cmsis.o(i.sysTimerTick)
    i.wr_cmd                                 0x00005e2c   Section        0  glcd_mcb1700.o(i.wr_cmd)
    wr_cmd                                   0x00005e2d   Thumb Code    70  glcd_mcb1700.o(i.wr_cmd)
    i.wr_dat_only                            0x00005e78   Section        0  glcd_mcb1700.o(i.wr_dat_only)
    wr_dat_only                              0x00005e79   Thumb Code    46  glcd_mcb1700.o(i.wr_dat_only)
    i.wr_dat_start                           0x00005eac   Section        0  glcd_mcb1700.o(i.wr_dat_start)
    wr_dat_start                             0x00005ead   Thumb Code    20  glcd_mcb1700.o(i.wr_dat_start)
    i.wr_dat_stop                            0x00005ec4   Section        0  glcd_mcb1700.o(i.wr_dat_stop)
    wr_dat_stop                              0x00005ec5   Thumb Code    14  glcd_mcb1700.o(i.wr_dat_stop)
    i.wr_reg                                 0x00005ed8   Section        0  glcd_mcb1700.o(i.wr_reg)
    wr_reg                                   0x00005ed9   Thumb Code   140  glcd_mcb1700.o(i.wr_reg)
    x$fpl$d2f                                0x00005f68   Section       98  d2f.o(x$fpl$d2f)
    x$fpl$ddiv                               0x00005fcc   Section      688  ddiv.o(x$fpl$ddiv)
    ddiv_entry                               0x00005fd3   Thumb Code     0  ddiv.o(x$fpl$ddiv)
    x$fpl$dnaninf                            0x0000627c   Section      156  dnaninf.o(x$fpl$dnaninf)
    x$fpl$dretinf                            0x00006318   Section       12  dretinf.o(x$fpl$dretinf)
    x$fpl$f2d                                0x00006324   Section       86  f2d.o(x$fpl$f2d)
    x$fpl$ffix                               0x0000637c   Section       54  ffix.o(x$fpl$ffix)
    x$fpl$ffixu                              0x000063b4   Section       62  ffixu.o(x$fpl$ffixu)
    x$fpl$fnaninf                            0x000063f2   Section      140  fnaninf.o(x$fpl$fnaninf)
    x$fpl$fretinf                            0x0000647e   Section       10  fretinf.o(x$fpl$fretinf)
    .constdata                               0x00006488   Section     6304  glcd_fonts.o(.constdata)
    x$fpl$usenofp                            0x00006488   Section        0  usenofp.o(x$fpl$usenofp)
    Font_6x8_h                               0x00006488   Data         896  glcd_fonts.o(.constdata)
    Font_16x24_h                             0x00006808   Data        5376  glcd_fonts.o(.constdata)
    .constdata                               0x00007d28   Section        8  glcd_mcb1700.o(.constdata)
    spi1_pins                                0x00007d28   Data           8  glcd_mcb1700.o(.constdata)
    .constdata                               0x00007d30   Section      104  rtx_conf_cm.o(.constdata)
    __tagsym$$used                           0x00007d4c   Number         0  rtx_conf_cm.o(.constdata)
    __tagsym$$used                           0x00007d50   Number         0  rtx_conf_cm.o(.constdata)
    __tagsym$$used                           0x00007d54   Number         0  rtx_conf_cm.o(.constdata)
    __tagsym$$used                           0x00007d58   Number         0  rtx_conf_cm.o(.constdata)
    .constdata                               0x00007d98   Section       84  can_lpc17xx.o(.constdata)
    can_driver_version                       0x00007d98   Data           4  can_lpc17xx.o(.constdata)
    can_driver_capabilities                  0x00007d9c   Data           4  can_lpc17xx.o(.constdata)
    can_object_capabilities_rx               0x00007da0   Data           4  can_lpc17xx.o(.constdata)
    can_object_capabilities_tx               0x00007da4   Data           4  can_lpc17xx.o(.constdata)
    ptr_CANx                                 0x00007da8   Data           8  can_lpc17xx.o(.constdata)
    .constdata                               0x00007dec   Section      116  spi_lpc17xx.o(.constdata)
    DriverVersion                            0x00007dec   Data           4  spi_lpc17xx.o(.constdata)
    DriverCapabilities                       0x00007df0   Data           4  spi_lpc17xx.o(.constdata)
    SPI_pin_sck                              0x00007df4   Data           2  spi_lpc17xx.o(.constdata)
    SPI_pin_miso                             0x00007df6   Data           2  spi_lpc17xx.o(.constdata)
    SPI_pin_mosi                             0x00007df8   Data           2  spi_lpc17xx.o(.constdata)
    SPI_pin_ssel                             0x00007dfa   Data           2  spi_lpc17xx.o(.constdata)
    SPI_Resources                            0x00007dfc   Data          56  spi_lpc17xx.o(.constdata)
    .constdata                               0x00007e60   Section      132  ssp_lpc17xx.o(.constdata)
    DriverVersion                            0x00007e60   Data           4  ssp_lpc17xx.o(.constdata)
    DriverCapabilities                       0x00007e64   Data           4  ssp_lpc17xx.o(.constdata)
    SSP1_pin_sck                             0x00007e68   Data           2  ssp_lpc17xx.o(.constdata)
    SSP1_pin_miso                            0x00007e6a   Data           2  ssp_lpc17xx.o(.constdata)
    SSP1_pin_mosi                            0x00007e6c   Data           2  ssp_lpc17xx.o(.constdata)
    SSP1_pin_ssel                            0x00007e6e   Data           2  ssp_lpc17xx.o(.constdata)
    SSP1_Resources                           0x00007e70   Data          72  ssp_lpc17xx.o(.constdata)
    .data                                    0x10000000   Section        9  glcd_mcb1700.o(.data)
    foreground_color                         0x10000000   Data           2  glcd_mcb1700.o(.data)
    background_color                         0x10000002   Data           2  glcd_mcb1700.o(.data)
    active_font                              0x10000004   Data           4  glcd_mcb1700.o(.data)
    Himax                                    0x10000008   Data           1  glcd_mcb1700.o(.data)
    .data                                    0x1000000c   Section       20  rtx_conf_cm.o(.data)
    nr_mutex                                 0x1000001c   Data           4  rtx_conf_cm.o(.data)
    .data                                    0x10000020   Section       20  can_lpc17xx.o(.data)
    can_driver_powered                       0x10000020   Data           1  can_lpc17xx.o(.data)
    can_driver_initialized                   0x10000021   Data           1  can_lpc17xx.o(.data)
    can_obj_tx_alloc                         0x10000022   Data           3  can_lpc17xx.o(.data)
    can_obj_tx_alloc_lock                    0x10000025   Data           1  can_lpc17xx.o(.data)
    can_no_retransmission                    0x10000026   Data           1  can_lpc17xx.o(.data)
    can_loopback                             0x10000027   Data           1  can_lpc17xx.o(.data)
    can_obj_cfg_msk                          0x10000028   Data           1  can_lpc17xx.o(.data)
    can_unit_state                           0x10000029   Data           1  can_lpc17xx.o(.data)
    can_last_error_code                      0x1000002a   Data           1  can_lpc17xx.o(.data)
    CAN_SignalUnitEvent                      0x1000002c   Data           4  can_lpc17xx.o(.data)
    CAN_SignalObjectEvent                    0x10000030   Data           4  can_lpc17xx.o(.data)
    .data                                    0x10000034   Section        4  spi_lpc17xx.o(.data)
    spi                                      0x10000034   Data           4  spi_lpc17xx.o(.data)
    .data                                    0x10000038   Section        8  ssp_lpc17xx.o(.data)
    dummy_data                               0x10000038   Data           4  ssp_lpc17xx.o(.data)
    dummy_data                               0x1000003c   Data           4  ssp_lpc17xx.o(.data)
    .data                                    0x10000040   Section        8  gpdma_lpc17xx.o(.data)
    Channel_active                           0x10000040   Data           4  gpdma_lpc17xx.o(.data)
    Init_cnt                                 0x10000044   Data           4  gpdma_lpc17xx.o(.data)
    .data                                    0x10000048   Section        4  system_lpc17xx.o(.data)
    .data                                    0x1000004c   Section        8  rt_cmsis.o(.data)
    .data                                    0x10000054   Section        8  rt_task.o(.data)
    .data                                    0x1000005c   Section        8  rt_system.o(.data)
    os_lock                                  0x1000005c   Data           1  rt_system.o(.data)
    os_psh_flag                              0x1000005d   Data           1  rt_system.o(.data)
    pend_flags                               0x1000005e   Data           1  rt_system.o(.data)
    .data                                    0x10000064   Section        4  rt_time.o(.data)
    .data                                    0x10000068   Section        8  rt_robin.o(.data)
    .data                                    0x10000070   Section        1  hal_cm.o(.data)
    .bss                                     0x10000078   Section     3016  rtx_conf_cm.o(.bss)
    std_libspace                             0x10000920   Data         672  rtx_conf_cm.o(.bss)
    std_libmutex                             0x10000bc0   Data         128  rtx_conf_cm.o(.bss)
    .bss                                     0x10000c40   Section       44  spi_lpc17xx.o(.bss)
    SPI_Info                                 0x10000c40   Data          16  spi_lpc17xx.o(.bss)
    SPI_Xfer                                 0x10000c50   Data          28  spi_lpc17xx.o(.bss)
    .bss                                     0x10000c6c   Section       44  ssp_lpc17xx.o(.bss)
    SSP1_Info                                0x10000c6c   Data          16  ssp_lpc17xx.o(.bss)
    SSP1_Xfer                                0x10000c7c   Data          28  ssp_lpc17xx.o(.bss)
    .bss                                     0x10000c98   Section      160  gpdma_lpc17xx.o(.bss)
    Channel_info                             0x10000c98   Data         160  gpdma_lpc17xx.o(.bss)
    .bss                                     0x10000d38   Section       52  rt_task.o(.bss)
    .bss                                     0x10000d6c   Section       48  rt_list.o(.bss)
    .bss                                     0x10000d9c   Section       96  libspace.o(.bss)
    HEAP                                     0x10000e00   Section        0  startup_lpc17xx.o(HEAP)
    STACK                                    0x10000e00   Section      512  startup_lpc17xx.o(STACK)
    Heap_Mem                                 0x10000e00   Data           0  startup_lpc17xx.o(HEAP)
    Stack_Mem                                0x10000e00   Data         512  startup_lpc17xx.o(STACK)
    __initial_sp                             0x10001000   Data           0  startup_lpc17xx.o(STACK)

    Global Symbols

    Symbol Name                              Value     Ov Type        Size  Object(Section)

    BuildAttributes$$THM_ISAv4$P$D$K$B$S$PE$A:L22UL41UL21$X:L11$S22US41US21$IEEE1$IW$USESV6$~STKCKD$USESV7$~SHL$OSPACE$ROPI$EBA8$UX$STANDARDLIB$REQ8$PRES8$EABIv2 0x00000000   Number         0  anon$$obj.o ABSOLUTE
    __ARM_use_no_argv                        0x00000000   Number         0  gpsscreen.o ABSOLUTE
    __Vectors                                0x00000000   Data           4  startup_lpc17xx.o(RESET)
    __ARM_exceptions_init                     - Undefined Weak Reference
    __alloca_initialize                       - Undefined Weak Reference
    __arm_preinit_                            - Undefined Weak Reference
    __cpp_initialize__aeabi_                  - Undefined Weak Reference
    __cxa_finalize                            - Undefined Weak Reference
    __rt_locale                               - Undefined Weak Reference
    __sigvec_lookup                           - Undefined Weak Reference
    _atexit_init                              - Undefined Weak Reference
    _call_atexit_fns                          - Undefined Weak Reference
    _clock_init                               - Undefined Weak Reference
    _fp_trap_init                             - Undefined Weak Reference
    _fp_trap_shutdown                         - Undefined Weak Reference
    _get_lc_collate                           - Undefined Weak Reference
    _get_lc_ctype                             - Undefined Weak Reference
    _get_lc_monetary                          - Undefined Weak Reference
    _get_lc_numeric                           - Undefined Weak Reference
    _get_lc_time                              - Undefined Weak Reference
    _getenv_init                              - Undefined Weak Reference
    _handle_redirection                       - Undefined Weak Reference
    _init_alloc                               - Undefined Weak Reference
    _init_user_alloc                          - Undefined Weak Reference
    _initio                                   - Undefined Weak Reference
    _rand_init                                - Undefined Weak Reference
    _signal_finish                            - Undefined Weak Reference
    _signal_init                              - Undefined Weak Reference
    _terminate_alloc                          - Undefined Weak Reference
    _terminate_user_alloc                     - Undefined Weak Reference
    _terminateio                              - Undefined Weak Reference
    __main                                   0x000000cd   Thumb Code     8  __main.o(!!!main)
    __scatterload                            0x000000d5   Thumb Code     0  __scatter.o(!!!scatter)
    __scatterload_rt2                        0x000000d5   Thumb Code    44  __scatter.o(!!!scatter)
    __scatterload_rt2_thumb_only             0x000000d5   Thumb Code     0  __scatter.o(!!!scatter)
    __scatterload_null                       0x000000e3   Thumb Code     0  __scatter.o(!!!scatter)
    __scatterload_copy                       0x00000109   Thumb Code    26  __scatter_copy.o(!!handler_copy)
    __scatterload_zeroinit                   0x00000125   Thumb Code    28  __scatter_zi.o(!!handler_zi)
    __rt_lib_init                            0x00000141   Thumb Code     0  libinit.o(.ARM.Collect$$libinit$$00000000)
    __rt_lib_init_alloca_1                   0x00000143   Thumb Code     0  libinit2.o(.ARM.Collect$$libinit$$0000002E)
    __rt_lib_init_argv_1                     0x00000143   Thumb Code     0  libinit2.o(.ARM.Collect$$libinit$$0000002C)
    __rt_lib_init_atexit_1                   0x00000143   Thumb Code     0  libinit2.o(.ARM.Collect$$libinit$$0000001B)
    __rt_lib_init_clock_1                    0x00000143   Thumb Code     0  libinit2.o(.ARM.Collect$$libinit$$00000021)
    __rt_lib_init_cpp_1                      0x00000143   Thumb Code     0  libinit2.o(.ARM.Collect$$libinit$$00000032)
    __rt_lib_init_exceptions_1               0x00000143   Thumb Code     0  libinit2.o(.ARM.Collect$$libinit$$00000030)
    __rt_lib_init_fp_1                       0x00000143   Thumb Code     0  libinit2.o(.ARM.Collect$$libinit$$00000002)
    __rt_lib_init_fp_trap_1                  0x00000143   Thumb Code     0  libinit2.o(.ARM.Collect$$libinit$$0000001F)
    __rt_lib_init_getenv_1                   0x00000143   Thumb Code     0  libinit2.o(.ARM.Collect$$libinit$$00000023)
    __rt_lib_init_heap_1                     0x00000143   Thumb Code     0  libinit2.o(.ARM.Collect$$libinit$$0000000A)
    __rt_lib_init_lc_collate_1               0x00000143   Thumb Code     0  libinit2.o(.ARM.Collect$$libinit$$00000011)
    __rt_lib_init_lc_ctype_1                 0x00000143   Thumb Code     0  libinit2.o(.ARM.Collect$$libinit$$00000013)
    __rt_lib_init_lc_monetary_1              0x00000143   Thumb Code     0  libinit2.o(.ARM.Collect$$libinit$$00000015)
    __rt_lib_init_lc_numeric_1               0x00000143   Thumb Code     0  libinit2.o(.ARM.Collect$$libinit$$00000017)
    __rt_lib_init_lc_time_1                  0x00000143   Thumb Code     0  libinit2.o(.ARM.Collect$$libinit$$00000019)
    __rt_lib_init_preinit_1                  0x00000143   Thumb Code     0  libinit2.o(.ARM.Collect$$libinit$$00000004)
    __rt_lib_init_rand_1                     0x00000143   Thumb Code     0  libinit2.o(.ARM.Collect$$libinit$$0000000E)
    __rt_lib_init_return                     0x00000143   Thumb Code     0  libinit2.o(.ARM.Collect$$libinit$$00000033)
    __rt_lib_init_signal_1                   0x00000143   Thumb Code     0  libinit2.o(.ARM.Collect$$libinit$$0000001D)
    __rt_lib_init_stdio_1                    0x00000143   Thumb Code     0  libinit2.o(.ARM.Collect$$libinit$$00000025)
    __rt_lib_init_user_alloc_1               0x00000143   Thumb Code     0  libinit2.o(.ARM.Collect$$libinit$$0000000C)
    __rt_lib_shutdown                        0x00000145   Thumb Code     0  libshutdown.o(.ARM.Collect$$libshutdown$$00000000)
    __rt_lib_shutdown_cpp_1                  0x00000147   Thumb Code     0  libshutdown2.o(.ARM.Collect$$libshutdown$$00000002)
    __rt_lib_shutdown_fp_trap_1              0x00000147   Thumb Code     0  libshutdown2.o(.ARM.Collect$$libshutdown$$00000007)
    __rt_lib_shutdown_heap_1                 0x00000147   Thumb Code     0  libshutdown2.o(.ARM.Collect$$libshutdown$$0000000F)
    __rt_lib_shutdown_return                 0x00000147   Thumb Code     0  libshutdown2.o(.ARM.Collect$$libshutdown$$00000010)
    __rt_lib_shutdown_signal_1               0x00000147   Thumb Code     0  libshutdown2.o(.ARM.Collect$$libshutdown$$0000000A)
    __rt_lib_shutdown_stdio_1                0x00000147   Thumb Code     0  libshutdown2.o(.ARM.Collect$$libshutdown$$00000004)
    __rt_lib_shutdown_user_alloc_1           0x00000147   Thumb Code     0  libshutdown2.o(.ARM.Collect$$libshutdown$$0000000C)
    __rt_entry                               0x00000149   Thumb Code     0  __rtentry.o(.ARM.Collect$$rtentry$$00000000)
    __rt_entry_presh_1                       0x00000149   Thumb Code     0  __rtentry2.o(.ARM.Collect$$rtentry$$00000002)
    __rt_entry_sh                            0x00000149   Thumb Code     0  __rtentry4.o(.ARM.Collect$$rtentry$$00000004)
    __rt_entry_li                            0x0000014f   Thumb Code     0  __rtentry2.o(.ARM.Collect$$rtentry$$0000000A)
    __rt_entry_postsh_1                      0x0000014f   Thumb Code     0  __rtentry2.o(.ARM.Collect$$rtentry$$00000009)
    __rt_entry_postli_1                      0x00000153   Thumb Code     0  __rtentry2.o(.ARM.Collect$$rtentry$$0000000B)
    __rt_entry_main                          0x0000015b   Thumb Code     0  __rtentry2.o(.ARM.Collect$$rtentry$$0000000D)
    __rt_exit                                0x00000163   Thumb Code     0  rtexit.o(.ARM.Collect$$rtexit$$00000000)
    __rt_exit_ls                             0x00000165   Thumb Code     0  rtexit2.o(.ARM.Collect$$rtexit$$00000003)
    __rt_exit_prels_1                        0x00000165   Thumb Code     0  rtexit2.o(.ARM.Collect$$rtexit$$00000002)
    __rt_exit_exit                           0x00000169   Thumb Code     0  rtexit2.o(.ARM.Collect$$rtexit$$00000004)
    _platform_post_lib_init                  0x00000171   Thumb Code    24  rtx_conf_cm.o(.emb_text)
    rt_set_PSP                               0x0000018d   Thumb Code     6  hal_cm3.o(.emb_text)
    rt_get_PSP                               0x00000193   Thumb Code     6  hal_cm3.o(.emb_text)
    os_set_env                               0x00000199   Thumb Code    24  hal_cm3.o(.emb_text)
    _alloc_box                               0x000001b5   Thumb Code    28  hal_cm3.o(.emb_text)
    _free_box                                0x000001d5   Thumb Code    28  hal_cm3.o(.emb_text)
    SVC_Handler                              0x000001f5   Thumb Code   108  hal_cm3.o(.emb_text)
    PendSV_Handler                           0x0000026d   Thumb Code    56  hal_cm3.o(.emb_text)
    SysTick_Handler                          0x000002a9   Thumb Code     8  hal_cm3.o(.emb_text)
    OS_Tick_Handler                          0x000002b1   Thumb Code    12  hal_cm3.o(.emb_text)
    Reset_Handler                            0x000002bd   Thumb Code     8  startup_lpc17xx.o(.text)
    NMI_Handler                              0x000002c5   Thumb Code     2  startup_lpc17xx.o(.text)
    HardFault_Handler                        0x000002c7   Thumb Code     2  startup_lpc17xx.o(.text)
    MemManage_Handler                        0x000002c9   Thumb Code     2  startup_lpc17xx.o(.text)
    BusFault_Handler                         0x000002cb   Thumb Code     2  startup_lpc17xx.o(.text)
    UsageFault_Handler                       0x000002cd   Thumb Code     2  startup_lpc17xx.o(.text)
    DebugMon_Handler                         0x000002d1   Thumb Code     2  startup_lpc17xx.o(.text)
    ADC_IRQHandler                           0x000002d7   Thumb Code     0  startup_lpc17xx.o(.text)
    BOD_IRQHandler                           0x000002d7   Thumb Code     0  startup_lpc17xx.o(.text)
    CANActivity_IRQHandler                   0x000002d7   Thumb Code     0  startup_lpc17xx.o(.text)
    EINT0_IRQHandler                         0x000002d7   Thumb Code     0  startup_lpc17xx.o(.text)
    EINT1_IRQHandler                         0x000002d7   Thumb Code     0  startup_lpc17xx.o(.text)
    EINT2_IRQHandler                         0x000002d7   Thumb Code     0  startup_lpc17xx.o(.text)
    EINT3_IRQHandler                         0x000002d7   Thumb Code     0  startup_lpc17xx.o(.text)
    ENET_IRQHandler                          0x000002d7   Thumb Code     0  startup_lpc17xx.o(.text)
    I2C0_IRQHandler                          0x000002d7   Thumb Code     0  startup_lpc17xx.o(.text)
    I2C1_IRQHandler                          0x000002d7   Thumb Code     0  startup_lpc17xx.o(.text)
    I2C2_IRQHandler                          0x000002d7   Thumb Code     0  startup_lpc17xx.o(.text)
    I2S_IRQHandler                           0x000002d7   Thumb Code     0  startup_lpc17xx.o(.text)
    MCPWM_IRQHandler                         0x000002d7   Thumb Code     0  startup_lpc17xx.o(.text)
    PLL0_IRQHandler                          0x000002d7   Thumb Code     0  startup_lpc17xx.o(.text)
    PLL1_IRQHandler                          0x000002d7   Thumb Code     0  startup_lpc17xx.o(.text)
    PWM1_IRQHandler                          0x000002d7   Thumb Code     0  startup_lpc17xx.o(.text)
    QEI_IRQHandler                           0x000002d7   Thumb Code     0  startup_lpc17xx.o(.text)
    RIT_IRQHandler                           0x000002d7   Thumb Code     0  startup_lpc17xx.o(.text)
    RTC_IRQHandler                           0x000002d7   Thumb Code     0  startup_lpc17xx.o(.text)
    SSP0_IRQHandler                          0x000002d7   Thumb Code     0  startup_lpc17xx.o(.text)
    TIMER0_IRQHandler                        0x000002d7   Thumb Code     0  startup_lpc17xx.o(.text)
    TIMER1_IRQHandler                        0x000002d7   Thumb Code     0  startup_lpc17xx.o(.text)
    TIMER2_IRQHandler                        0x000002d7   Thumb Code     0  startup_lpc17xx.o(.text)
    TIMER3_IRQHandler                        0x000002d7   Thumb Code     0  startup_lpc17xx.o(.text)
    UART0_IRQHandler                         0x000002d7   Thumb Code     0  startup_lpc17xx.o(.text)
    UART1_IRQHandler                         0x000002d7   Thumb Code     0  startup_lpc17xx.o(.text)
    UART2_IRQHandler                         0x000002d7   Thumb Code     0  startup_lpc17xx.o(.text)
    UART3_IRQHandler                         0x000002d7   Thumb Code     0  startup_lpc17xx.o(.text)
    USBActivity_IRQHandler                   0x000002d7   Thumb Code     0  startup_lpc17xx.o(.text)
    USB_IRQHandler                           0x000002d7   Thumb Code     0  startup_lpc17xx.o(.text)
    WDT_IRQHandler                           0x000002d7   Thumb Code     0  startup_lpc17xx.o(.text)
    __user_initial_stackheap                 0x000002d9   Thumb Code     0  startup_lpc17xx.o(.text)
    __I$use$semihosting                      0x000002f9   Thumb Code     0  use_no_semi.o(.text)
    __use_no_semihosting_swi                 0x000002f9   Thumb Code     2  use_no_semi.o(.text)
    __semihosting_library_function           0x000002fb   Thumb Code     0  indicate_semi.o(.text)
    os_tick_irqack                           0x000002fb   Thumb Code     2  rt_system.o(i.os_tick_irqack)
    __user_libspace                          0x00000301   Thumb Code     8  libspace.o(.text)
    __user_perproc_libspace                  0x00000301   Thumb Code     0  libspace.o(.text)
    exit                                     0x00000309   Thumb Code    18  exit.o(.text)
    __aeabi_memcpy                           0x0000031b   Thumb Code     0  rt_memcpy_v6.o(.text)
    __rt_memcpy                              0x0000031b   Thumb Code   138  rt_memcpy_v6.o(.text)
    _memcpy_lastbytes                        0x00000381   Thumb Code     0  rt_memcpy_v6.o(.text)
    __aeabi_memclr4                          0x000003a5   Thumb Code     0  rt_memclr_w.o(.text)
    __aeabi_memclr8                          0x000003a5   Thumb Code     0  rt_memclr_w.o(.text)
    __rt_memclr_w                            0x000003a5   Thumb Code    78  rt_memclr_w.o(.text)
    _memset_w                                0x000003a9   Thumb Code     0  rt_memclr_w.o(.text)
    __use_two_region_memory                  0x000003f3   Thumb Code     2  heapauxi.o(.text)
    __rt_heap_escrow$2region                 0x000003f5   Thumb Code     2  heapauxi.o(.text)
    __rt_heap_expand$2region                 0x000003f7   Thumb Code     2  heapauxi.o(.text)
    __aeabi_memcpy4                          0x000003f9   Thumb Code     0  rt_memcpy_w.o(.text)
    __aeabi_memcpy8                          0x000003f9   Thumb Code     0  rt_memcpy_w.o(.text)
    __rt_memcpy_w                            0x000003f9   Thumb Code   100  rt_memcpy_w.o(.text)
    _memcpy_lastbytes_aligned                0x00000441   Thumb Code     0  rt_memcpy_w.o(.text)
    _sys_exit                                0x0000045d   Thumb Code     8  sys_exit.o(.text)
    __user_setup_stackheap                   0x00000469   Thumb Code    74  sys_stackheap_outer.o(.text)
    __RL_RTX_VER                             0x00000482   Number         0  rt_system.o ABSOLUTE
    SVC_Count                                0x000004b4   Data           4  svc_table.o(SVC_TABLE)
    SVC_Table                                0x000004b8   Data           0  svc_table.o(SVC_TABLE)
    CAN_IRQHandler                           0x000005c1   Thumb Code   448  can_lpc17xx.o(i.CAN_IRQHandler)
    DMA_IRQHandler                           0x00001a99   Thumb Code   372  gpdma_lpc17xx.o(i.DMA_IRQHandler)
    GLCD_ClearScreen                         0x00001c19   Thumb Code    54  glcd_mcb1700.o(i.GLCD_ClearScreen)
    GLCD_DrawHLine                           0x00001c55   Thumb Code    56  glcd_mcb1700.o(i.GLCD_DrawHLine)
    GLCD_DrawRectangle                       0x00001c91   Thumb Code    58  glcd_mcb1700.o(i.GLCD_DrawRectangle)
    GLCD_DrawVLine                           0x00001ccd   Thumb Code    56  glcd_mcb1700.o(i.GLCD_DrawVLine)
    GLCD_Initialize                          0x00001d09   Thumb Code  1534  glcd_mcb1700.o(i.GLCD_Initialize)
    GLCD_SetFont                             0x00002309   Thumb Code    10  glcd_mcb1700.o(i.GLCD_SetFont)
    GLCD_SetForegroundColor                  0x00002319   Thumb Code    10  glcd_mcb1700.o(i.GLCD_SetForegroundColor)
    GPDMA_ChannelConfigure                   0x000023c9   Thumb Code   232  gpdma_lpc17xx.o(i.GPDMA_ChannelConfigure)
    GPDMA_ChannelDisable                     0x000024bd   Thumb Code    44  gpdma_lpc17xx.o(i.GPDMA_ChannelDisable)
    GPDMA_ChannelGetCount                    0x000024ed   Thumb Code    38  gpdma_lpc17xx.o(i.GPDMA_ChannelGetCount)
    GPDMA_Initialize                         0x0000251d   Thumb Code   154  gpdma_lpc17xx.o(i.GPDMA_Initialize)
    GPDMA_PeripheralSelect                   0x000025cd   Thumb Code    62  gpdma_lpc17xx.o(i.GPDMA_PeripheralSelect)
    GPDMA_Uninitialize                       0x00002611   Thumb Code   116  gpdma_lpc17xx.o(i.GPDMA_Uninitialize)
    GPIO_PinRead                             0x00002691   Thumb Code    28  gpio_lpc17xx.o(i.GPIO_PinRead)
    GPIO_PinWrite                            0x000026b1   Thumb Code    36  gpio_lpc17xx.o(i.GPIO_PinWrite)
    GPIO_PortClock                           0x000026d9   Thumb Code    38  gpio_lpc17xx.o(i.GPIO_PortClock)
    GPIO_SetDir                              0x00002705   Thumb Code    52  gpio_lpc17xx.o(i.GPIO_SetDir)
    PIN_Configure                            0x000027d1   Thumb Code   246  pin_lpc17xx.o(i.PIN_Configure)
    SPI_IRQHandler                           0x00002f59   Thumb Code   516  spi_lpc17xx.o(i.SPI_IRQHandler)
    SSP1_GPDMA_Rx_SignalEvent                0x000037b1   Thumb Code    14  ssp_lpc17xx.o(i.SSP1_GPDMA_Rx_SignalEvent)
    SSP1_GPDMA_Tx_SignalEvent                0x000037c5   Thumb Code    14  ssp_lpc17xx.o(i.SSP1_GPDMA_Tx_SignalEvent)
    SSP1_IRQHandler                          0x000037f9   Thumb Code    10  ssp_lpc17xx.o(i.SSP1_IRQHandler)
    SSPx_GPDMA_Rx_SignalEvent                0x00003dc7   Thumb Code    54  ssp_lpc17xx.o(i.SSPx_GPDMA_Rx_SignalEvent)
    SSPx_GPDMA_Tx_SignalEvent                0x00003dfd   Thumb Code    28  ssp_lpc17xx.o(i.SSPx_GPDMA_Tx_SignalEvent)
    SystemInit                               0x000046d1   Thumb Code   302  system_lpc17xx.o(i.SystemInit)
    _init_box                                0x00004865   Thumb Code    70  rt_membox.o(i._init_box)
    _mutex_acquire                           0x000048ad   Thumb Code    22  rtx_conf_cm.o(i._mutex_acquire)
    _mutex_release                           0x000048cd   Thumb Code    18  rtx_conf_cm.o(i._mutex_release)
    dbg_init                                 0x000048e9   Thumb Code    34  hal_cm.o(i.dbg_init)
    dbg_task_notify                          0x00004919   Thumb Code    32  hal_cm.o(i.dbg_task_notify)
    dbg_task_switch                          0x00004939   Thumb Code    16  hal_cm.o(i.dbg_task_switch)
    isrMessageGet                            0x00004979   Thumb Code    42  rt_cmsis.o(i.isrMessageGet)
    isrMessagePut                            0x000049a3   Thumb Code    44  rt_cmsis.o(i.isrMessagePut)
    isr_mbx_receive                          0x000049d1   Thumb Code    86  rt_mailbox.o(i.isr_mbx_receive)
    isr_mbx_send                             0x00004a27   Thumb Code    14  rt_mailbox.o(i.isr_mbx_send)
    main                                     0x00004a35   Thumb Code   220  gpsscreen.o(i.main)
    osKernelInitialize                       0x00004b35   Thumb Code    30  rt_cmsis.o(i.osKernelInitialize)
    osKernelStart                            0x00004b59   Thumb Code    98  rt_cmsis.o(i.osKernelStart)
    osMessageGet                             0x00004bc5   Thumb Code    18  rt_cmsis.o(i.osMessageGet)
    osThreadCreate                           0x00004bdd   Thumb Code    36  rt_cmsis.o(i.osThreadCreate)
    osThreadExit                             0x00004c09   Thumb Code    14  rt_cmsis.o(i.osThreadExit)
    osTimerCall                              0x00004c21   Thumb Code     8  rt_cmsis.o(i.osTimerCall)
    osTimerThread                            0x00004c2d   Thumb Code    38  rt_cmsis.o(i.osTimerThread)
    os_error                                 0x00004c59   Thumb Code    34  rtx_conf_cm.o(i.os_error)
    os_idle_demon                            0x00004c7b   Thumb Code     4  rtx_conf_cm.o(i.os_idle_demon)
    os_tick_init                             0x00004c81   Thumb Code    32  rt_system.o(i.os_tick_init)
    rt_alloc_box                             0x00004d71   Thumb Code    26  rt_membox.o(i.rt_alloc_box)
    rt_alloc_mem                             0x00004d8b   Thumb Code    62  rt_memory.o(i.rt_alloc_mem)
    rt_block                                 0x00004dc9   Thumb Code    48  rt_task.o(i.rt_block)
    rt_chk_robin                             0x00004e01   Thumb Code    60  rt_robin.o(i.rt_chk_robin)
    rt_dec_dly                               0x00004e49   Thumb Code   102  rt_list.o(i.rt_dec_dly)
    rt_dispatch                              0x00004eb9   Thumb Code    60  rt_task.o(i.rt_dispatch)
    rt_evt_psh                               0x00004efd   Thumb Code    76  rt_event.o(i.rt_evt_psh)
    rt_free_box                              0x00004f4d   Thumb Code    44  rt_membox.o(i.rt_free_box)
    rt_free_mem                              0x00004f79   Thumb Code    40  rt_memory.o(i.rt_free_mem)
    rt_get_first                             0x00004fa1   Thumb Code    40  rt_list.o(i.rt_get_first)
    rt_init_mem                              0x00005019   Thumb Code    26  rt_memory.o(i.rt_init_mem)
    rt_init_robin                            0x00005035   Thumb Code    14  rt_robin.o(i.rt_init_robin)
    rt_init_stack                            0x0000504d   Thumb Code   118  hal_cm.o(i.rt_init_stack)
    rt_mbx_check                             0x000050cd   Thumb Code     8  rt_mailbox.o(i.rt_mbx_check)
    rt_mbx_init                              0x000050d5   Thumb Code    26  rt_mailbox.o(i.rt_mbx_init)
    rt_mbx_psh                               0x000050f1   Thumb Code   236  rt_mailbox.o(i.rt_mbx_psh)
    rt_mbx_wait                              0x000051e1   Thumb Code   174  rt_mailbox.o(i.rt_mbx_wait)
    rt_mut_release                           0x000052d9   Thumb Code   208  rt_mutex.o(i.rt_mut_release)
    rt_mut_wait                              0x000053b1   Thumb Code   114  rt_mutex.o(i.rt_mut_wait)
    rt_pop_req                               0x00005429   Thumb Code   112  rt_system.o(i.rt_pop_req)
    rt_psh_req                               0x000054a5   Thumb Code    22  rt_system.o(i.rt_psh_req)
    rt_psq_enq                               0x000054c5   Thumb Code    88  rt_list.o(i.rt_psq_enq)
    rt_put_dly                               0x00005521   Thumb Code    68  rt_list.o(i.rt_put_dly)
    rt_put_prio                              0x00005569   Thumb Code    54  rt_list.o(i.rt_put_prio)
    rt_put_rdy_first                         0x000055a1   Thumb Code    14  rt_list.o(i.rt_put_rdy_first)
    rt_resort_prio                           0x000055b5   Thumb Code    46  rt_list.o(i.rt_resort_prio)
    rt_ret_val                               0x000055e9   Thumb Code     6  hal_cm.o(i.rt_ret_val)
    rt_ret_val2                              0x000055ef   Thumb Code     8  hal_cm.o(i.rt_ret_val2)
    rt_rmv_dly                               0x000055f7   Thumb Code    40  rt_list.o(i.rt_rmv_dly)
    rt_rmv_list                              0x00005621   Thumb Code    44  rt_list.o(i.rt_rmv_list)
    rt_sem_psh                               0x00005651   Thumb Code    48  rt_semaphore.o(i.rt_sem_psh)
    rt_stk_check                             0x00005685   Thumb Code    28  rt_system.o(i.rt_stk_check)
    rt_switch_req                            0x000056a9   Thumb Code    30  rt_task.o(i.rt_switch_req)
    rt_sys_init                              0x000056d1   Thumb Code   138  rt_task.o(i.rt_sys_init)
    rt_sys_start                             0x0000579d   Thumb Code   110  rt_task.o(i.rt_sys_start)
    rt_systick                               0x00005815   Thumb Code    50  rt_system.o(i.rt_systick)
    rt_tsk_create                            0x0000589d   Thumb Code   118  rt_task.o(i.rt_tsk_create)
    rt_tsk_delete                            0x00005925   Thumb Code   352  rt_task.o(i.rt_tsk_delete)
    rt_tsk_prio                              0x00005aa1   Thumb Code   108  rt_task.o(i.rt_tsk_prio)
    rt_tsk_self                              0x00005b1d   Thumb Code    12  rt_task.o(i.rt_tsk_self)
    svcKernelInitialize                      0x00005be1   Thumb Code    80  rt_cmsis.o(i.svcKernelInitialize)
    svcKernelStart                           0x00005c51   Thumb Code    62  rt_cmsis.o(i.svcKernelStart)
    svcMessageCreate                         0x00005c99   Thumb Code    36  rt_cmsis.o(i.svcMessageCreate)
    svcMessageGet                            0x00005cbd   Thumb Code    58  rt_cmsis.o(i.svcMessageGet)
    svcThreadCreate                          0x00005cf9   Thumb Code    96  rt_cmsis.o(i.svcThreadCreate)
    svcThreadGetId                           0x00005d65   Thumb Code    22  rt_cmsis.o(i.svcThreadGetId)
    svcThreadTerminate                       0x00005d81   Thumb Code    50  rt_cmsis.o(i.svcThreadTerminate)
    svcTimerCall                             0x00005db9   Thumb Code    24  rt_cmsis.o(i.svcTimerCall)
    sysTimerTick                             0x00005dd1   Thumb Code    84  rt_cmsis.o(i.sysTimerTick)
    __aeabi_d2f                              0x00005f69   Thumb Code     0  d2f.o(x$fpl$d2f)
    _d2f                                     0x00005f69   Thumb Code    98  d2f.o(x$fpl$d2f)
    __aeabi_ddiv                             0x00005fcd   Thumb Code     0  ddiv.o(x$fpl$ddiv)
    _ddiv                                    0x00005fcd   Thumb Code   552  ddiv.o(x$fpl$ddiv)
    __fpl_dnaninf                            0x0000627d   Thumb Code   156  dnaninf.o(x$fpl$dnaninf)
    __fpl_dretinf                            0x00006319   Thumb Code    12  dretinf.o(x$fpl$dretinf)
    __aeabi_f2d                              0x00006325   Thumb Code     0  f2d.o(x$fpl$f2d)
    _f2d                                     0x00006325   Thumb Code    86  f2d.o(x$fpl$f2d)
    __aeabi_f2iz                             0x0000637d   Thumb Code     0  ffix.o(x$fpl$ffix)
    _ffix                                    0x0000637d   Thumb Code    54  ffix.o(x$fpl$ffix)
    __aeabi_f2uiz                            0x000063b5   Thumb Code     0  ffixu.o(x$fpl$ffixu)
    _ffixu                                   0x000063b5   Thumb Code    62  ffixu.o(x$fpl$ffixu)
    __fpl_fnaninf                            0x000063f3   Thumb Code   140  fnaninf.o(x$fpl$fnaninf)
    __fpl_fretinf                            0x0000647f   Thumb Code    10  fretinf.o(x$fpl$fretinf)
    __I$use$fp                               0x00006488   Number         0  usenofp.o(x$fpl$usenofp)
    GLCD_Font_6x8                            0x00007d08   Data          16  glcd_fonts.o(.constdata)
    GLCD_Font_16x24                          0x00007d18   Data          16  glcd_fonts.o(.constdata)
    os_maxtaskrun                            0x00007d30   Data           2  rtx_conf_cm.o(.constdata)
    os_stackinfo                             0x00007d34   Data           4  rtx_conf_cm.o(.constdata)
    os_rrobin                                0x00007d38   Data           4  rtx_conf_cm.o(.constdata)
    os_tickfreq                              0x00007d3c   Data           4  rtx_conf_cm.o(.constdata)
    os_tickus_i                              0x00007d40   Data           2  rtx_conf_cm.o(.constdata)
    os_tickus_f                              0x00007d42   Data           2  rtx_conf_cm.o(.constdata)
    os_trv                                   0x00007d44   Data           4  rtx_conf_cm.o(.constdata)
    os_flags                                 0x00007d48   Data           1  rtx_conf_cm.o(.constdata)
    CMSIS_RTOS_API_Version                   0x00007d4c   Data           4  rtx_conf_cm.o(.constdata)
    CMSIS_RTOS_RTX_Version                   0x00007d50   Data           4  rtx_conf_cm.o(.constdata)
    os_clockrate                             0x00007d54   Data           4  rtx_conf_cm.o(.constdata)
    os_timernum                              0x00007d58   Data           4  rtx_conf_cm.o(.constdata)
    mp_tcb_size                              0x00007d5c   Data           2  rtx_conf_cm.o(.constdata)
    mp_stk_size                              0x00007d60   Data           4  rtx_conf_cm.o(.constdata)
    os_stack_sz                              0x00007d64   Data           4  rtx_conf_cm.o(.constdata)
    os_fifo_size                             0x00007d68   Data           1  rtx_conf_cm.o(.constdata)
    os_thread_def_osTimerThread              0x00007d6c   Data          16  rtx_conf_cm.o(.constdata)
    os_messageQ_def_osTimerMessageQ          0x00007d7c   Data           8  rtx_conf_cm.o(.constdata)
    mp_tmr_size                              0x00007d84   Data           2  rtx_conf_cm.o(.constdata)
    os_thread_def_main                       0x00007d88   Data          16  rtx_conf_cm.o(.constdata)
    Driver_CAN1                              0x00007db0   Data          60  can_lpc17xx.o(.constdata)
    Driver_SPI2                              0x00007e34   Data          44  spi_lpc17xx.o(.constdata)
    Driver_SPI1                              0x00007eb8   Data          44  ssp_lpc17xx.o(.constdata)
    Region$$Table$$Base                      0x00007ee4   Number         0  anon$$obj.o(Region$$Table)
    Region$$Table$$Limit                     0x00007f04   Number         0  anon$$obj.o(Region$$Table)
    osThreadId_osTimerThread                 0x1000000c   Data           4  rtx_conf_cm.o(.data)
    osMessageQId_osTimerMessageQ             0x10000010   Data           4  rtx_conf_cm.o(.data)
    os_tmr                                   0x10000014   Data           4  rtx_conf_cm.o(.data)
    m_tmr                                    0x10000018   Data           4  rtx_conf_cm.o(.data)
    SystemCoreClock                          0x10000048   Data           4  system_lpc17xx.o(.data)
    os_initialized                           0x1000004c   Data           1  rt_cmsis.o(.data)
    os_running                               0x1000004d   Data           1  rt_cmsis.o(.data)
    os_timer_head                            0x10000050   Data           4  rt_cmsis.o(.data)
    os_tsk                                   0x10000054   Data           8  rt_task.o(.data)
    os_tick_irqn                             0x10000060   Data           4  rt_system.o(.data)
    os_time                                  0x10000064   Data           4  rt_time.o(.data)
    os_robin                                 0x10000068   Data           8  rt_robin.o(.data)
    dbg_msg                                  0x10000070   Data           1  hal_cm.o(.data)
    mp_tcb                                   0x10000078   Data         376  rtx_conf_cm.o(.bss)
    mp_stk                                   0x100001f0   Data        1216  rtx_conf_cm.o(.bss)
    os_stack_mem                             0x100006b0   Data         432  rtx_conf_cm.o(.bss)
    os_fifo                                  0x10000860   Data         132  rtx_conf_cm.o(.bss)
    os_active_TCB                            0x100008e4   Data          28  rtx_conf_cm.o(.bss)
    os_messageQ_q_osTimerMessageQ            0x10000900   Data          32  rtx_conf_cm.o(.bss)
    os_idle_TCB                              0x10000d38   Data          52  rt_task.o(.bss)
    os_rdy                                   0x10000d6c   Data          24  rt_list.o(.bss)
    os_dly                                   0x10000d84   Data          24  rt_list.o(.bss)
    __libspace_start                         0x10000d9c   Data          96  libspace.o(.bss)
    __temporary_stack_top$libspace           0x10000dfc   Data           0  libspace.o(.bss)



==============================================================================

Memory Map of the image

  Image Entry point : 0x000000cd

  Load Region LR_IROM1 (Base: 0x00000000, Size: 0x00007f78, Max: 0x00080000, ABSOLUTE)

    Execution Region ER_IROM1 (Base: 0x00000000, Size: 0x00007f04, Max: 0x00080000, ABSOLUTE)

    Base Addr    Size         Type   Attr      Idx    E Section Name        Object

    0x00000000   0x000000cc   Data   RO          991    RESET               startup_lpc17xx.o
    0x000000cc   0x00000008   Code   RO         2261  * !!!main             c_w.l(__main.o)
    0x000000d4   0x00000034   Code   RO         2449    !!!scatter          c_w.l(__scatter.o)
    0x00000108   0x0000001a   Code   RO         2451    !!handler_copy      c_w.l(__scatter_copy.o)
    0x00000122   0x00000002   PAD
    0x00000124   0x0000001c   Code   RO         2453    !!handler_zi        c_w.l(__scatter_zi.o)
    0x00000140   0x00000002   Code   RO         2335    .ARM.Collect$$libinit$$00000000  c_w.l(libinit.o)
    0x00000142   0x00000000   Code   RO         2347    .ARM.Collect$$libinit$$00000002  c_w.l(libinit2.o)
    0x00000142   0x00000000   Code   RO         2349    .ARM.Collect$$libinit$$00000004  c_w.l(libinit2.o)
    0x00000142   0x00000000   Code   RO         2352    .ARM.Collect$$libinit$$0000000A  c_w.l(libinit2.o)
    0x00000142   0x00000000   Code   RO         2354    .ARM.Collect$$libinit$$0000000C  c_w.l(libinit2.o)
    0x00000142   0x00000000   Code   RO         2356    .ARM.Collect$$libinit$$0000000E  c_w.l(libinit2.o)
    0x00000142   0x00000000   Code   RO         2359    .ARM.Collect$$libinit$$00000011  c_w.l(libinit2.o)
    0x00000142   0x00000000   Code   RO         2361    .ARM.Collect$$libinit$$00000013  c_w.l(libinit2.o)
    0x00000142   0x00000000   Code   RO         2363    .ARM.Collect$$libinit$$00000015  c_w.l(libinit2.o)
    0x00000142   0x00000000   Code   RO         2365    .ARM.Collect$$libinit$$00000017  c_w.l(libinit2.o)
    0x00000142   0x00000000   Code   RO         2367    .ARM.Collect$$libinit$$00000019  c_w.l(libinit2.o)
    0x00000142   0x00000000   Code   RO         2369    .ARM.Collect$$libinit$$0000001B  c_w.l(libinit2.o)
    0x00000142   0x00000000   Code   RO         2371    .ARM.Collect$$libinit$$0000001D  c_w.l(libinit2.o)
    0x00000142   0x00000000   Code   RO         2373    .ARM.Collect$$libinit$$0000001F  c_w.l(libinit2.o)
    0x00000142   0x00000000   Code   RO         2375    .ARM.Collect$$libinit$$00000021  c_w.l(libinit2.o)
    0x00000142   0x00000000   Code   RO         2377    .ARM.Collect$$libinit$$00000023  c_w.l(libinit2.o)
    0x00000142   0x00000000   Code   RO         2379    .ARM.Collect$$libinit$$00000025  c_w.l(libinit2.o)
    0x00000142   0x00000000   Code   RO         2383    .ARM.Collect$$libinit$$0000002C  c_w.l(libinit2.o)
    0x00000142   0x00000000   Code   RO         2385    .ARM.Collect$$libinit$$0000002E  c_w.l(libinit2.o)
    0x00000142   0x00000000   Code   RO         2387    .ARM.Collect$$libinit$$00000030  c_w.l(libinit2.o)
    0x00000142   0x00000000   Code   RO         2389    .ARM.Collect$$libinit$$00000032  c_w.l(libinit2.o)
    0x00000142   0x00000002   Code   RO         2390    .ARM.Collect$$libinit$$00000033  c_w.l(libinit2.o)
    0x00000144   0x00000002   Code   RO         2336    .ARM.Collect$$libshutdown$$00000000  c_w.l(libshutdown.o)
    0x00000146   0x00000000   Code   RO         2392    .ARM.Collect$$libshutdown$$00000002  c_w.l(libshutdown2.o)
    0x00000146   0x00000000   Code   RO         2394    .ARM.Collect$$libshutdown$$00000004  c_w.l(libshutdown2.o)
    0x00000146   0x00000000   Code   RO         2397    .ARM.Collect$$libshutdown$$00000007  c_w.l(libshutdown2.o)
    0x00000146   0x00000000   Code   RO         2400    .ARM.Collect$$libshutdown$$0000000A  c_w.l(libshutdown2.o)
    0x00000146   0x00000000   Code   RO         2402    .ARM.Collect$$libshutdown$$0000000C  c_w.l(libshutdown2.o)
    0x00000146   0x00000000   Code   RO         2405    .ARM.Collect$$libshutdown$$0000000F  c_w.l(libshutdown2.o)
    0x00000146   0x00000002   Code   RO         2406    .ARM.Collect$$libshutdown$$00000010  c_w.l(libshutdown2.o)
    0x00000148   0x00000000   Code   RO         2279    .ARM.Collect$$rtentry$$00000000  c_w.l(__rtentry.o)
    0x00000148   0x00000000   Code   RO         2298    .ARM.Collect$$rtentry$$00000002  c_w.l(__rtentry2.o)
    0x00000148   0x00000006   Code   RO         2310    .ARM.Collect$$rtentry$$00000004  c_w.l(__rtentry4.o)
    0x0000014e   0x00000000   Code   RO         2300    .ARM.Collect$$rtentry$$00000009  c_w.l(__rtentry2.o)
    0x0000014e   0x00000004   Code   RO         2301    .ARM.Collect$$rtentry$$0000000A  c_w.l(__rtentry2.o)
    0x00000152   0x00000008   Code   RO         2302    .ARM.Collect$$rtentry$$0000000B  c_w.l(__rtentry2.o)
    0x0000015a   0x00000008   Code   RO         2304    .ARM.Collect$$rtentry$$0000000D  c_w.l(__rtentry2.o)
    0x00000162   0x00000002   Code   RO         2280    .ARM.Collect$$rtexit$$00000000  c_w.l(rtexit.o)
    0x00000164   0x00000000   Code   RO         2313    .ARM.Collect$$rtexit$$00000002  c_w.l(rtexit2.o)
    0x00000164   0x00000004   Code   RO         2314    .ARM.Collect$$rtexit$$00000003  c_w.l(rtexit2.o)
    0x00000168   0x00000006   Code   RO         2315    .ARM.Collect$$rtexit$$00000004  c_w.l(rtexit2.o)
    0x0000016e   0x00000002   PAD
    0x00000170   0x0000001c   Code   RO          276    .emb_text           rtx_conf_cm.o
    0x0000018c   0x00000130   Code   RO         2233    .emb_text           RTX_CM3.lib(hal_cm3.o)
    0x000002bc   0x0000003c   Code   RO          993    .text               startup_lpc17xx.o
    0x000002f8   0x00000002   Code   RO         2337    .text               c_w.l(use_no_semi.o)
    0x000002fa   0x00000000   Code   RO         2339    .text               c_w.l(indicate_semi.o)
    0x000002fa   0x00000002   Code   RO         1780    i.os_tick_irqack    RTX_CM3.lib(rt_system.o)
    0x000002fc   0x00000004   Code   RO          992    .ARM.__at_0x02FC    startup_lpc17xx.o
    0x00000300   0x00000008   Code   RO         2248    .text               c_w.l(libspace.o)
    0x00000308   0x00000012   Code   RO         2253    .text               c_w.l(exit.o)
    0x0000031a   0x0000008a   Code   RO         2255    .text               c_w.l(rt_memcpy_v6.o)
    0x000003a4   0x0000004e   Code   RO         2257    .text               c_w.l(rt_memclr_w.o)
    0x000003f2   0x00000006   Code   RO         2259    .text               c_w.l(heapauxi.o)
    0x000003f8   0x00000064   Code   RO         2286    .text               c_w.l(rt_memcpy_w.o)
    0x0000045c   0x0000000c   Code   RO         2321    .text               c_w.l(sys_exit.o)
    0x00000468   0x0000004a   Code   RO         2323    .text               c_w.l(sys_stackheap_outer.o)
    0x000004b2   0x00000002   PAD
    0x000004b4   0x00000004   Code   RO         2243    SVC_TABLE           RTX_CM3.lib(svc_table.o)
    0x000004b8   0x00000012   Code   RO          337    i.CAN1_Control      can_lpc17xx.o
    0x000004ca   0x0000000a   Code   RO          338    i.CAN1_GetClock     can_lpc17xx.o
    0x000004d4   0x0000000c   Code   RO          339    i.CAN1_GetStatus    can_lpc17xx.o
    0x000004e0   0x00000012   Code   RO          340    i.CAN1_Initialize   can_lpc17xx.o
    0x000004f2   0x0000001c   Code   RO          341    i.CAN1_MessageRead  can_lpc17xx.o
    0x0000050e   0x0000001c   Code   RO          342    i.CAN1_MessageSend  can_lpc17xx.o
    0x0000052a   0x00000012   Code   RO          343    i.CAN1_ObjectConfigure  can_lpc17xx.o
    0x0000053c   0x00000010   Code   RO          344    i.CAN1_ObjectGetCapabilities  can_lpc17xx.o
    0x0000054c   0x0000001c   Code   RO          345    i.CAN1_ObjectSetFilter  can_lpc17xx.o
    0x00000568   0x0000000e   Code   RO          346    i.CAN1_PowerControl  can_lpc17xx.o
    0x00000576   0x00000016   Code   RO          347    i.CAN1_SetBitrate   can_lpc17xx.o
    0x0000058c   0x0000000e   Code   RO          348    i.CAN1_SetMode      can_lpc17xx.o
    0x0000059a   0x0000000a   Code   RO          349    i.CAN1_Uninitialize  can_lpc17xx.o
    0x000005a4   0x0000000c   Code   RO          350    i.CAN_GetCapabilities  can_lpc17xx.o
    0x000005b0   0x00000010   Code   RO          351    i.CAN_GetVersion    can_lpc17xx.o
    0x000005c0   0x000001d8   Code   RO          352    i.CAN_IRQHandler    can_lpc17xx.o
    0x00000798   0x00000434   Code   RO          353    i.CANx_AddFilter    can_lpc17xx.o
    0x00000bcc   0x00000080   Code   RO          354    i.CANx_Control      can_lpc17xx.o
    0x00000c4c   0x000000a4   Code   RO          355    i.CANx_GetClock     can_lpc17xx.o
    0x00000cf0   0x000000d4   Code   RO          356    i.CANx_GetStatus    can_lpc17xx.o
    0x00000dc4   0x00000038   Code   RO          357    i.CANx_Initialize   can_lpc17xx.o
    0x00000dfc   0x000000b4   Code   RO          358    i.CANx_MessageRead  can_lpc17xx.o
    0x00000eb0   0x00000240   Code   RO          359    i.CANx_MessageSend  can_lpc17xx.o
    0x000010f0   0x00000088   Code   RO          360    i.CANx_ObjectConfigure  can_lpc17xx.o
    0x00001178   0x00000028   Code   RO          361    i.CANx_ObjectGetCapabilities  can_lpc17xx.o
    0x000011a0   0x000000a4   Code   RO          362    i.CANx_ObjectSetFilter  can_lpc17xx.o
    0x00001244   0x0000015c   Code   RO          363    i.CANx_PowerControl  can_lpc17xx.o
    0x000013a0   0x000003f4   Code   RO          364    i.CANx_RemoveFilter  can_lpc17xx.o
    0x00001794   0x0000005c   Code   RO          365    i.CANx_ResetRuntimeInfo  can_lpc17xx.o
    0x000017f0   0x00000138   Code   RO          366    i.CANx_SetBitrate   can_lpc17xx.o
    0x00001928   0x00000138   Code   RO          367    i.CANx_SetMode      can_lpc17xx.o
    0x00001a60   0x00000018   Code   RO          368    i.CANx_Uninitialize  can_lpc17xx.o
    0x00001a78   0x00000020   Code   RO          812    i.Clear_Channel_active_flag  gpdma_lpc17xx.o
    0x00001a98   0x00000180   Code   RO          813    i.DMA_IRQHandler    gpdma_lpc17xx.o
    0x00001c18   0x0000003c   Code   RO           96    i.GLCD_ClearScreen  glcd_mcb1700.o
    0x00001c54   0x0000003c   Code   RO          100    i.GLCD_DrawHLine    glcd_mcb1700.o
    0x00001c90   0x0000003a   Code   RO          102    i.GLCD_DrawRectangle  glcd_mcb1700.o
    0x00001cca   0x00000002   PAD
    0x00001ccc   0x0000003c   Code   RO          104    i.GLCD_DrawVLine    glcd_mcb1700.o
    0x00001d08   0x000005fe   Code   RO          107    i.GLCD_Initialize   glcd_mcb1700.o
    0x00002306   0x00000002   PAD
    0x00002308   0x00000010   Code   RO          109    i.GLCD_SetFont      glcd_mcb1700.o
    0x00002318   0x00000010   Code   RO          110    i.GLCD_SetForegroundColor  glcd_mcb1700.o
    0x00002328   0x000000a0   Code   RO          111    i.GLCD_SetWindow    glcd_mcb1700.o
    0x000023c8   0x000000f4   Code   RO          814    i.GPDMA_ChannelConfigure  gpdma_lpc17xx.o
    0x000024bc   0x00000030   Code   RO          815    i.GPDMA_ChannelDisable  gpdma_lpc17xx.o
    0x000024ec   0x00000030   Code   RO          817    i.GPDMA_ChannelGetCount  gpdma_lpc17xx.o
    0x0000251c   0x000000b0   Code   RO          819    i.GPDMA_Initialize  gpdma_lpc17xx.o
    0x000025cc   0x00000044   Code   RO          820    i.GPDMA_PeripheralSelect  gpdma_lpc17xx.o
    0x00002610   0x00000080   Code   RO          821    i.GPDMA_Uninitialize  gpdma_lpc17xx.o
    0x00002690   0x00000020   Code   RO          902    i.GPIO_PinRead      gpio_lpc17xx.o
    0x000026b0   0x00000028   Code   RO          903    i.GPIO_PinWrite     gpio_lpc17xx.o
    0x000026d8   0x0000002c   Code   RO          904    i.GPIO_PortClock    gpio_lpc17xx.o
    0x00002704   0x00000038   Code   RO          907    i.GPIO_SetDir       gpio_lpc17xx.o
    0x0000273c   0x00000050   Code   RO          540    i.GetSPIClockFreq   spi_lpc17xx.o
    0x0000278c   0x00000044   Code   RO          637    i.GetSSPClockFreq   ssp_lpc17xx.o
    0x000027d0   0x000000fc   Code   RO          956    i.PIN_Configure     pin_lpc17xx.o
    0x000028cc   0x000005e8   Code   RO          541    i.SPI_Control       spi_lpc17xx.o
    0x00002eb4   0x0000000c   Code   RO          542    i.SPI_GetCapabilities  spi_lpc17xx.o
    0x00002ec0   0x00000020   Code   RO          543    i.SPI_GetDataCount  spi_lpc17xx.o
    0x00002ee0   0x00000068   Code   RO          544    i.SPI_GetStatus     spi_lpc17xx.o
    0x00002f48   0x00000010   Code   RO          545    i.SPI_GetVersion    spi_lpc17xx.o
    0x00002f58   0x00000208   Code   RO          546    i.SPI_IRQHandler    spi_lpc17xx.o
    0x00003160   0x000000c8   Code   RO          547    i.SPI_Initialize    spi_lpc17xx.o
    0x00003228   0x000001ec   Code   RO          548    i.SPI_PowerControl  spi_lpc17xx.o
    0x00003414   0x000000b8   Code   RO          549    i.SPI_Receive       spi_lpc17xx.o
    0x000034cc   0x00000118   Code   RO          550    i.SPI_Send          spi_lpc17xx.o
    0x000035e4   0x00000118   Code   RO          551    i.SPI_Transfer      spi_lpc17xx.o
    0x000036fc   0x0000009c   Code   RO          552    i.SPI_Uninitialize  spi_lpc17xx.o
    0x00003798   0x00000018   Code   RO          638    i.SSP1_Control      ssp_lpc17xx.o
    0x000037b0   0x00000014   Code   RO          639    i.SSP1_GPDMA_Rx_SignalEvent  ssp_lpc17xx.o
    0x000037c4   0x00000014   Code   RO          640    i.SSP1_GPDMA_Tx_SignalEvent  ssp_lpc17xx.o
    0x000037d8   0x00000010   Code   RO          641    i.SSP1_GetDataCount  ssp_lpc17xx.o
    0x000037e8   0x00000010   Code   RO          642    i.SSP1_GetStatus    ssp_lpc17xx.o
    0x000037f8   0x00000010   Code   RO          643    i.SSP1_IRQHandler   ssp_lpc17xx.o
    0x00003808   0x00000014   Code   RO          644    i.SSP1_Initialize   ssp_lpc17xx.o
    0x0000381c   0x00000014   Code   RO          645    i.SSP1_PowerControl  ssp_lpc17xx.o
    0x00003830   0x00000018   Code   RO          646    i.SSP1_Receive      ssp_lpc17xx.o
    0x00003848   0x00000018   Code   RO          647    i.SSP1_Send         ssp_lpc17xx.o
    0x00003860   0x0000001c   Code   RO          648    i.SSP1_Transfer     ssp_lpc17xx.o
    0x0000387c   0x00000010   Code   RO          649    i.SSP1_Uninitialize  ssp_lpc17xx.o
    0x0000388c   0x0000000c   Code   RO          650    i.SSP_GetCapabilities  ssp_lpc17xx.o
    0x00003898   0x00000010   Code   RO          651    i.SSP_GetVersion    ssp_lpc17xx.o
    0x000038a8   0x0000051e   Code   RO          652    i.SSPx_Control      ssp_lpc17xx.o
    0x00003dc6   0x00000036   Code   RO          653    i.SSPx_GPDMA_Rx_SignalEvent  ssp_lpc17xx.o
    0x00003dfc   0x0000001c   Code   RO          654    i.SSPx_GPDMA_Tx_SignalEvent  ssp_lpc17xx.o
    0x00003e18   0x0000002c   Code   RO          655    i.SSPx_GetDataCount  ssp_lpc17xx.o
    0x00003e44   0x0000005a   Code   RO          656    i.SSPx_GetStatus    ssp_lpc17xx.o
    0x00003e9e   0x00000104   Code   RO          657    i.SSPx_IRQHandler   ssp_lpc17xx.o
    0x00003fa2   0x000000a8   Code   RO          658    i.SSPx_Initialize   ssp_lpc17xx.o
    0x0000404a   0x00000002   PAD
    0x0000404c   0x000001d8   Code   RO          659    i.SSPx_PowerControl  ssp_lpc17xx.o
    0x00004224   0x0000015c   Code   RO          660    i.SSPx_Receive      ssp_lpc17xx.o
    0x00004380   0x00000154   Code   RO          661    i.SSPx_Send         ssp_lpc17xx.o
    0x000044d4   0x00000152   Code   RO          662    i.SSPx_Transfer     ssp_lpc17xx.o
    0x00004626   0x00000070   Code   RO          663    i.SSPx_Uninitialize  ssp_lpc17xx.o
    0x00004696   0x00000002   PAD
    0x00004698   0x00000038   Code   RO          822    i.Set_Channel_active_flag  gpdma_lpc17xx.o
    0x000046d0   0x00000140   Code   RO         1003    i.SystemInit        system_lpc17xx.o
    0x00004810   0x0000001c   Code   RO          553    i.__NVIC_ClearPendingIRQ  spi_lpc17xx.o
    0x0000482c   0x0000001c   Code   RO          664    i.__NVIC_ClearPendingIRQ  ssp_lpc17xx.o
    0x00004848   0x0000001c   Code   RO          823    i.__NVIC_ClearPendingIRQ  gpdma_lpc17xx.o
    0x00004864   0x00000046   Code   RO         2132    i._init_box         RTX_CM3.lib(rt_membox.o)
    0x000048aa   0x00000002   PAD
    0x000048ac   0x00000020   Code   RO          278    i._mutex_acquire    rtx_conf_cm.o
    0x000048cc   0x0000001c   Code   RO          280    i._mutex_release    rtx_conf_cm.o
    0x000048e8   0x00000030   Code   RO         2185    i.dbg_init          RTX_CM3.lib(hal_cm.o)
    0x00004918   0x00000020   Code   RO         2186    i.dbg_task_notify   RTX_CM3.lib(hal_cm.o)
    0x00004938   0x00000010   Code   RO         2187    i.dbg_task_switch   RTX_CM3.lib(hal_cm.o)
    0x00004948   0x00000030   Code   RO          114    i.delay_ms          glcd_mcb1700.o
    0x00004978   0x0000002a   Code   RO         1038    i.isrMessageGet     RTX_CM3.lib(rt_cmsis.o)
    0x000049a2   0x0000002c   Code   RO         1039    i.isrMessagePut     RTX_CM3.lib(rt_cmsis.o)
    0x000049ce   0x00000002   PAD
    0x000049d0   0x00000056   Code   RO         1987    i.isr_mbx_receive   RTX_CM3.lib(rt_mailbox.o)
    0x00004a26   0x0000000e   Code   RO         1988    i.isr_mbx_send      RTX_CM3.lib(rt_mailbox.o)
    0x00004a34   0x00000100   Code   RO            4    i.main              gpsscreen.o
    0x00004b34   0x00000024   Code   RO         1043    i.osKernelInitialize  RTX_CM3.lib(rt_cmsis.o)
    0x00004b58   0x0000006c   Code   RO         1045    i.osKernelStart     RTX_CM3.lib(rt_cmsis.o)
    0x00004bc4   0x00000018   Code   RO         1054    i.osMessageGet      RTX_CM3.lib(rt_cmsis.o)
    0x00004bdc   0x0000002c   Code   RO         1071    i.osThreadCreate    RTX_CM3.lib(rt_cmsis.o)
    0x00004c08   0x00000018   Code   RO         1072    i.osThreadExit      RTX_CM3.lib(rt_cmsis.o)
    0x00004c20   0x0000000c   Code   RO         1078    i.osTimerCall       RTX_CM3.lib(rt_cmsis.o)
    0x00004c2c   0x0000002c   Code   RO         1083    i.osTimerThread     RTX_CM3.lib(rt_cmsis.o)
    0x00004c58   0x00000022   Code   RO          281    i.os_error          rtx_conf_cm.o
    0x00004c7a   0x00000004   Code   RO          282    i.os_idle_demon     rtx_conf_cm.o
    0x00004c7e   0x00000002   PAD
    0x00004c80   0x00000028   Code   RO         1779    i.os_tick_init      RTX_CM3.lib(rt_system.o)
    0x00004ca8   0x000000c8   Code   RO          115    i.rd_id_man         glcd_mcb1700.o
    0x00004d70   0x0000001a   Code   RO         2133    i.rt_alloc_box      RTX_CM3.lib(rt_membox.o)
    0x00004d8a   0x0000003e   Code   RO         2161    i.rt_alloc_mem      RTX_CM3.lib(rt_memory.o)
    0x00004dc8   0x00000038   Code   RO         1660    i.rt_block          RTX_CM3.lib(rt_task.o)
    0x00004e00   0x00000048   Code   RO         2110    i.rt_chk_robin      RTX_CM3.lib(rt_robin.o)
    0x00004e48   0x00000070   Code   RO         1911    i.rt_dec_dly        RTX_CM3.lib(rt_list.o)
    0x00004eb8   0x00000044   Code   RO         1661    i.rt_dispatch       RTX_CM3.lib(rt_task.o)
    0x00004efc   0x00000050   Code   RO         1872    i.rt_evt_psh        RTX_CM3.lib(rt_event.o)
    0x00004f4c   0x0000002c   Code   RO         2134    i.rt_free_box       RTX_CM3.lib(rt_membox.o)
    0x00004f78   0x00000028   Code   RO         2162    i.rt_free_mem       RTX_CM3.lib(rt_memory.o)
    0x00004fa0   0x00000028   Code   RO         1912    i.rt_get_first      RTX_CM3.lib(rt_list.o)
    0x00004fc8   0x00000008   Code   RO         1088    i.rt_id2obj         RTX_CM3.lib(rt_cmsis.o)
    0x00004fd0   0x00000048   Code   RO         1662    i.rt_init_context   RTX_CM3.lib(rt_task.o)
    0x00005018   0x0000001a   Code   RO         2163    i.rt_init_mem       RTX_CM3.lib(rt_memory.o)
    0x00005032   0x00000002   PAD
    0x00005034   0x00000018   Code   RO         2111    i.rt_init_robin     RTX_CM3.lib(rt_robin.o)
    0x0000504c   0x00000080   Code   RO         2188    i.rt_init_stack     RTX_CM3.lib(hal_cm.o)
    0x000050cc   0x00000008   Code   RO         1989    i.rt_mbx_check      RTX_CM3.lib(rt_mailbox.o)
    0x000050d4   0x0000001a   Code   RO         1990    i.rt_mbx_init       RTX_CM3.lib(rt_mailbox.o)
    0x000050ee   0x00000002   PAD
    0x000050f0   0x000000f0   Code   RO         1991    i.rt_mbx_psh        RTX_CM3.lib(rt_mailbox.o)
    0x000051e0   0x000000b4   Code   RO         1993    i.rt_mbx_wait       RTX_CM3.lib(rt_mailbox.o)
    0x00005294   0x00000044   Code   RO         1089    i.rt_ms2tick        RTX_CM3.lib(rt_cmsis.o)
    0x000052d8   0x000000d8   Code   RO         1746    i.rt_mut_release    RTX_CM3.lib(rt_mutex.o)
    0x000053b0   0x00000078   Code   RO         1747    i.rt_mut_wait       RTX_CM3.lib(rt_mutex.o)
    0x00005428   0x0000007c   Code   RO         1783    i.rt_pop_req        RTX_CM3.lib(rt_system.o)
    0x000054a4   0x00000020   Code   RO         1784    i.rt_psh_req        RTX_CM3.lib(rt_system.o)
    0x000054c4   0x0000005c   Code   RO         1914    i.rt_psq_enq        RTX_CM3.lib(rt_list.o)
    0x00005520   0x00000048   Code   RO         1915    i.rt_put_dly        RTX_CM3.lib(rt_list.o)
    0x00005568   0x00000036   Code   RO         1916    i.rt_put_prio       RTX_CM3.lib(rt_list.o)
    0x0000559e   0x00000002   PAD
    0x000055a0   0x00000014   Code   RO         1917    i.rt_put_rdy_first  RTX_CM3.lib(rt_list.o)
    0x000055b4   0x00000034   Code   RO         1918    i.rt_resort_prio    RTX_CM3.lib(rt_list.o)
    0x000055e8   0x00000006   Code   RO         2189    i.rt_ret_val        RTX_CM3.lib(hal_cm.o)
    0x000055ee   0x00000008   Code   RO         2190    i.rt_ret_val2       RTX_CM3.lib(hal_cm.o)
    0x000055f6   0x00000028   Code   RO         1919    i.rt_rmv_dly        RTX_CM3.lib(rt_list.o)
    0x0000561e   0x00000002   PAD
    0x00005620   0x00000030   Code   RO         1920    i.rt_rmv_list       RTX_CM3.lib(rt_list.o)
    0x00005650   0x00000034   Code   RO         2038    i.rt_sem_psh        RTX_CM3.lib(rt_semaphore.o)
    0x00005684   0x00000024   Code   RO         1786    i.rt_stk_check      RTX_CM3.lib(rt_system.o)
    0x000056a8   0x00000028   Code   RO         1663    i.rt_switch_req     RTX_CM3.lib(rt_task.o)
    0x000056d0   0x000000cc   Code   RO         1664    i.rt_sys_init       RTX_CM3.lib(rt_task.o)
    0x0000579c   0x00000078   Code   RO         1665    i.rt_sys_start      RTX_CM3.lib(rt_task.o)
    0x00005814   0x00000040   Code   RO         1788    i.rt_systick        RTX_CM3.lib(rt_system.o)
    0x00005854   0x00000012   Code   RO         1090    i.rt_tid2ptcb       RTX_CM3.lib(rt_cmsis.o)
    0x00005866   0x00000002   PAD
    0x00005868   0x00000034   Code   RO         1091    i.rt_timer_insert   RTX_CM3.lib(rt_cmsis.o)
    0x0000589c   0x00000088   Code   RO         1666    i.rt_tsk_create     RTX_CM3.lib(rt_task.o)
    0x00005924   0x0000017c   Code   RO         1667    i.rt_tsk_delete     RTX_CM3.lib(rt_task.o)
    0x00005aa0   0x0000007c   Code   RO         1669    i.rt_tsk_prio       RTX_CM3.lib(rt_task.o)
    0x00005b1c   0x00000010   Code   RO         1670    i.rt_tsk_self       RTX_CM3.lib(rt_task.o)
    0x00005b2c   0x0000002c   Code   RO          116    i.spi_tran          glcd_mcb1700.o
    0x00005b58   0x00000088   Code   RO          117    i.spi_tran_man      glcd_mcb1700.o
    0x00005be0   0x00000070   Code   RO         1094    i.svcKernelInitialize  RTX_CM3.lib(rt_cmsis.o)
    0x00005c50   0x00000048   Code   RO         1096    i.svcKernelStart    RTX_CM3.lib(rt_cmsis.o)
    0x00005c98   0x00000024   Code   RO         1099    i.svcMessageCreate  RTX_CM3.lib(rt_cmsis.o)
    0x00005cbc   0x0000003a   Code   RO         1100    i.svcMessageGet     RTX_CM3.lib(rt_cmsis.o)
    0x00005cf6   0x00000002   PAD
    0x00005cf8   0x0000006c   Code   RO         1114    i.svcThreadCreate   RTX_CM3.lib(rt_cmsis.o)
    0x00005d64   0x0000001c   Code   RO         1115    i.svcThreadGetId    RTX_CM3.lib(rt_cmsis.o)
    0x00005d80   0x00000038   Code   RO         1118    i.svcThreadTerminate  RTX_CM3.lib(rt_cmsis.o)
    0x00005db8   0x00000018   Code   RO         1120    i.svcTimerCall      RTX_CM3.lib(rt_cmsis.o)
    0x00005dd0   0x0000005c   Code   RO         1129    i.sysTimerTick      RTX_CM3.lib(rt_cmsis.o)
    0x00005e2c   0x0000004c   Code   RO          118    i.wr_cmd            glcd_mcb1700.o
    0x00005e78   0x00000034   Code   RO          119    i.wr_dat_only       glcd_mcb1700.o
    0x00005eac   0x00000018   Code   RO          120    i.wr_dat_start      glcd_mcb1700.o
    0x00005ec4   0x00000014   Code   RO          121    i.wr_dat_stop       glcd_mcb1700.o
    0x00005ed8   0x00000090   Code   RO          122    i.wr_reg            glcd_mcb1700.o
    0x00005f68   0x00000062   Code   RO         2263    x$fpl$d2f           fz_ws.l(d2f.o)
    0x00005fca   0x00000002   PAD
    0x00005fcc   0x000002b0   Code   RO         2266    x$fpl$ddiv          fz_ws.l(ddiv.o)
    0x0000627c   0x0000009c   Code   RO         2288    x$fpl$dnaninf       fz_ws.l(dnaninf.o)
    0x00006318   0x0000000c   Code   RO         2290    x$fpl$dretinf       fz_ws.l(dretinf.o)
    0x00006324   0x00000056   Code   RO         2269    x$fpl$f2d           fz_ws.l(f2d.o)
    0x0000637a   0x00000002   PAD
    0x0000637c   0x00000036   Code   RO         2271    x$fpl$ffix          fz_ws.l(ffix.o)
    0x000063b2   0x00000002   PAD
    0x000063b4   0x0000003e   Code   RO         2275    x$fpl$ffixu         fz_ws.l(ffixu.o)
    0x000063f2   0x0000008c   Code   RO         2292    x$fpl$fnaninf       fz_ws.l(fnaninf.o)
    0x0000647e   0x0000000a   Code   RO         2294    x$fpl$fretinf       fz_ws.l(fretinf.o)
    0x00006488   0x00000000   Code   RO         2296    x$fpl$usenofp       fz_ws.l(usenofp.o)
    0x00006488   0x000018a0   Data   RO           81    .constdata          glcd_fonts.o
    0x00007d28   0x00000008   Data   RO          123    .constdata          glcd_mcb1700.o
    0x00007d30   0x00000068   Data   RO          284    .constdata          rtx_conf_cm.o
    0x00007d98   0x00000054   Data   RO          369    .constdata          can_lpc17xx.o
    0x00007dec   0x00000074   Data   RO          555    .constdata          spi_lpc17xx.o
    0x00007e60   0x00000084   Data   RO          666    .constdata          ssp_lpc17xx.o
    0x00007ee4   0x00000020   Data   RO         2447    Region$$Table       anon$$obj.o


    Execution Region RW_IRAM1 (Base: 0x10000000, Size: 0x00001000, Max: 0x00008000, ABSOLUTE)

    Base Addr    Size         Type   Attr      Idx    E Section Name        Object

    0x10000000   0x00000009   Data   RW          124    .data               glcd_mcb1700.o
    0x10000009   0x00000003   PAD
    0x1000000c   0x00000014   Data   RW          285    .data               rtx_conf_cm.o
    0x10000020   0x00000014   Data   RW          370    .data               can_lpc17xx.o
    0x10000034   0x00000004   Data   RW          556    .data               spi_lpc17xx.o
    0x10000038   0x00000008   Data   RW          667    .data               ssp_lpc17xx.o
    0x10000040   0x00000008   Data   RW          825    .data               gpdma_lpc17xx.o
    0x10000048   0x00000004   Data   RW         1004    .data               system_lpc17xx.o
    0x1000004c   0x00000008   Data   RW         1132    .data               RTX_CM3.lib(rt_cmsis.o)
    0x10000054   0x00000008   Data   RW         1672    .data               RTX_CM3.lib(rt_task.o)
    0x1000005c   0x00000008   Data   RW         1791    .data               RTX_CM3.lib(rt_system.o)
    0x10000064   0x00000004   Data   RW         2081    .data               RTX_CM3.lib(rt_time.o)
    0x10000068   0x00000008   Data   RW         2112    .data               RTX_CM3.lib(rt_robin.o)
    0x10000070   0x00000001   Data   RW         2191    .data               RTX_CM3.lib(hal_cm.o)
    0x10000071   0x00000007   PAD
    0x10000078   0x00000bc8   Zero   RW          283    .bss                rtx_conf_cm.o
    0x10000c40   0x0000002c   Zero   RW          554    .bss                spi_lpc17xx.o
    0x10000c6c   0x0000002c   Zero   RW          665    .bss                ssp_lpc17xx.o
    0x10000c98   0x000000a0   Zero   RW          824    .bss                gpdma_lpc17xx.o
    0x10000d38   0x00000034   Zero   RW         1671    .bss                RTX_CM3.lib(rt_task.o)
    0x10000d6c   0x00000030   Zero   RW         1921    .bss                RTX_CM3.lib(rt_list.o)
    0x10000d9c   0x00000060   Zero   RW         2249    .bss                c_w.l(libspace.o)
    0x10000dfc   0x00000004   PAD
    0x10000e00   0x00000000   Zero   RW          990    HEAP                startup_lpc17xx.o
    0x10000e00   0x00000200   Zero   RW          989    STACK               startup_lpc17xx.o


==============================================================================

Image component sizes


      Code (inc. data)   RO Data    RW Data    ZI Data      Debug   Object Name

      5568        282         84         20          0      51420   can_lpc17xx.o
         0          0       6304          0          0        828   glcd_fonts.o
      2708         92          8          9          0      17295   glcd_mcb1700.o
      1212         94          0          8        160       8086   gpdma_lpc17xx.o
       172         18          0          0          0       2294   gpio_lpc17xx.o
       256         36          0          0          0      28399   gpsscreen.o
       252          6          0          0          0        804   pin_lpc17xx.o
       126         26        104         20       3016       9051   rtx_conf_cm.o
      3896         86        116          4         44      12899   spi_lpc17xx.o
      3932        106        132          8         44      26926   ssp_lpc17xx.o
        64         26        204          0        512       1000   startup_lpc17xx.o
       320         18          0          4          0        807   system_lpc17xx.o

    ----------------------------------------------------------------------
     18516        790       6984         76       3776     159809   Object Totals
         0          0         32          0          0          0   (incl. Generated)
        10          0          0          3          0          0   (incl. Padding)

    ----------------------------------------------------------------------

      Code (inc. data)   RO Data    RW Data    ZI Data      Debug   Library Member Name

       238         24          0          1          0       3268   hal_cm.o
       304         36          0          0          0        760   hal_cm3.o
      1110        138          0          8          0      32041   rt_cmsis.o
        80          4          0          0          0        653   rt_event.o
       530         34          0          0         48       8169   rt_list.o
       554         10          0          0          0       3901   rt_mailbox.o
       140          0          0          0          0       1901   rt_membox.o
       128          0          0          0          0       2275   rt_memory.o
       336         14          0          0          0       1631   rt_mutex.o
        96         22          0          8          0       1134   rt_robin.o
        52          4          0          0          0        565   rt_semaphore.o
       298         52          0          8          0       6151   rt_system.o
      1216        174          0          8         52       9565   rt_task.o
         0          0          0          4          0        210   rt_time.o
         4          4          0          0          0        200   svc_table.o
         8          0          0          0          0         68   __main.o
         0          0          0          0          0          0   __rtentry.o
        20          0          0          0          0          0   __rtentry2.o
         6          0          0          0          0          0   __rtentry4.o
        52          8          0          0          0          0   __scatter.o
        26          0          0          0          0          0   __scatter_copy.o
        28          0          0          0          0          0   __scatter_zi.o
        18          0          0          0          0         80   exit.o
         6          0          0          0          0        152   heapauxi.o
         0          0          0          0          0          0   indicate_semi.o
         2          0          0          0          0          0   libinit.o
         2          0          0          0          0          0   libinit2.o
         2          0          0          0          0          0   libshutdown.o
         2          0          0          0          0          0   libshutdown2.o
         8          4          0          0         96         68   libspace.o
        78          0          0          0          0         80   rt_memclr_w.o
       138          0          0          0          0         68   rt_memcpy_v6.o
       100          0          0          0          0         80   rt_memcpy_w.o
         2          0          0          0          0          0   rtexit.o
        10          0          0          0          0          0   rtexit2.o
        12          4          0          0          0         68   sys_exit.o
        74          0          0          0          0         80   sys_stackheap_outer.o
         2          0          0          0          0         68   use_no_semi.o
        98          4          0          0          0         92   d2f.o
       688        140          0          0          0        208   ddiv.o
       156          4          0          0          0         92   dnaninf.o
        12          0          0          0          0         68   dretinf.o
        86          4          0          0          0         84   f2d.o
        54          4          0          0          0         84   ffix.o
        62          4          0          0          0         84   ffixu.o
       140          4          0          0          0         84   fnaninf.o
        10          0          0          0          0         68   fretinf.o
         0          0          0          0          0          0   usenofp.o

    ----------------------------------------------------------------------
      7016        696          0         40        204      74100   Library Totals
        28          0          0          3          8          0   (incl. Padding)

    ----------------------------------------------------------------------

      Code (inc. data)   RO Data    RW Data    ZI Data      Debug   Library Name

      5086        516          0         37        100      72424   RTX_CM3.lib
       596         16          0          0         96        812   c_w.l
      1306        164          0          0          0        864   fz_ws.l

    ----------------------------------------------------------------------
      7016        696          0         40        204      74100   Library Totals

    ----------------------------------------------------------------------

==============================================================================


      Code (inc. data)   RO Data    RW Data    ZI Data      Debug   

     25532       1486       6984        116       3980     223973   Grand Totals
     25532       1486       6984        116       3980     223973   ELF Image Totals
     25532       1486       6984        116          0          0   ROM Totals

==============================================================================

    Total RO  Size (Code + RO Data)                32516 (  31.75kB)
    Total RW  Size (RW Data + ZI Data)              4096 (   4.00kB)
    Total ROM Size (Code + RO Data + RW Data)      32632 (  31.87kB)

==============================================================================

