Component: ARM Compiler 5.06 update 1 (build 61) Tool: armlink [4d35a8]

==============================================================================

Section Cross References

    main.o(i.CAN_Task_e) refers to rt_cmsis.o(i.osSignalWait) for osSignalWait
    main.o(i.CAN_Task_e) refers to can_stm32f4xx.o(.constdata) for Driver_CAN2
    main.o(i.CAN_Task_r) refers to rt_cmsis.o(i.osSignalWait) for osSignalWait
    main.o(i.CAN_Task_r) refers to rt_cmsis.o(i.osSignalSet) for osSignalSet
    main.o(i.CAN_Task_r) refers to main.o(.data) for rx_msg_info
    main.o(i.GPS_Task) refers to rt_cmsis.o(i.osDelay) for osDelay
    main.o(i.Humidity_Task) refers to lib_adc.o(i.Lib_ADC_Read_Channel1) for Lib_ADC_Read_Channel1
    main.o(i.Humidity_Task) refers to rt_cmsis.o(i.osMailAlloc) for osMailAlloc
    main.o(i.Humidity_Task) refers to rt_cmsis.o(i.osMailPut) for osMailPut
    main.o(i.Humidity_Task) refers to rt_cmsis.o(i.osDelay) for osDelay
    main.o(i.Humidity_Task) refers to main.o(.data) for ID_ADC_CAN
    main.o(i.Led_Task) refers to led_lib.o(i.Phares_Off) for Phares_Off
    main.o(i.Led_Task) refers to rt_cmsis.o(i.osMailGet) for osMailGet
    main.o(i.Led_Task) refers to rt_cmsis.o(i.osMailFree) for osMailFree
    main.o(i.Led_Task) refers to led_lib.o(i.Clignotant_Gauche) for Clignotant_Gauche
    main.o(i.Led_Task) refers to led_lib.o(i.Clignotant_Droit) for Clignotant_Droit
    main.o(i.Led_Task) refers to led_lib.o(i.phares) for phares
    main.o(i.Led_Task) refers to main.o(.constdata) for .constdata
    main.o(i.Led_Task) refers to main.o(.bss) for trame
    main.o(i.Led_Task) refers to main.o(.data) for ID_LumDir
    main.o(i.Lum_Task) refers to lib_adc.o(i.Lib_ADC_Read_Channel0) for Lib_ADC_Read_Channel0
    main.o(i.Lum_Task) refers to rt_cmsis.o(i.osMailAlloc) for osMailAlloc
    main.o(i.Lum_Task) refers to rt_cmsis.o(i.osMailPut) for osMailPut
    main.o(i.Lum_Task) refers to rt_cmsis.o(i.osDelay) for osDelay
    main.o(i.Lum_Task) refers to main.o(.data) for ID_LumDir
    main.o(i.main) refers to rt_cmsis.o(i.osKernelInitialize) for osKernelInitialize
    main.o(i.main) refers to lib_adc.o(i.Lib_ADC_Init) for Lib_ADC_Init
    main.o(i.main) refers to stm32f4xx_hal.o(i.HAL_Init) for HAL_Init
    main.o(i.main) refers to rt_cmsis.o(i.osThreadCreate) for osThreadCreate
    main.o(i.main) refers to rt_cmsis.o(i.osKernelStart) for osKernelStart
    main.o(i.main) refers to main.o(.constdata) for os_thread_def_Led_Task
    main.o(i.main) refers to main.o(.data) for ID_Led_Task
    main.o(i.myCAN2_callback) refers to rt_cmsis.o(i.osSignalSet) for osSignalSet
    main.o(i.myCAN2_callback) refers to can_stm32f4xx.o(.constdata) for Driver_CAN2
    main.o(i.myCAN2_callback) refers to main.o(.data) for CANdata_buf
    main.o(i.sensor_Task) refers to lib_uson.o(i.write1byte) for write1byte
    main.o(i.sensor_Task) refers to rt_cmsis.o(i.osDelay) for osDelay
    main.o(i.sensor_Task) refers to lib_uson.o(i.get1Sens) for get1Sens
    main.o(i.sensor_Task) refers to rt_cmsis.o(i.osMailAlloc) for osMailAlloc
    main.o(i.sensor_Task) refers to rt_cmsis.o(i.osMailPut) for osMailPut
    main.o(i.sensor_Task) refers to main.o(.data) for SLAVE_I2C_ADDR
    main.o(.constdata) refers to main.o(i.Led_Task) for Led_Task
    main.o(.constdata) refers to main.o(i.GPS_Task) for GPS_Task
    main.o(.constdata) refers to main.o(i.CAN_Task_e) for CAN_Task_e
    main.o(.constdata) refers to main.o(i.Lum_Task) for Lum_Task
    main.o(.constdata) refers to main.o(i.Humidity_Task) for Humidity_Task
    main.o(.constdata) refers to main.o(i.sensor_Task) for sensor_Task
    main.o(.constdata) refers to main.o(i.CAN_Task_r) for CAN_Task_r
    main.o(.constdata) refers to main.o(.data) for os_mailQ_p_LumDir
    main.o(.data) refers to main.o(.bss) for os_mailQ_q_LumDir
    led_lib.o(i.Clignotant_Droit) refers to led_lib.o(i.LEDS_set_single_led_color) for LEDS_set_single_led_color
    led_lib.o(i.Clignotant_Droit) refers to rt_cmsis.o(i.osDelay) for osDelay
    led_lib.o(i.Clignotant_Gauche) refers to led_lib.o(i.LEDS_set_single_led_color) for LEDS_set_single_led_color
    led_lib.o(i.Clignotant_Gauche) refers to rt_cmsis.o(i.osDelay) for osDelay
    led_lib.o(i.LEDS_clear) refers to led_lib.o(i._LEDS_trame_start) for _LEDS_trame_start
    led_lib.o(i.LEDS_clear) refers to led_lib.o(i._LEDS_trame_end) for _LEDS_trame_end
    led_lib.o(i.LEDS_clear) refers to spi_stm32f4xx.o(.constdata) for Driver_SPI1
    led_lib.o(i.LEDS_init) refers to led_lib.o(i._Init_SPI) for _Init_SPI
    led_lib.o(i.LEDS_init) refers to led_lib.o(i.LEDS_clear) for LEDS_clear
    led_lib.o(i.LEDS_set_single_led_color) refers to led_lib.o(i._LEDS_trame_start) for _LEDS_trame_start
    led_lib.o(i.LEDS_set_single_led_color) refers to led_lib.o(i._LEDS_trame_end) for _LEDS_trame_end
    led_lib.o(i.LEDS_set_single_led_color) refers to spi_stm32f4xx.o(.constdata) for Driver_SPI1
[...]
    .constdata                               0x08007c30   Section      104  i2c_stm32f4xx.o(.constdata)
    DriverVersion                            0x08007c30   Data           4  i2c_stm32f4xx.o(.constdata)
    DriverCapabilities                       0x08007c34   Data           4  i2c_stm32f4xx.o(.constdata)
    I2C1_Resources                           0x08007c38   Data          48  i2c_stm32f4xx.o(.constdata)
    .constdata                               0x08007c98   Section      312  spi_stm32f4xx.o(.constdata)
    DriverVersion                            0x08007c98   Data           4  spi_stm32f4xx.o(.constdata)
    DriverCapabilities                       0x08007c9c   Data           4  spi_stm32f4xx.o(.constdata)
    SPI1_mosi                                0x08007ca0   Data          16  spi_stm32f4xx.o(.constdata)
    SPI1_miso                                0x08007cb0   Data          16  spi_stm32f4xx.o(.constdata)
    SPI1_sck                                 0x08007cc0   Data          16  spi_stm32f4xx.o(.constdata)
    SPI1_nss                                 0x08007cd0   Data          16  spi_stm32f4xx.o(.constdata)
    SPI1_Resources                           0x08007ce0   Data          44  spi_stm32f4xx.o(.constdata)
    SPI2_mosi                                0x08007d0c   Data          16  spi_stm32f4xx.o(.constdata)
    SPI2_miso                                0x08007d1c   Data          16  spi_stm32f4xx.o(.constdata)
    SPI2_sck                                 0x08007d2c   Data          16  spi_stm32f4xx.o(.constdata)
    SPI2_nss                                 0x08007d3c   Data          16  spi_stm32f4xx.o(.constdata)
    SPI2_Resources                           0x08007d4c   Data          44  spi_stm32f4xx.o(.constdata)
    .constdata                               0x08007dd0   Section        8  stm32f4xx_hal_dma.o(.constdata)
    flagBitshiftOffset                       0x08007dd0   Data           8  stm32f4xx_hal_dma.o(.constdata)
    .constdata                               0x08007dd8   Section       24  system_stm32f4xx.o(.constdata)
    .data                                    0x20000000   Section      100  main.o(.data)
    .data                                    0x20000064   Section       20  rtx_conf_cm.o(.data)
    nr_mutex                                 0x20000074   Data           4  rtx_conf_cm.o(.data)
    .data                                    0x20000078   Section       20  can_stm32f4xx.o(.data)
    can_driver_powered                       0x20000078   Data           2  can_stm32f4xx.o(.data)
    can_driver_initialized                   0x2000007a   Data           2  can_stm32f4xx.o(.data)
    CAN_SignalUnitEvent                      0x2000007c   Data           8  can_stm32f4xx.o(.data)
    CAN_SignalObjectEvent                    0x20000084   Data           8  can_stm32f4xx.o(.data)
    .data                                    0x2000008c   Section        9  stm32f4xx_hal.o(.data)
    .data                                    0x20000098   Section        4  system_stm32f4xx.o(.data)
    .data                                    0x2000009c   Section        8  rt_cmsis.o(.data)
    .data                                    0x200000a4   Section        8  rt_task.o(.data)
    .data                                    0x200000ac   Section        8  rt_system.o(.data)
    os_lock                                  0x200000ac   Data           1  rt_system.o(.data)
    os_psh_flag                              0x200000ad   Data           1  rt_system.o(.data)
    pend_flags                               0x200000ae   Data           1  rt_system.o(.data)
    .data                                    0x200000b4   Section        4  rt_time.o(.data)
    .data                                    0x200000b8   Section        8  rt_robin.o(.data)
    .data                                    0x200000c0   Section        1  hal_cm.o(.data)
    .bss                                     0x200000c4   Section      596  main.o(.bss)
    .bss                                     0x20000318   Section       72  lib_adc.o(.bss)
    hadc1                                    0x20000318   Data          72  lib_adc.o(.bss)
    .bss                                     0x20000360   Section     3016  rtx_conf_cm.o(.bss)
    std_libspace                             0x20000c08   Data         672  rtx_conf_cm.o(.bss)
    std_libmutex                             0x20000ea8   Data         128  rtx_conf_cm.o(.bss)
    .bss                                     0x20000f28   Section       10  can_stm32f4xx.o(.bss)
    can_obj_cfg                              0x20000f28   Data          10  can_stm32f4xx.o(.bss)
    .bss                                     0x20000f34   Section       40  i2c_stm32f4xx.o(.bss)
    I2C1_Info                                0x20000f34   Data          40  i2c_stm32f4xx.o(.bss)
    .bss                                     0x20000f5c   Section       88  spi_stm32f4xx.o(.bss)
    SPI1_Info                                0x20000f5c   Data          16  spi_stm32f4xx.o(.bss)
    SPI1_TransferInfo                        0x20000f6c   Data          28  spi_stm32f4xx.o(.bss)
    SPI2_Info                                0x20000f88   Data          16  spi_stm32f4xx.o(.bss)
    SPI2_TransferInfo                        0x20000f98   Data          28  spi_stm32f4xx.o(.bss)
    .bss                                     0x20000fb4   Section       52  rt_task.o(.bss)
    .bss                                     0x20000fe8   Section       48  rt_list.o(.bss)
    .bss                                     0x20001018   Section       96  libspace.o(.bss)
    HEAP                                     0x20001078   Section      512  startup_stm32f407xx.o(HEAP)
    Heap_Mem                                 0x20001078   Data         512  startup_stm32f407xx.o(HEAP)
    STACK                                    0x20001278   Section     1024  startup_stm32f407xx.o(STACK)
    Stack_Mem                                0x20001278   Data        1024  startup_stm32f407xx.o(STACK)
    __initial_sp                             0x20001678   Data           0  startup_stm32f407xx.o(STACK)

    Global Symbols

    Symbol Name                              Value     Ov Type        Size  Object(Section)

    BuildAttributes$$THM_ISAv4$E$P$D$K$B$S$7EM$VFPi3$EXTD16$VFPS$VFMA$PE$A:L22UL41UL21$X:L11$S22US41US21$IEEE1$IW$USESV6$~STKCKD$USESV7$~SHL$OSPACE$ROPI$EBA8$UX$STANDARDLIB$REQ8$PRES8$EABIv2 0x00000000   Number         0  anon$$obj.o ABSOLUTE
    __ARM_use_no_argv                        0x00000000   Number         0  main.o ABSOLUTE
    __ARM_exceptions_init                     - Undefined Weak Reference
    __alloca_initialize                       - Undefined Weak Reference
    __arm_preinit_                            - Undefined Weak Reference
    __cpp_initialize__aeabi_                  - Undefined Weak Reference
    __cxa_finalize                            - Undefined Weak Reference
    __rt_locale                               - Undefined Weak Reference
    __sigvec_lookup                           - Undefined Weak Reference
    _atexit_init                              - Undefined Weak Reference
    _call_atexit_fns                          - Undefined Weak Reference
    _clock_init                               - Undefined Weak Reference
    _fp_trap_init                             - Undefined Weak Reference
    _fp_trap_shutdown                         - Undefined Weak Reference
    _get_lc_collate                           - Undefined Weak Reference
    _get_lc_ctype                             - Undefined Weak Reference
    _get_lc_monetary                          - Undefined Weak Reference
    _get_lc_numeric                           - Undefined Weak Reference
    _get_lc_time                              - Undefined Weak Reference
    _getenv_init                              - Undefined Weak Reference
    _handle_redirection                       - Undefined Weak Reference
    _init_alloc                               - Undefined Weak Reference
    _init_user_alloc                          - Undefined Weak Reference
    _initio                                   - Undefined Weak Reference
    _rand_init                                - Undefined Weak Reference
    _signal_finish                            - Undefined Weak Reference
    _signal_init                              - Undefined Weak Reference
    _terminate_alloc                          - Undefined Weak Reference
    _terminate_user_alloc                     - Undefined Weak Reference
    _terminateio                              - Undefined Weak Reference
    __Vectors_Size                           0x00000188   Number         0  startup_stm32f407xx.o ABSOLUTE
    __RL_RTX_VER                             0x00000482   Number         0  rt_system.o ABSOLUTE
    __Vectors                                0x08000000   Data           4  startup_stm32f407xx.o(RESET)
    __Vectors_End                            0x08000188   Data           0  startup_stm32f407xx.o(RESET)
    __main                                   0x08000189   Thumb Code     8  __main.o(!!!main)
    __scatterload                            0x08000191   Thumb Code     0  __scatter.o(!!!scatter)
    __scatterload_rt2                        0x08000191   Thumb Code    44  __scatter.o(!!!scatter)
    __scatterload_rt2_thumb_only             0x08000191   Thumb Code     0  __scatter.o(!!!scatter)
    __scatterload_null                       0x0800019f   Thumb Code     0  __scatter.o(!!!scatter)
    __scatterload_copy                       0x080001c5   Thumb Code    26  __scatter_copy.o(!!handler_copy)
    __scatterload_zeroinit                   0x080001e1   Thumb Code    28  __scatter_zi.o(!!handler_zi)
    __rt_lib_init                            0x080001fd   Thumb Code     0  libinit.o(.ARM.Collect$$libinit$$00000000)
    __rt_lib_init_fp_1                       0x080001ff   Thumb Code     0  libinit2.o(.ARM.Collect$$libinit$$00000001)
    __rt_lib_init_alloca_1                   0x08000203   Thumb Code     0  libinit2.o(.ARM.Collect$$libinit$$0000002E)
    __rt_lib_init_argv_1                     0x08000203   Thumb Code     0  libinit2.o(.ARM.Collect$$libinit$$0000002C)
    __rt_lib_init_atexit_1                   0x08000203   Thumb Code     0  libinit2.o(.ARM.Collect$$libinit$$0000001B)
    __rt_lib_init_clock_1                    0x08000203   Thumb Code     0  libinit2.o(.ARM.Collect$$libinit$$00000021)
    __rt_lib_init_cpp_1                      0x08000203   Thumb Code     0  libinit2.o(.ARM.Collect$$libinit$$00000032)
    __rt_lib_init_exceptions_1               0x08000203   Thumb Code     0  libinit2.o(.ARM.Collect$$libinit$$00000030)
    __rt_lib_init_fp_trap_1                  0x08000203   Thumb Code     0  libinit2.o(.ARM.Collect$$libinit$$0000001F)
    __rt_lib_init_getenv_1                   0x08000203   Thumb Code     0  libinit2.o(.ARM.Collect$$libinit$$00000023)
    __rt_lib_init_heap_1                     0x08000203   Thumb Code     0  libinit2.o(.ARM.Collect$$libinit$$0000000A)
    __rt_lib_init_lc_collate_1               0x08000203   Thumb Code     0  libinit2.o(.ARM.Collect$$libinit$$00000011)
    __rt_lib_init_lc_ctype_1                 0x08000203   Thumb Code     0  libinit2.o(.ARM.Collect$$libinit$$00000013)
    __rt_lib_init_lc_monetary_1              0x08000203   Thumb Code     0  libinit2.o(.ARM.Collect$$libinit$$00000015)
    __rt_lib_init_lc_numeric_1               0x08000203   Thumb Code     0  libinit2.o(.ARM.Collect$$libinit$$00000017)
    __rt_lib_init_lc_time_1                  0x08000203   Thumb Code     0  libinit2.o(.ARM.Collect$$libinit$$00000019)
    __rt_lib_init_preinit_1                  0x08000203   Thumb Code     0  libinit2.o(.ARM.Collect$$libinit$$00000004)
    __rt_lib_init_rand_1                     0x08000203   Thumb Code     0  libinit2.o(.ARM.Collect$$libinit$$0000000E)
    __rt_lib_init_return                     0x08000203   Thumb Code     0  libinit2.o(.ARM.Collect$$libinit$$00000033)
    __rt_lib_init_signal_1                   0x08000203   Thumb Code     0  libinit2.o(.ARM.Collect$$libinit$$0000001D)
    __rt_lib_init_stdio_1                    0x08000203   Thumb Code     0  libinit2.o(.ARM.Collect$$libinit$$00000025)
    __rt_lib_init_user_alloc_1               0x08000203   Thumb Code     0  libinit2.o(.ARM.Collect$$libinit$$0000000C)
    __rt_lib_shutdown                        0x08000205   Thumb Code     0  libshutdown.o(.ARM.Collect$$libshutdown$$00000000)
    __rt_lib_shutdown_cpp_1                  0x08000207   Thumb Code     0  libshutdown2.o(.ARM.Collect$$libshutdown$$00000002)
    __rt_lib_shutdown_fp_trap_1              0x08000207   Thumb Code     0  libshutdown2.o(.ARM.Collect$$libshutdown$$00000007)
    __rt_lib_shutdown_heap_1                 0x08000207   Thumb Code     0  libshutdown2.o(.ARM.Collect$$libshutdown$$0000000F)
    __rt_lib_shutdown_return                 0x08000207   Thumb Code     0  libshutdown2.o(.ARM.Collect$$libshutdown$$00000010)
    __rt_lib_shutdown_signal_1               0x08000207   Thumb Code     0  libshutdown2.o(.ARM.Collect$$libshutdown$$0000000A)
    __rt_lib_shutdown_stdio_1                0x08000207   Thumb Code     0  libshutdown2.o(.ARM.Collect$$libshutdown$$00000004)
    __rt_lib_shutdown_user_alloc_1           0x08000207   Thumb Code     0  libshutdown2.o(.ARM.Collect$$libshutdown$$0000000C)
    __rt_entry                               0x08000209   Thumb Code     0  __rtentry.o(.ARM.Collect$$rtentry$$00000000)
    __rt_entry_presh_1                       0x08000209   Thumb Code     0  __rtentry2.o(.ARM.Collect$$rtentry$$00000002)
    __rt_entry_sh                            0x08000209   Thumb Code     0  __rtentry4.o(.ARM.Collect$$rtentry$$00000004)
    __rt_entry_li                            0x0800020f   Thumb Code     0  __rtentry2.o(.ARM.Collect$$rtentry$$0000000A)
    __rt_entry_postsh_1                      0x0800020f   Thumb Code     0  __rtentry2.o(.ARM.Collect$$rtentry$$00000009)
    __rt_entry_postli_1                      0x08000213   Thumb Code     0  __rtentry2.o(.ARM.Collect$$rtentry$$0000000B)
    __rt_entry_main                          0x0800021b   Thumb Code     0  __rtentry2.o(.ARM.Collect$$rtentry$$0000000D)
    __rt_exit                                0x08000223   Thumb Code     0  rtexit.o(.ARM.Collect$$rtexit$$00000000)
    __rt_exit_ls                             0x08000225   Thumb Code     0  rtexit2.o(.ARM.Collect$$rtexit$$00000003)
    __rt_exit_prels_1                        0x08000225   Thumb Code     0  rtexit2.o(.ARM.Collect$$rtexit$$00000002)
    __rt_exit_exit                           0x08000229   Thumb Code     0  rtexit2.o(.ARM.Collect$$rtexit$$00000004)
    _platform_post_lib_init                  0x08000231   Thumb Code    24  rtx_conf_cm.o(.emb_text)
    rt_set_PSP                               0x0800024d   Thumb Code     6  hal_cm4.o(.emb_text)
    rt_get_PSP                               0x08000253   Thumb Code     6  hal_cm4.o(.emb_text)
    os_set_env                               0x08000259   Thumb Code    24  hal_cm4.o(.emb_text)
    _alloc_box                               0x08000275   Thumb Code    28  hal_cm4.o(.emb_text)
    _free_box                                0x08000295   Thumb Code    28  hal_cm4.o(.emb_text)
    SVC_Handler                              0x080002b5   Thumb Code   168  hal_cm4.o(.emb_text)
    PendSV_Handler                           0x0800036d   Thumb Code    96  hal_cm4.o(.emb_text)
    SysTick_Handler                          0x080003d1   Thumb Code     8  hal_cm4.o(.emb_text)
    OS_Tick_Handler                          0x080003d9   Thumb Code    12  hal_cm4.o(.emb_text)
    Reset_Handler                            0x080003e5   Thumb Code     8  startup_stm32f407xx.o(.text)
    NMI_Handler                              0x080003ed   Thumb Code     2  startup_stm32f407xx.o(.text)
    HardFault_Handler                        0x080003ef   Thumb Code     2  startup_stm32f407xx.o(.text)
    MemManage_Handler                        0x080003f1   Thumb Code     2  startup_stm32f407xx.o(.text)
    BusFault_Handler                         0x080003f3   Thumb Code     2  startup_stm32f407xx.o(.text)
    UsageFault_Handler                       0x080003f5   Thumb Code     2  startup_stm32f407xx.o(.text)
    DebugMon_Handler                         0x080003f9   Thumb Code     2  startup_stm32f407xx.o(.text)
    ADC_IRQHandler                           0x080003ff   Thumb Code     0  startup_stm32f407xx.o(.text)
    DCMI_IRQHandler                          0x080003ff   Thumb Code     0  startup_stm32f407xx.o(.text)
    DMA1_Stream0_IRQHandler                  0x080003ff   Thumb Code     0  startup_stm32f407xx.o(.text)
    DMA1_Stream1_IRQHandler                  0x080003ff   Thumb Code     0  startup_stm32f407xx.o(.text)
    DMA1_Stream2_IRQHandler                  0x080003ff   Thumb Code     0  startup_stm32f407xx.o(.text)
    DMA1_Stream3_IRQHandler                  0x080003ff   Thumb Code     0  startup_stm32f407xx.o(.text)
    DMA1_Stream4_IRQHandler                  0x080003ff   Thumb Code     0  startup_stm32f407xx.o(.text)
    DMA1_Stream5_IRQHandler                  0x080003ff   Thumb Code     0  startup_stm32f407xx.o(.text)
    DMA1_Stream6_IRQHandler                  0x080003ff   Thumb Code     0  startup_stm32f407xx.o(.text)
    DMA1_Stream7_IRQHandler                  0x080003ff   Thumb Code     0  startup_stm32f407xx.o(.text)
    DMA2_Stream0_IRQHandler                  0x080003ff   Thumb Code     0  startup_stm32f407xx.o(.text)
    DMA2_Stream1_IRQHandler                  0x080003ff   Thumb Code     0  startup_stm32f407xx.o(.text)
    DMA2_Stream2_IRQHandler                  0x080003ff   Thumb Code     0  startup_stm32f407xx.o(.text)
    DMA2_Stream3_IRQHandler                  0x080003ff   Thumb Code     0  startup_stm32f407xx.o(.text)
    DMA2_Stream4_IRQHandler                  0x080003ff   Thumb Code     0  startup_stm32f407xx.o(.text)
    DMA2_Stream5_IRQHandler                  0x080003ff   Thumb Code     0  startup_stm32f407xx.o(.text)
    DMA2_Stream6_IRQHandler                  0x080003ff   Thumb Code     0  startup_stm32f407xx.o(.text)
    DMA2_Stream7_IRQHandler                  0x080003ff   Thumb Code     0  startup_stm32f407xx.o(.text)
    ETH_IRQHandler                           0x080003ff   Thumb Code     0  startup_stm32f407xx.o(.text)
    ETH_WKUP_IRQHandler                      0x080003ff   Thumb Code     0  startup_stm32f407xx.o(.text)
    EXTI0_IRQHandler                         0x080003ff   Thumb Code     0  startup_stm32f407xx.o(.text)
    EXTI15_10_IRQHandler                     0x080003ff   Thumb Code     0  startup_stm32f407xx.o(.text)
    EXTI1_IRQHandler                         0x080003ff   Thumb Code     0  startup_stm32f407xx.o(.text)
    EXTI2_IRQHandler                         0x080003ff   Thumb Code     0  startup_stm32f407xx.o(.text)
    EXTI3_IRQHandler                         0x080003ff   Thumb Code     0  startup_stm32f407xx.o(.text)
    EXTI4_IRQHandler                         0x080003ff   Thumb Code     0  startup_stm32f407xx.o(.text)
    EXTI9_5_IRQHandler                       0x080003ff   Thumb Code     0  startup_stm32f407xx.o(.text)
    FLASH_IRQHandler                         0x080003ff   Thumb Code     0  startup_stm32f407xx.o(.text)
    FMC_IRQHandler                           0x080003ff   Thumb Code     0  startup_stm32f407xx.o(.text)
    FPU_IRQHandler                           0x080003ff   Thumb Code     0  startup_stm32f407xx.o(.text)
    HASH_RNG_IRQHandler                      0x080003ff   Thumb Code     0  startup_stm32f407xx.o(.text)
    I2C2_ER_IRQHandler                       0x080003ff   Thumb Code     0  startup_stm32f407xx.o(.text)
    I2C2_EV_IRQHandler                       0x080003ff   Thumb Code     0  startup_stm32f407xx.o(.text)
    I2C3_ER_IRQHandler                       0x080003ff   Thumb Code     0  startup_stm32f407xx.o(.text)
    I2C3_EV_IRQHandler                       0x080003ff   Thumb Code     0  startup_stm32f407xx.o(.text)
    OTG_FS_IRQHandler                        0x080003ff   Thumb Code     0  startup_stm32f407xx.o(.text)
    OTG_FS_WKUP_IRQHandler                   0x080003ff   Thumb Code     0  startup_stm32f407xx.o(.text)
    OTG_HS_EP1_IN_IRQHandler                 0x080003ff   Thumb Code     0  startup_stm32f407xx.o(.text)
    OTG_HS_EP1_OUT_IRQHandler                0x080003ff   Thumb Code     0  startup_stm32f407xx.o(.text)
    OTG_HS_IRQHandler                        0x080003ff   Thumb Code     0  startup_stm32f407xx.o(.text)
    OTG_HS_WKUP_IRQHandler                   0x080003ff   Thumb Code     0  startup_stm32f407xx.o(.text)
    PVD_IRQHandler                           0x080003ff   Thumb Code     0  startup_stm32f407xx.o(.text)
    RCC_IRQHandler                           0x080003ff   Thumb Code     0  startup_stm32f407xx.o(.text)
    RTC_Alarm_IRQHandler                     0x080003ff   Thumb Code     0  startup_stm32f407xx.o(.text)
    RTC_WKUP_IRQHandler                      0x080003ff   Thumb Code     0  startup_stm32f407xx.o(.text)
    SDIO_IRQHandler                          0x080003ff   Thumb Code     0  startup_stm32f407xx.o(.text)
    SPI3_IRQHandler                          0x080003ff   Thumb Code     0  startup_stm32f407xx.o(.text)
    TAMP_STAMP_IRQHandler                    0x080003ff   Thumb Code     0  startup_stm32f407xx.o(.text)
    TIM1_BRK_TIM9_IRQHandler                 0x080003ff   Thumb Code     0  startup_stm32f407xx.o(.text)
    TIM1_CC_IRQHandler                       0x080003ff   Thumb Code     0  startup_stm32f407xx.o(.text)
    TIM1_TRG_COM_TIM11_IRQHandler            0x080003ff   Thumb Code     0  startup_stm32f407xx.o(.text)
    TIM1_UP_TIM10_IRQHandler                 0x080003ff   Thumb Code     0  startup_stm32f407xx.o(.text)
    TIM2_IRQHandler                          0x080003ff   Thumb Code     0  startup_stm32f407xx.o(.text)
    TIM3_IRQHandler                          0x080003ff   Thumb Code     0  startup_stm32f407xx.o(.text)
    TIM4_IRQHandler                          0x080003ff   Thumb Code     0  startup_stm32f407xx.o(.text)
    TIM5_IRQHandler                          0x080003ff   Thumb Code     0  startup_stm32f407xx.o(.text)
    TIM6_DAC_IRQHandler                      0x080003ff   Thumb Code     0  startup_stm32f407xx.o(.text)
    TIM7_IRQHandler                          0x080003ff   Thumb Code     0  startup_stm32f407xx.o(.text)
    TIM8_BRK_TIM12_IRQHandler                0x080003ff   Thumb Code     0  startup_stm32f407xx.o(.text)
    TIM8_CC_IRQHandler                       0x080003ff   Thumb Code     0  startup_stm32f407xx.o(.text)
    TIM8_TRG_COM_TIM14_IRQHandler            0x080003ff   Thumb Code     0  startup_stm32f407xx.o(.text)
    TIM8_UP_TIM13_IRQHandler                 0x080003ff   Thumb Code     0  startup_stm32f407xx.o(.text)
    UART4_IRQHandler                         0x080003ff   Thumb Code     0  startup_stm32f407xx.o(.text)
    UART5_IRQHandler                         0x080003ff   Thumb Code     0  startup_stm32f407xx.o(.text)
    USART1_IRQHandler                        0x080003ff   Thumb Code     0  startup_stm32f407xx.o(.text)
    USART2_IRQHandler                        0x080003ff   Thumb Code     0  startup_stm32f407xx.o(.text)
    USART3_IRQHandler                        0x080003ff   Thumb Code     0  startup_stm32f407xx.o(.text)
    USART6_IRQHandler                        0x080003ff   Thumb Code     0  startup_stm32f407xx.o(.text)
    WWDG_IRQHandler                          0x080003ff   Thumb Code     0  startup_stm32f407xx.o(.text)
    __user_initial_stackheap                 0x08000401   Thumb Code     0  startup_stm32f407xx.o(.text)
    __user_libspace                          0x08000425   Thumb Code     8  libspace.o(.text)
    __user_perproc_libspace                  0x08000425   Thumb Code     0  libspace.o(.text)
    exit                                     0x0800042d   Thumb Code    18  exit.o(.text)
    __aeabi_memcpy                           0x0800043f   Thumb Code     0  rt_memcpy_v6.o(.text)
    __rt_memcpy                              0x0800043f   Thumb Code   138  rt_memcpy_v6.o(.text)
    _memcpy_lastbytes                        0x080004a5   Thumb Code     0  rt_memcpy_v6.o(.text)
    __aeabi_memclr4                          0x080004c9   Thumb Code     0  rt_memclr_w.o(.text)
    __aeabi_memclr8                          0x080004c9   Thumb Code     0  rt_memclr_w.o(.text)
    __rt_memclr_w                            0x080004c9   Thumb Code    78  rt_memclr_w.o(.text)
    _memset_w                                0x080004cd   Thumb Code     0  rt_memclr_w.o(.text)
    __use_two_region_memory                  0x08000517   Thumb Code     2  heapauxi.o(.text)
    __rt_heap_escrow$2region                 0x08000519   Thumb Code     2  heapauxi.o(.text)
    __rt_heap_expand$2region                 0x0800051b   Thumb Code     2  heapauxi.o(.text)
    __aeabi_memcpy4                          0x0800051d   Thumb Code     0  rt_memcpy_w.o(.text)
    __aeabi_memcpy8                          0x0800051d   Thumb Code     0  rt_memcpy_w.o(.text)
    __rt_memcpy_w                            0x0800051d   Thumb Code   100  rt_memcpy_w.o(.text)
    _memcpy_lastbytes_aligned                0x08000565   Thumb Code     0  rt_memcpy_w.o(.text)
    _sys_exit                                0x08000581   Thumb Code     8  sys_exit.o(.text)
    __user_setup_stackheap                   0x0800058d   Thumb Code    74  sys_stackheap_outer.o(.text)
    __I$use$semihosting                      0x080005d7   Thumb Code     0  use_no_semi.o(.text)
    __use_no_semihosting_swi                 0x080005d7   Thumb Code     2  use_no_semi.o(.text)
    SVC_Count                                0x080005d8   Data           4  svc_table.o(SVC_TABLE)
    __semihosting_library_function           0x080005d9   Thumb Code     0  indicate_semi.o(.text)
    SVC_Table                                0x080005dc   Data           0  svc_table.o(SVC_TABLE)
    CAN1_RX0_IRQHandler                      0x080007f1   Thumb Code   218  can_stm32f4xx.o(i.CAN1_RX0_IRQHandler)
    CAN1_RX1_IRQHandler                      0x080008dd   Thumb Code   218  can_stm32f4xx.o(i.CAN1_RX1_IRQHandler)
    CAN1_SCE_IRQHandler                      0x080009c9   Thumb Code   140  can_stm32f4xx.o(i.CAN1_SCE_IRQHandler)
    CAN1_TX_IRQHandler                       0x08000a81   Thumb Code   294  can_stm32f4xx.o(i.CAN1_TX_IRQHandler)
    CAN2_RX0_IRQHandler                      0x08000c79   Thumb Code   218  can_stm32f4xx.o(i.CAN2_RX0_IRQHandler)
    CAN2_RX1_IRQHandler                      0x08000d65   Thumb Code   218  can_stm32f4xx.o(i.CAN2_RX1_IRQHandler)
    CAN2_SCE_IRQHandler                      0x08000e51   Thumb Code   140  can_stm32f4xx.o(i.CAN2_SCE_IRQHandler)
    CAN2_TX_IRQHandler                       0x08000f09   Thumb Code   294  can_stm32f4xx.o(i.CAN2_TX_IRQHandler)
    CAN_Task_e                               0x08001071   Thumb Code    72  main.o(i.CAN_Task_e)
    CAN_Task_r                               0x080010bd   Thumb Code    46  main.o(i.CAN_Task_r)
    Clignotant_Droit                         0x08002541   Thumb Code    82  led_lib.o(i.Clignotant_Droit)
    Clignotant_Gauche                        0x08002593   Thumb Code    82  led_lib.o(i.Clignotant_Gauche)
    GPS_Task                                 0x08002b7d   Thumb Code    12  main.o(i.GPS_Task)
    HAL_ADC_ConfigChannel                    0x08002b89   Thumb Code   380  stm32f4xx_hal_adc.o(i.HAL_ADC_ConfigChannel)
    HAL_ADC_GetValue                         0x08002d15   Thumb Code     8  stm32f4xx_hal_adc.o(i.HAL_ADC_GetValue)
    HAL_ADC_Init                             0x08002d1d   Thumb Code   100  stm32f4xx_hal_adc.o(i.HAL_ADC_Init)
    HAL_ADC_MspInit                          0x08002d85   Thumb Code     2  stm32f4xx_hal_adc.o(i.HAL_ADC_MspInit)
    HAL_ADC_PollForConversion                0x08002d87   Thumb Code   194  stm32f4xx_hal_adc.o(i.HAL_ADC_PollForConversion)
    HAL_ADC_Start                            0x08002e49   Thumb Code   290  stm32f4xx_hal_adc.o(i.HAL_ADC_Start)
    HAL_ADC_Stop                             0x08002f85   Thumb Code    72  stm32f4xx_hal_adc.o(i.HAL_ADC_Stop)
    HAL_DMA_Abort                            0x08002fcd   Thumb Code   170  stm32f4xx_hal_dma.o(i.HAL_DMA_Abort)
    HAL_DMA_Init                             0x08003079   Thumb Code   232  stm32f4xx_hal_dma.o(i.HAL_DMA_Init)
    HAL_DMA_Start_IT                         0x08003165   Thumb Code   158  stm32f4xx_hal_dma.o(i.HAL_DMA_Start_IT)
    HAL_Delay                                0x08003205   Thumb Code    36  stm32f4xx_hal.o(i.HAL_Delay)
    HAL_GPIO_DeInit                          0x0800322d   Thumb Code   316  stm32f4xx_hal_gpio.o(i.HAL_GPIO_DeInit)
    HAL_GPIO_Init                            0x08003391   Thumb Code   466  stm32f4xx_hal_gpio.o(i.HAL_GPIO_Init)
    HAL_GPIO_ReadPin                         0x08003591   Thumb Code    16  stm32f4xx_hal_gpio.o(i.HAL_GPIO_ReadPin)
    HAL_GPIO_WritePin                        0x080035a1   Thumb Code    12  stm32f4xx_hal_gpio.o(i.HAL_GPIO_WritePin)
    HAL_GetTick                              0x080035ad   Thumb Code     6  stm32f4xx_hal.o(i.HAL_GetTick)
    HAL_Init                                 0x080035b9   Thumb Code    44  stm32f4xx_hal.o(i.HAL_Init)
    HAL_InitTick                             0x080035e9   Thumb Code    64  stm32f4xx_hal.o(i.HAL_InitTick)
    HAL_MspInit                              0x08003635   Thumb Code     2  stm32f4xx_hal.o(i.HAL_MspInit)
    HAL_NVIC_ClearPendingIRQ                 0x08003639   Thumb Code    30  stm32f4xx_hal_cortex.o(i.HAL_NVIC_ClearPendingIRQ)
    HAL_NVIC_DisableIRQ                      0x0800365d   Thumb Code    62  stm32f4xx_hal_cortex.o(i.HAL_NVIC_DisableIRQ)
    HAL_NVIC_EnableIRQ                       0x080036a1   Thumb Code    40  stm32f4xx_hal_cortex.o(i.HAL_NVIC_EnableIRQ)
    HAL_NVIC_SetPriority                     0x080036c9   Thumb Code   124  stm32f4xx_hal_cortex.o(i.HAL_NVIC_SetPriority)
    HAL_NVIC_SetPriorityGrouping             0x08003745   Thumb Code    32  stm32f4xx_hal_cortex.o(i.HAL_NVIC_SetPriorityGrouping)
    HAL_RCC_GetHCLKFreq                      0x0800376d   Thumb Code     6  stm32f4xx_hal_rcc.o(i.HAL_RCC_GetHCLKFreq)
    HAL_RCC_GetPCLK1Freq                     0x08003779   Thumb Code    22  stm32f4xx_hal_rcc.o(i.HAL_RCC_GetPCLK1Freq)
    HAL_RCC_GetPCLK2Freq                     0x08003799   Thumb Code    22  stm32f4xx_hal_rcc.o(i.HAL_RCC_GetPCLK2Freq)
    HAL_SYSTICK_Config                       0x080037b9   Thumb Code    52  stm32f4xx_hal_cortex.o(i.HAL_SYSTICK_Config)
    Humidity_Task                            0x080037ed   Thumb Code    42  main.o(i.Humidity_Task)
    I2C1_ER_IRQHandler                       0x08003835   Thumb Code    10  i2c_stm32f4xx.o(i.I2C1_ER_IRQHandler)
    I2C1_EV_IRQHandler                       0x08003845   Thumb Code    10  i2c_stm32f4xx.o(i.I2C1_EV_IRQHandler)
    LEDS_set_single_led_color                0x08004d7d   Thumb Code    92  led_lib.o(i.LEDS_set_single_led_color)
    Led_Task                                 0x08004ddd   Thumb Code   922  main.o(i.Led_Task)
    Lib_ADC_Init                             0x08005185   Thumb Code   148  lib_adc.o(i.Lib_ADC_Init)
    Lib_ADC_Read_Channel0                    0x0800526d   Thumb Code    10  lib_adc.o(i.Lib_ADC_Read_Channel0)
    Lib_ADC_Read_Channel1                    0x08005277   Thumb Code    10  lib_adc.o(i.Lib_ADC_Read_Channel1)
    Lum_Task                                 0x08005281   Thumb Code   142  main.o(i.Lum_Task)
    Phares_Off                               0x08005315   Thumb Code    42  led_lib.o(i.Phares_Off)
    SPI1_IRQHandler                          0x08005379   Thumb Code    10  spi_stm32f4xx.o(i.SPI1_IRQHandler)
    SPI2_IRQHandler                          0x08005445   Thumb Code    10  spi_stm32f4xx.o(i.SPI2_IRQHandler)
    SystemInit                               0x08006081   Thumb Code    82  system_stm32f4xx.o(i.SystemInit)
    _LEDS_trame_end                          0x080060e5   Thumb Code    18  led_lib.o(i._LEDS_trame_end)
    _LEDS_trame_start                        0x080060f7   Thumb Code    18  led_lib.o(i._LEDS_trame_start)
    _init_box                                0x080061bd   Thumb Code    70  rt_membox.o(i._init_box)
    _mutex_acquire                           0x08006205   Thumb Code    22  rtx_conf_cm.o(i._mutex_acquire)
    _mutex_release                           0x08006225   Thumb Code    18  rtx_conf_cm.o(i._mutex_release)
    dbg_init                                 0x08006241   Thumb Code    34  hal_cm.o(i.dbg_init)
    dbg_task_notify                          0x08006271   Thumb Code    32  hal_cm.o(i.dbg_task_notify)
    dbg_task_switch                          0x08006291   Thumb Code    16  hal_cm.o(i.dbg_task_switch)
    get1Sens                                 0x080062a1   Thumb Code    32  lib_uson.o(i.get1Sens)
    isrMessageGet                            0x080062c1   Thumb Code    42  rt_cmsis.o(i.isrMessageGet)
    isrMessagePut                            0x080062eb   Thumb Code    44  rt_cmsis.o(i.isrMessagePut)
    isrSignalSet                             0x08006317   Thumb Code    36  rt_cmsis.o(i.isrSignalSet)
    isr_evt_set                              0x0800633d   Thumb Code    34  rt_event.o(i.isr_evt_set)
    isr_mbx_receive                          0x08006365   Thumb Code    86  rt_mailbox.o(i.isr_mbx_receive)
    isr_mbx_send                             0x080063bb   Thumb Code    14  rt_mailbox.o(i.isr_mbx_send)
    main                                     0x080063c9   Thumb Code    94  main.o(i.main)
    osDelay                                  0x08006459   Thumb Code    18  rt_cmsis.o(i.osDelay)
    osKernelInitialize                       0x08006471   Thumb Code    30  rt_cmsis.o(i.osKernelInitialize)
    osKernelStart                            0x08006495   Thumb Code    98  rt_cmsis.o(i.osKernelStart)
    osMailAlloc                              0x08006501   Thumb Code    22  rt_cmsis.o(i.osMailAlloc)
    osMailFree                               0x0800651d   Thumb Code    22  rt_cmsis.o(i.osMailFree)
    osMailGet                                0x08006539   Thumb Code    22  rt_cmsis.o(i.osMailGet)
    osMailPut                                0x0800654f   Thumb Code    20  rt_cmsis.o(i.osMailPut)
    osMessageGet                             0x08006565   Thumb Code    18  rt_cmsis.o(i.osMessageGet)
    osMessagePut                             0x0800657d   Thumb Code    18  rt_cmsis.o(i.osMessagePut)
    osSignalSet                              0x08006595   Thumb Code    18  rt_cmsis.o(i.osSignalSet)
    osSignalWait                             0x080065ad   Thumb Code    18  rt_cmsis.o(i.osSignalWait)
    osThreadCreate                           0x080065c5   Thumb Code    36  rt_cmsis.o(i.osThreadCreate)
    osThreadExit                             0x080065f1   Thumb Code    14  rt_cmsis.o(i.osThreadExit)
    osTimerCall                              0x08006609   Thumb Code     8  rt_cmsis.o(i.osTimerCall)
    osTimerThread                            0x08006615   Thumb Code    38  rt_cmsis.o(i.osTimerThread)
    os_error                                 0x08006641   Thumb Code    34  rtx_conf_cm.o(i.os_error)
    os_idle_demon                            0x08006663   Thumb Code     4  rtx_conf_cm.o(i.os_idle_demon)
    os_tick_init                             0x08006669   Thumb Code    32  rt_system.o(i.os_tick_init)
    os_tick_irqack                           0x08006691   Thumb Code     2  rt_system.o(i.os_tick_irqack)
    phares                                   0x08006693   Thumb Code    44  led_lib.o(i.phares)
    read1byte                                0x080066c1   Thumb Code    78  lib_uson.o(i.read1byte)
    rt_alloc_box                             0x08006715   Thumb Code    26  rt_membox.o(i.rt_alloc_box)
    rt_alloc_mem                             0x0800672f   Thumb Code    62  rt_memory.o(i.rt_alloc_mem)
    rt_block                                 0x0800676d   Thumb Code    48  rt_task.o(i.rt_block)
    rt_chk_robin                             0x080067a5   Thumb Code    60  rt_robin.o(i.rt_chk_robin)
    rt_dec_dly                               0x080067ed   Thumb Code   102  rt_list.o(i.rt_dec_dly)
    rt_dispatch                              0x0800685d   Thumb Code    60  rt_task.o(i.rt_dispatch)
    rt_dly_wait                              0x080068a1   Thumb Code     6  rt_time.o(i.rt_dly_wait)
    rt_evt_psh                               0x080068a9   Thumb Code    76  rt_event.o(i.rt_evt_psh)
    rt_evt_set                               0x080068f9   Thumb Code    88  rt_event.o(i.rt_evt_set)
    rt_evt_wait                              0x08006955   Thumb Code    56  rt_event.o(i.rt_evt_wait)
    rt_free_box                              0x08006991   Thumb Code    44  rt_membox.o(i.rt_free_box)
    rt_free_mem                              0x080069bd   Thumb Code    40  rt_memory.o(i.rt_free_mem)
    rt_get_first                             0x080069e5   Thumb Code    40  rt_list.o(i.rt_get_first)
    rt_init_mem                              0x08006a5d   Thumb Code    26  rt_memory.o(i.rt_init_mem)
    rt_init_robin                            0x08006a79   Thumb Code    14  rt_robin.o(i.rt_init_robin)
    rt_init_stack                            0x08006a91   Thumb Code   118  hal_cm.o(i.rt_init_stack)
    rt_mbx_check                             0x08006b11   Thumb Code     8  rt_mailbox.o(i.rt_mbx_check)
    rt_mbx_init                              0x08006b19   Thumb Code    26  rt_mailbox.o(i.rt_mbx_init)
    rt_mbx_psh                               0x08006b35   Thumb Code   236  rt_mailbox.o(i.rt_mbx_psh)
    rt_mbx_send                              0x08006c25   Thumb Code   148  rt_mailbox.o(i.rt_mbx_send)
    rt_mbx_wait                              0x08006cbd   Thumb Code   174  rt_mailbox.o(i.rt_mbx_wait)
    rt_mut_release                           0x08006db5   Thumb Code   208  rt_mutex.o(i.rt_mut_release)
    rt_mut_wait                              0x08006e8d   Thumb Code   114  rt_mutex.o(i.rt_mut_wait)
    rt_pop_req                               0x08006f05   Thumb Code   112  rt_system.o(i.rt_pop_req)
    rt_psh_req                               0x08006f81   Thumb Code    22  rt_system.o(i.rt_psh_req)
    rt_psq_enq                               0x08006fa1   Thumb Code    88  rt_list.o(i.rt_psq_enq)
    rt_put_dly                               0x08006ffd   Thumb Code    68  rt_list.o(i.rt_put_dly)
    rt_put_prio                              0x08007045   Thumb Code    54  rt_list.o(i.rt_put_prio)
    rt_put_rdy_first                         0x0800707d   Thumb Code    14  rt_list.o(i.rt_put_rdy_first)
    rt_resort_prio                           0x08007091   Thumb Code    46  rt_list.o(i.rt_resort_prio)
    rt_ret_val                               0x080070d5   Thumb Code    12  hal_cm.o(i.rt_ret_val)
    rt_ret_val2                              0x080070e1   Thumb Code    16  hal_cm.o(i.rt_ret_val2)
    rt_rmv_dly                               0x080070f1   Thumb Code    40  rt_list.o(i.rt_rmv_dly)
    rt_rmv_list                              0x08007119   Thumb Code    44  rt_list.o(i.rt_rmv_list)
    rt_sem_psh                               0x08007149   Thumb Code    48  rt_semaphore.o(i.rt_sem_psh)
    rt_stk_check                             0x0800717d   Thumb Code    28  rt_system.o(i.rt_stk_check)
    rt_switch_req                            0x080071a1   Thumb Code    30  rt_task.o(i.rt_switch_req)
    rt_sys_init                              0x080071c9   Thumb Code   138  rt_task.o(i.rt_sys_init)
    rt_sys_start                             0x08007295   Thumb Code   110  rt_task.o(i.rt_sys_start)
    rt_systick                               0x0800730d   Thumb Code    50  rt_system.o(i.rt_systick)
    rt_tsk_create                            0x08007395   Thumb Code   118  rt_task.o(i.rt_tsk_create)
    rt_tsk_delete                            0x0800741d   Thumb Code   352  rt_task.o(i.rt_tsk_delete)
    rt_tsk_prio                              0x08007599   Thumb Code   108  rt_task.o(i.rt_tsk_prio)
    rt_tsk_self                              0x08007615   Thumb Code    12  rt_task.o(i.rt_tsk_self)
    sensor_Task                              0x08007625   Thumb Code    82  main.o(i.sensor_Task)
    svcDelay                                 0x08007681   Thumb Code    18  rt_cmsis.o(i.svcDelay)
    svcKernelInitialize                      0x08007695   Thumb Code    80  rt_cmsis.o(i.svcKernelInitialize)
    svcKernelStart                           0x08007705   Thumb Code    62  rt_cmsis.o(i.svcKernelStart)
    svcMessageCreate                         0x0800774d   Thumb Code    36  rt_cmsis.o(i.svcMessageCreate)
    svcMessageGet                            0x08007771   Thumb Code    58  rt_cmsis.o(i.svcMessageGet)
    svcMessagePut                            0x080077ab   Thumb Code    54  rt_cmsis.o(i.svcMessagePut)
    svcSignalSet                             0x080077e1   Thumb Code    36  rt_cmsis.o(i.svcSignalSet)
    svcSignalWait                            0x08007805   Thumb Code    80  rt_cmsis.o(i.svcSignalWait)
    svcThreadCreate                          0x08007859   Thumb Code    96  rt_cmsis.o(i.svcThreadCreate)
    svcThreadGetId                           0x080078c5   Thumb Code    22  rt_cmsis.o(i.svcThreadGetId)
    svcThreadTerminate                       0x080078e1   Thumb Code    50  rt_cmsis.o(i.svcThreadTerminate)
    svcTimerCall                             0x08007919   Thumb Code    24  rt_cmsis.o(i.svcTimerCall)
    sysMailAlloc                             0x08007931   Thumb Code    84  rt_cmsis.o(i.sysMailAlloc)
    sysMailFree                              0x08007989   Thumb Code    96  rt_cmsis.o(i.sysMailFree)
    sysTimerTick                             0x080079e9   Thumb Code    84  rt_cmsis.o(i.sysTimerTick)
    write1byte                               0x08007a45   Thumb Code    54  lib_uson.o(i.write1byte)
    _fp_init                                 0x08007a81   Thumb Code    10  fpinit.o(x$fpl$fpinit)
    __fplib_config_fpu_vfp                   0x08007a89   Thumb Code     0  fpinit.o(x$fpl$fpinit)
    __fplib_config_pureend_doubles           0x08007a89   Thumb Code     0  fpinit.o(x$fpl$fpinit)
    os_thread_def_Led_Task                   0x08007a8c   Data          16  main.o(.constdata)
    os_thread_def_GPS_Task                   0x08007a9c   Data          16  main.o(.constdata)
    os_thread_def_CAN_Task_e                 0x08007aac   Data          16  main.o(.constdata)
    os_thread_def_Lum_Task                   0x08007abc   Data          16  main.o(.constdata)
    os_thread_def_Humidity_Task              0x08007acc   Data          16  main.o(.constdata)
    os_thread_def_sensor_Task                0x08007adc   Data          16  main.o(.constdata)
    os_thread_def_CAN_Task_r                 0x08007aec   Data          16  main.o(.constdata)
    os_mailQ_def_LumDir                      0x08007afc   Data          12  main.o(.constdata)
    os_mailQ_def_ADC_CAN                     0x08007b08   Data          12  main.o(.constdata)
    os_mailQ_def_sensor                      0x08007b14   Data          12  main.o(.constdata)
    os_mailQ_def_CAN                         0x08007b20   Data          12  main.o(.constdata)
    os_maxtaskrun                            0x08007b34   Data           2  rtx_conf_cm.o(.constdata)
    os_stackinfo                             0x08007b38   Data           4  rtx_conf_cm.o(.constdata)
    os_rrobin                                0x08007b3c   Data           4  rtx_conf_cm.o(.constdata)
    os_tickfreq                              0x08007b40   Data           4  rtx_conf_cm.o(.constdata)
    os_tickus_i                              0x08007b44   Data           2  rtx_conf_cm.o(.constdata)
    os_tickus_f                              0x08007b46   Data           2  rtx_conf_cm.o(.constdata)
    os_trv                                   0x08007b48   Data           4  rtx_conf_cm.o(.constdata)
    os_flags                                 0x08007b4c   Data           1  rtx_conf_cm.o(.constdata)
    CMSIS_RTOS_API_Version                   0x08007b50   Data           4  rtx_conf_cm.o(.constdata)
    CMSIS_RTOS_RTX_Version                   0x08007b54   Data           4  rtx_conf_cm.o(.constdata)
    os_clockrate                             0x08007b58   Data           4  rtx_conf_cm.o(.constdata)
    os_timernum                              0x08007b5c   Data           4  rtx_conf_cm.o(.constdata)
    mp_tcb_size                              0x08007b60   Data           2  rtx_conf_cm.o(.constdata)
    mp_stk_size                              0x08007b64   Data           4  rtx_conf_cm.o(.constdata)
    os_stack_sz                              0x08007b68   Data           4  rtx_conf_cm.o(.constdata)
    os_fifo_size                             0x08007b6c   Data           1  rtx_conf_cm.o(.constdata)
    os_thread_def_osTimerThread              0x08007b70   Data          16  rtx_conf_cm.o(.constdata)
    os_messageQ_def_osTimerMessageQ          0x08007b80   Data           8  rtx_conf_cm.o(.constdata)
    mp_tmr_size                              0x08007b88   Data           2  rtx_conf_cm.o(.constdata)
    os_thread_def_main                       0x08007b8c   Data          16  rtx_conf_cm.o(.constdata)
    Driver_CAN1                              0x08007bb8   Data          60  can_stm32f4xx.o(.constdata)
    Driver_CAN2                              0x08007bf4   Data          60  can_stm32f4xx.o(.constdata)
    Driver_I2C1                              0x08007c68   Data          48  i2c_stm32f4xx.o(.constdata)
    Driver_SPI1                              0x08007d78   Data          44  spi_stm32f4xx.o(.constdata)
    Driver_SPI2                              0x08007da4   Data          44  spi_stm32f4xx.o(.constdata)
    AHBPrescTable                            0x08007dd8   Data          16  system_stm32f4xx.o(.constdata)
    APBPrescTable                            0x08007de8   Data           8  system_stm32f4xx.o(.constdata)
    Region$$Table$$Base                      0x08007df0   Number         0  anon$$obj.o(Region$$Table)
    Region$$Table$$Limit                     0x08007e10   Number         0  anon$$obj.o(Region$$Table)
    SLAVE_I2C_ADDR                           0x20000000   Data           5  main.o(.data)
    rx_msg_info                              0x20000008   Data           8  main.o(.data)
    CANdata_buf                              0x20000010   Data           8  main.o(.data)
    ID_Led_Task                              0x20000018   Data           4  main.o(.data)
    ID_GPS_Task                              0x2000001c   Data           4  main.o(.data)
    ID_CAN_Task_e                            0x20000020   Data           4  main.o(.data)
    ID_Lum_Task                              0x20000024   Data           4  main.o(.data)
    ID_Humidity_Task                         0x20000028   Data           4  main.o(.data)
    ID_sensor_Task                           0x2000002c   Data           4  main.o(.data)
    ID_CAN_Task_r                            0x20000030   Data           4  main.o(.data)
    ID_LumDir                                0x20000034   Data           4  main.o(.data)
    ID_ADC_CAN                               0x20000038   Data           4  main.o(.data)
    ID_sensor                                0x2000003c   Data           4  main.o(.data)
    ID_CAN                                   0x20000040   Data           4  main.o(.data)
    os_mailQ_p_LumDir                        0x20000044   Data           8  main.o(.data)
    os_mailQ_p_ADC_CAN                       0x2000004c   Data           8  main.o(.data)
    os_mailQ_p_sensor                        0x20000054   Data           8  main.o(.data)
    os_mailQ_p_CAN                           0x2000005c   Data           8  main.o(.data)
    osThreadId_osTimerThread                 0x20000064   Data           4  rtx_conf_cm.o(.data)
    osMessageQId_osTimerMessageQ             0x20000068   Data           4  rtx_conf_cm.o(.data)
    os_tmr                                   0x2000006c   Data           4  rtx_conf_cm.o(.data)
    m_tmr                                    0x20000070   Data           4  rtx_conf_cm.o(.data)
    uwTick                                   0x2000008c   Data           4  stm32f4xx_hal.o(.data)
    uwTickPrio                               0x20000090   Data           4  stm32f4xx_hal.o(.data)
    uwTickFreq                               0x20000094   Data           1  stm32f4xx_hal.o(.data)
    SystemCoreClock                          0x20000098   Data           4  system_stm32f4xx.o(.data)
    os_initialized                           0x2000009c   Data           1  rt_cmsis.o(.data)
    os_running                               0x2000009d   Data           1  rt_cmsis.o(.data)
    os_timer_head                            0x200000a0   Data           4  rt_cmsis.o(.data)
    os_tsk                                   0x200000a4   Data           8  rt_task.o(.data)
    os_tick_irqn                             0x200000b0   Data           4  rt_system.o(.data)
    os_time                                  0x200000b4   Data           4  rt_time.o(.data)
    os_robin                                 0x200000b8   Data           8  rt_robin.o(.data)
    dbg_msg                                  0x200000c0   Data           1  hal_cm.o(.data)
    trame                                    0x200000c4   Data         300  main.o(.bss)
    os_mailQ_q_LumDir                        0x200001f0   Data          24  main.o(.bss)
    os_mailQ_m_LumDir                        0x20000208   Data          20  main.o(.bss)
    os_mailQ_q_ADC_CAN                       0x2000021c   Data          20  main.o(.bss)
    os_mailQ_m_ADC_CAN                       0x20000230   Data          16  main.o(.bss)
    os_mailQ_q_sensor                        0x20000240   Data          56  main.o(.bss)
    os_mailQ_m_sensor                        0x20000278   Data          52  main.o(.bss)
    os_mailQ_q_CAN                           0x200002ac   Data          56  main.o(.bss)
    os_mailQ_m_CAN                           0x200002e4   Data          52  main.o(.bss)
    mp_tcb                                   0x20000360   Data         376  rtx_conf_cm.o(.bss)
    mp_stk                                   0x200004d8   Data        1216  rtx_conf_cm.o(.bss)
    os_stack_mem                             0x20000998   Data         432  rtx_conf_cm.o(.bss)
    os_fifo                                  0x20000b48   Data         132  rtx_conf_cm.o(.bss)
    os_active_TCB                            0x20000bcc   Data          28  rtx_conf_cm.o(.bss)
    os_messageQ_q_osTimerMessageQ            0x20000be8   Data          32  rtx_conf_cm.o(.bss)
    os_idle_TCB                              0x20000fb4   Data          52  rt_task.o(.bss)
    os_rdy                                   0x20000fe8   Data          24  rt_list.o(.bss)
    os_dly                                   0x20001000   Data          24  rt_list.o(.bss)
    __libspace_start                         0x20001018   Data          96  libspace.o(.bss)
    __temporary_stack_top$libspace           0x20001078   Data           0  libspace.o(.bss)



==============================================================================

Memory Map of the image

  Image Entry point : 0x080003e5

  Load Region LR_1 (Base: 0x08000000, Size: 0x00007ed4, Max: 0xffffffff, ABSOLUTE)

    Execution Region ER_RO (Base: 0x08000000, Size: 0x00007e10, Max: 0xffffffff, ABSOLUTE)

    Base Addr    Size         Type   Attr      Idx    E Section Name        Object

    0x08000000   0x00000188   Data   RO         3390    RESET               startup_stm32f407xx.o
    0x08000188   0x00000008   Code   RO         4663  * !!!main             c_w.l(__main.o)
    0x08000190   0x00000034   Code   RO         4826    !!!scatter          c_w.l(__scatter.o)
    0x080001c4   0x0000001a   Code   RO         4828    !!handler_copy      c_w.l(__scatter_copy.o)
    0x080001de   0x00000002   PAD
    0x080001e0   0x0000001c   Code   RO         4830    !!handler_zi        c_w.l(__scatter_zi.o)
    0x080001fc   0x00000002   Code   RO         4712    .ARM.Collect$$libinit$$00000000  c_w.l(libinit.o)
    0x080001fe   0x00000004   Code   RO         4723    .ARM.Collect$$libinit$$00000001  c_w.l(libinit2.o)
    0x08000202   0x00000000   Code   RO         4726    .ARM.Collect$$libinit$$00000004  c_w.l(libinit2.o)
    0x08000202   0x00000000   Code   RO         4729    .ARM.Collect$$libinit$$0000000A  c_w.l(libinit2.o)
    0x08000202   0x00000000   Code   RO         4731    .ARM.Collect$$libinit$$0000000C  c_w.l(libinit2.o)
    0x08000202   0x00000000   Code   RO         4733    .ARM.Collect$$libinit$$0000000E  c_w.l(libinit2.o)
    0x08000202   0x00000000   Code   RO         4736    .ARM.Collect$$libinit$$00000011  c_w.l(libinit2.o)
    0x08000202   0x00000000   Code   RO         4738    .ARM.Collect$$libinit$$00000013  c_w.l(libinit2.o)
    0x08000202   0x00000000   Code   RO         4740    .ARM.Collect$$libinit$$00000015  c_w.l(libinit2.o)
    0x08000202   0x00000000   Code   RO         4742    .ARM.Collect$$libinit$$00000017  c_w.l(libinit2.o)
    0x08000202   0x00000000   Code   RO         4744    .ARM.Collect$$libinit$$00000019  c_w.l(libinit2.o)
    0x08000202   0x00000000   Code   RO         4746    .ARM.Collect$$libinit$$0000001B  c_w.l(libinit2.o)
    0x08000202   0x00000000   Code   RO         4748    .ARM.Collect$$libinit$$0000001D  c_w.l(libinit2.o)
    0x08000202   0x00000000   Code   RO         4750    .ARM.Collect$$libinit$$0000001F  c_w.l(libinit2.o)
    0x08000202   0x00000000   Code   RO         4752    .ARM.Collect$$libinit$$00000021  c_w.l(libinit2.o)
    0x08000202   0x00000000   Code   RO         4754    .ARM.Collect$$libinit$$00000023  c_w.l(libinit2.o)
    0x08000202   0x00000000   Code   RO         4756    .ARM.Collect$$libinit$$00000025  c_w.l(libinit2.o)
    0x08000202   0x00000000   Code   RO         4760    .ARM.Collect$$libinit$$0000002C  c_w.l(libinit2.o)
    0x08000202   0x00000000   Code   RO         4762    .ARM.Collect$$libinit$$0000002E  c_w.l(libinit2.o)
    0x08000202   0x00000000   Code   RO         4764    .ARM.Collect$$libinit$$00000030  c_w.l(libinit2.o)
    0x08000202   0x00000000   Code   RO         4766    .ARM.Collect$$libinit$$00000032  c_w.l(libinit2.o)
    0x08000202   0x00000002   Code   RO         4767    .ARM.Collect$$libinit$$00000033  c_w.l(libinit2.o)
    0x08000204   0x00000002   Code   RO         4713    .ARM.Collect$$libshutdown$$00000000  c_w.l(libshutdown.o)
    0x08000206   0x00000000   Code   RO         4769    .ARM.Collect$$libshutdown$$00000002  c_w.l(libshutdown2.o)
    0x08000206   0x00000000   Code   RO         4771    .ARM.Collect$$libshutdown$$00000004  c_w.l(libshutdown2.o)
    0x08000206   0x00000000   Code   RO         4774    .ARM.Collect$$libshutdown$$00000007  c_w.l(libshutdown2.o)
    0x08000206   0x00000000   Code   RO         4777    .ARM.Collect$$libshutdown$$0000000A  c_w.l(libshutdown2.o)
    0x08000206   0x00000000   Code   RO         4779    .ARM.Collect$$libshutdown$$0000000C  c_w.l(libshutdown2.o)
    0x08000206   0x00000000   Code   RO         4782    .ARM.Collect$$libshutdown$$0000000F  c_w.l(libshutdown2.o)
    0x08000206   0x00000002   Code   RO         4783    .ARM.Collect$$libshutdown$$00000010  c_w.l(libshutdown2.o)
    0x08000208   0x00000000   Code   RO         4665    .ARM.Collect$$rtentry$$00000000  c_w.l(__rtentry.o)
    0x08000208   0x00000000   Code   RO         4675    .ARM.Collect$$rtentry$$00000002  c_w.l(__rtentry2.o)
    0x08000208   0x00000006   Code   RO         4687    .ARM.Collect$$rtentry$$00000004  c_w.l(__rtentry4.o)
    0x0800020e   0x00000000   Code   RO         4677    .ARM.Collect$$rtentry$$00000009  c_w.l(__rtentry2.o)
    0x0800020e   0x00000004   Code   RO         4678    .ARM.Collect$$rtentry$$0000000A  c_w.l(__rtentry2.o)
    0x08000212   0x00000008   Code   RO         4679    .ARM.Collect$$rtentry$$0000000B  c_w.l(__rtentry2.o)
    0x0800021a   0x00000008   Code   RO         4681    .ARM.Collect$$rtentry$$0000000D  c_w.l(__rtentry2.o)
    0x08000222   0x00000002   Code   RO         4666    .ARM.Collect$$rtexit$$00000000  c_w.l(rtexit.o)
    0x08000224   0x00000000   Code   RO         4690    .ARM.Collect$$rtexit$$00000002  c_w.l(rtexit2.o)
    0x08000224   0x00000004   Code   RO         4691    .ARM.Collect$$rtexit$$00000003  c_w.l(rtexit2.o)
    0x08000228   0x00000006   Code   RO         4692    .ARM.Collect$$rtexit$$00000004  c_w.l(rtexit2.o)
    0x0800022e   0x00000002   PAD
    0x08000230   0x0000001c   Code   RO          463    .emb_text           rtx_conf_cm.o
    0x0800024c   0x00000198   Code   RO         4635    .emb_text           RTX_CM4.lib(hal_cm4.o)
    0x080003e4   0x00000040   Code   RO         3391  * .text               startup_stm32f407xx.o
    0x08000424   0x00000008   Code   RO         4650    .text               c_w.l(libspace.o)
    0x0800042c   0x00000012   Code   RO         4655    .text               c_w.l(exit.o)
    0x0800043e   0x0000008a   Code   RO         4657    .text               c_w.l(rt_memcpy_v6.o)
    0x080004c8   0x0000004e   Code   RO         4659    .text               c_w.l(rt_memclr_w.o)
    0x08000516   0x00000006   Code   RO         4661    .text               c_w.l(heapauxi.o)
    0x0800051c   0x00000064   Code   RO         4672    .text               c_w.l(rt_memcpy_w.o)
    0x08000580   0x0000000c   Code   RO         4698    .text               c_w.l(sys_exit.o)
    0x0800058c   0x0000004a   Code   RO         4700    .text               c_w.l(sys_stackheap_outer.o)
    0x080005d6   0x00000002   Code   RO         4714    .text               c_w.l(use_no_semi.o)
    0x080005d8   0x00000000   Code   RO         4716    .text               c_w.l(indicate_semi.o)
    0x080005d8   0x00000004   Code   RO         4645    SVC_TABLE           RTX_CM4.lib(svc_table.o)
    0x080005dc   0x00000160   Code   RO         1398    i.ADC_Init          stm32f4xx_hal_adc.o
    0x0800073c   0x00000012   Code   RO          524    i.CAN1_Control      can_stm32f4xx.o
    0x0800074e   0x0000000c   Code   RO          525    i.CAN1_GetStatus    can_stm32f4xx.o
    0x0800075a   0x00000012   Code   RO          526    i.CAN1_Initialize   can_stm32f4xx.o
    0x0800076c   0x0000001c   Code   RO          527    i.CAN1_MessageRead  can_stm32f4xx.o
    0x08000788   0x0000001c   Code   RO          528    i.CAN1_MessageSend  can_stm32f4xx.o
    0x080007a4   0x00000012   Code   RO          529    i.CAN1_ObjectConfigure  can_stm32f4xx.o
    0x080007b6   0x00000010   Code   RO          530    i.CAN1_ObjectGetCapabilities  can_stm32f4xx.o
    0x080007c6   0x0000001c   Code   RO          531    i.CAN1_ObjectSetFilter  can_stm32f4xx.o
    0x080007e2   0x0000000e   Code   RO          532    i.CAN1_PowerControl  can_stm32f4xx.o
    0x080007f0   0x000000ec   Code   RO          533    i.CAN1_RX0_IRQHandler  can_stm32f4xx.o
    0x080008dc   0x000000ec   Code   RO          534    i.CAN1_RX1_IRQHandler  can_stm32f4xx.o
    0x080009c8   0x00000094   Code   RO          535    i.CAN1_SCE_IRQHandler  can_stm32f4xx.o
    0x08000a5c   0x00000016   Code   RO          536    i.CAN1_SetBitrate   can_stm32f4xx.o
    0x08000a72   0x0000000e   Code   RO          537    i.CAN1_SetMode      can_stm32f4xx.o
    0x08000a80   0x00000138   Code   RO          538    i.CAN1_TX_IRQHandler  can_stm32f4xx.o
    0x08000bb8   0x0000000a   Code   RO          539    i.CAN1_Uninitialize  can_stm32f4xx.o
    0x08000bc2   0x00000012   Code   RO          540    i.CAN2_Control      can_stm32f4xx.o
    0x08000bd4   0x0000000c   Code   RO          541    i.CAN2_GetStatus    can_stm32f4xx.o
    0x08000be0   0x00000012   Code   RO          542    i.CAN2_Initialize   can_stm32f4xx.o
    0x08000bf2   0x0000001c   Code   RO          543    i.CAN2_MessageRead  can_stm32f4xx.o
    0x08000c0e   0x0000001c   Code   RO          544    i.CAN2_MessageSend  can_stm32f4xx.o
    0x08000c2a   0x00000012   Code   RO          545    i.CAN2_ObjectConfigure  can_stm32f4xx.o
    0x08000c3c   0x00000010   Code   RO          546    i.CAN2_ObjectGetCapabilities  can_stm32f4xx.o
    0x08000c4c   0x0000001c   Code   RO          547    i.CAN2_ObjectSetFilter  can_stm32f4xx.o
    0x08000c68   0x0000000e   Code   RO          548    i.CAN2_PowerControl  can_stm32f4xx.o
    0x08000c76   0x00000002   PAD
    0x08000c78   0x000000ec   Code   RO          549    i.CAN2_RX0_IRQHandler  can_stm32f4xx.o
    0x08000d64   0x000000ec   Code   RO          550    i.CAN2_RX1_IRQHandler  can_stm32f4xx.o
    0x08000e50   0x00000094   Code   RO          551    i.CAN2_SCE_IRQHandler  can_stm32f4xx.o
    0x08000ee4   0x00000016   Code   RO          552    i.CAN2_SetBitrate   can_stm32f4xx.o
    0x08000efa   0x0000000e   Code   RO          553    i.CAN2_SetMode      can_stm32f4xx.o
    0x08000f08   0x00000138   Code   RO          554    i.CAN2_TX_IRQHandler  can_stm32f4xx.o
    0x08001040   0x0000000a   Code   RO          555    i.CAN2_Uninitialize  can_stm32f4xx.o
    0x0800104a   0x00000002   PAD
    0x0800104c   0x0000000c   Code   RO          556    i.CAN_GetCapabilities  can_stm32f4xx.o
    0x08001058   0x00000008   Code   RO          557    i.CAN_GetClock      can_stm32f4xx.o
    0x08001060   0x00000010   Code   RO          558    i.CAN_GetVersion    can_stm32f4xx.o
    0x08001070   0x0000004c   Code   RO            4    i.CAN_Task_e        main.o
    0x080010bc   0x00000038   Code   RO            5    i.CAN_Task_r        main.o
    0x080010f4   0x00000370   Code   RO          559    i.CANx_AddFilter    can_stm32f4xx.o
    0x08001464   0x000000b0   Code   RO          560    i.CANx_Control      can_stm32f4xx.o
    0x08001514   0x00000128   Code   RO          561    i.CANx_GetStatus    can_stm32f4xx.o
    0x0800163c   0x000000dc   Code   RO          562    i.CANx_Initialize   can_stm32f4xx.o
    0x08001718   0x00000120   Code   RO          563    i.CANx_MessageRead  can_stm32f4xx.o
    0x08001838   0x0000014c   Code   RO          564    i.CANx_MessageSend  can_stm32f4xx.o
    0x08001984   0x000000a8   Code   RO          565    i.CANx_ObjectConfigure  can_stm32f4xx.o
    0x08001a2c   0x0000002c   Code   RO          566    i.CANx_ObjectGetCapabilities  can_stm32f4xx.o
    0x08001a58   0x000000e0   Code   RO          567    i.CANx_ObjectSetFilter  can_stm32f4xx.o
    0x08001b38   0x00000360   Code   RO          568    i.CANx_PowerControl  can_stm32f4xx.o
    0x08001e98   0x0000033c   Code   RO          569    i.CANx_RemoveFilter  can_stm32f4xx.o
    0x080021d4   0x00000144   Code   RO          570    i.CANx_SetBitrate   can_stm32f4xx.o
    0x08002318   0x0000019c   Code   RO          571    i.CANx_SetMode      can_stm32f4xx.o
    0x080024b4   0x0000008c   Code   RO          572    i.CANx_Uninitialize  can_stm32f4xx.o
    0x08002540   0x00000052   Code   RO          227    i.Clignotant_Droit  led_lib.o
    0x08002592   0x00000052   Code   RO          228    i.Clignotant_Gauche  led_lib.o
    0x080025e4   0x00000034   Code   RO         2044    i.DMA_CalcBaseAndBitshift  stm32f4xx_hal_dma.o
    0x08002618   0x000000aa   Code   RO         2045    i.DMA_CheckFifoParam  stm32f4xx_hal_dma.o
    0x080026c2   0x0000002c   Code   RO         2046    i.DMA_SetConfig     stm32f4xx_hal_dma.o
    0x080026ee   0x00000002   PAD
    0x080026f0   0x00000184   Code   RO          573    i.Enable_GPIO_Clock  can_stm32f4xx.o
    0x08002874   0x00000184   Code   RO          839    i.Enable_GPIO_Clock  i2c_stm32f4xx.o
    0x080029f8   0x00000184   Code   RO         1001    i.Enable_GPIO_Clock  spi_stm32f4xx.o
    0x08002b7c   0x0000000c   Code   RO            6    i.GPS_Task          main.o
    0x08002b88   0x0000018c   Code   RO         1400    i.HAL_ADC_ConfigChannel  stm32f4xx_hal_adc.o
    0x08002d14   0x00000008   Code   RO         1407    i.HAL_ADC_GetValue  stm32f4xx_hal_adc.o
    0x08002d1c   0x00000068   Code   RO         1409    i.HAL_ADC_Init      stm32f4xx_hal_adc.o
    0x08002d84   0x00000002   Code   RO         1412    i.HAL_ADC_MspInit   stm32f4xx_hal_adc.o
    0x08002d86   0x000000c2   Code   RO         1413    i.HAL_ADC_PollForConversion  stm32f4xx_hal_adc.o
    0x08002e48   0x0000013c   Code   RO         1415    i.HAL_ADC_Start     stm32f4xx_hal_adc.o
    0x08002f84   0x00000048   Code   RO         1418    i.HAL_ADC_Stop      stm32f4xx_hal_adc.o
    0x08002fcc   0x000000aa   Code   RO         2047    i.HAL_DMA_Abort     stm32f4xx_hal_dma.o
    0x08003076   0x00000002   PAD
    0x08003078   0x000000ec   Code   RO         2053    i.HAL_DMA_Init      stm32f4xx_hal_dma.o
    0x08003164   0x0000009e   Code   RO         2057    i.HAL_DMA_Start_IT  stm32f4xx_hal_dma.o
    0x08003202   0x00000002   PAD
    0x08003204   0x00000028   Code   RO         1219    i.HAL_Delay         stm32f4xx_hal.o
    0x0800322c   0x00000164   Code   RO         2191    i.HAL_GPIO_DeInit   stm32f4xx_hal_gpio.o
    0x08003390   0x00000200   Code   RO         2194    i.HAL_GPIO_Init     stm32f4xx_hal_gpio.o
    0x08003590   0x00000010   Code   RO         2196    i.HAL_GPIO_ReadPin  stm32f4xx_hal_gpio.o
    0x080035a0   0x0000000c   Code   RO         2198    i.HAL_GPIO_WritePin  stm32f4xx_hal_gpio.o
    0x080035ac   0x0000000c   Code   RO         1225    i.HAL_GetTick       stm32f4xx_hal.o
    0x080035b8   0x00000030   Code   RO         1232    i.HAL_Init          stm32f4xx_hal.o
    0x080035e8   0x0000004c   Code   RO         1233    i.HAL_InitTick      stm32f4xx_hal.o
    0x08003634   0x00000002   Code   RO         1235    i.HAL_MspInit       stm32f4xx_hal.o
    0x08003636   0x00000002   PAD
    0x08003638   0x00000024   Code   RO         1907    i.HAL_NVIC_ClearPendingIRQ  stm32f4xx_hal_cortex.o
    0x0800365c   0x00000044   Code   RO         1908    i.HAL_NVIC_DisableIRQ  stm32f4xx_hal_cortex.o
    0x080036a0   0x00000028   Code   RO         1909    i.HAL_NVIC_EnableIRQ  stm32f4xx_hal_cortex.o
    0x080036c8   0x0000007c   Code   RO         1915    i.HAL_NVIC_SetPriority  stm32f4xx_hal_cortex.o
    0x08003744   0x00000028   Code   RO         1916    i.HAL_NVIC_SetPriorityGrouping  stm32f4xx_hal_cortex.o
    0x0800376c   0x0000000c   Code   RO         2899    i.HAL_RCC_GetHCLKFreq  stm32f4xx_hal_rcc.o
    0x08003778   0x00000020   Code   RO         2901    i.HAL_RCC_GetPCLK1Freq  stm32f4xx_hal_rcc.o
    0x08003798   0x00000020   Code   RO         2902    i.HAL_RCC_GetPCLK2Freq  stm32f4xx_hal_rcc.o
    0x080037b8   0x00000034   Code   RO         1920    i.HAL_SYSTICK_Config  stm32f4xx_hal_cortex.o
    0x080037ec   0x00000030   Code   RO            7    i.Humidity_Task     main.o
    0x0800381c   0x00000018   Code   RO          840    i.I2C1_Control      i2c_stm32f4xx.o
    0x08003834   0x00000010   Code   RO          841    i.I2C1_ER_IRQHandler  i2c_stm32f4xx.o
    0x08003844   0x00000010   Code   RO          842    i.I2C1_EV_IRQHandler  i2c_stm32f4xx.o
    0x08003854   0x00000010   Code   RO          843    i.I2C1_GetDataCount  i2c_stm32f4xx.o
    0x08003864   0x00000010   Code   RO          844    i.I2C1_GetStatus    i2c_stm32f4xx.o
    0x08003874   0x00000014   Code   RO          845    i.I2C1_Initialize   i2c_stm32f4xx.o
    0x08003888   0x00000020   Code   RO          846    i.I2C1_MasterReceive  i2c_stm32f4xx.o
    0x080038a8   0x00000020   Code   RO          847    i.I2C1_MasterTransmit  i2c_stm32f4xx.o
    0x080038c8   0x00000014   Code   RO          848    i.I2C1_PowerControl  i2c_stm32f4xx.o
    0x080038dc   0x00000018   Code   RO          849    i.I2C1_SlaveReceive  i2c_stm32f4xx.o
    0x080038f4   0x00000018   Code   RO          850    i.I2C1_SlaveTransmit  i2c_stm32f4xx.o
    0x0800390c   0x00000010   Code   RO          851    i.I2C1_Uninitialize  i2c_stm32f4xx.o
    0x0800391c   0x0000000c   Code   RO          852    i.I2CX_GetCapabilities  i2c_stm32f4xx.o
    0x08003928   0x00000010   Code   RO          853    i.I2CX_GetVersion   i2c_stm32f4xx.o
    0x08003938   0x0000034c   Code   RO          854    i.I2C_Control       i2c_stm32f4xx.o
    0x08003c84   0x00000206   Code   RO          855    i.I2C_ER_IRQHandler  i2c_stm32f4xx.o
    0x08003e8a   0x000006a8   Code   RO          856    i.I2C_EV_IRQHandler  i2c_stm32f4xx.o
    0x08004532   0x00000034   Code   RO          857    i.I2C_GetDataCount  i2c_stm32f4xx.o
    0x08004566   0x00000008   Code   RO          858    i.I2C_GetStatus     i2c_stm32f4xx.o
    0x0800456e   0x00000002   PAD
    0x08004570   0x000001c0   Code   RO          859    i.I2C_Initialize    i2c_stm32f4xx.o
    0x08004730   0x00000144   Code   RO          860    i.I2C_MasterReceive  i2c_stm32f4xx.o
    0x08004874   0x0000012a   Code   RO          861    i.I2C_MasterTransmit  i2c_stm32f4xx.o
    0x0800499e   0x00000002   PAD
    0x080049a0   0x00000298   Code   RO          862    i.I2C_PowerControl  i2c_stm32f4xx.o
    0x08004c38   0x00000088   Code   RO          863    i.I2C_SlaveReceive  i2c_stm32f4xx.o
    0x08004cc0   0x00000088   Code   RO          864    i.I2C_SlaveTransmit  i2c_stm32f4xx.o
    0x08004d48   0x00000034   Code   RO          865    i.I2C_Uninitialize  i2c_stm32f4xx.o
    0x08004d7c   0x00000060   Code   RO          231    i.LEDS_set_single_led_color  led_lib.o
    0x08004ddc   0x000003a8   Code   RO            8    i.Led_Task          main.o
    0x08005184   0x000000a8   Code   RO          305    i.Lib_ADC_Init      lib_adc.o
    0x0800522c   0x00000040   Code   RO          306    i.Lib_ADC_Read_Channel  lib_adc.o
    0x0800526c   0x0000000a   Code   RO          307    i.Lib_ADC_Read_Channel0  lib_adc.o
    0x08005276   0x0000000a   Code   RO          308    i.Lib_ADC_Read_Channel1  lib_adc.o
    0x08005280   0x00000094   Code   RO            9    i.Lum_Task          main.o
    0x08005314   0x0000002a   Code   RO          232    i.Phares_Off        led_lib.o
    0x0800533e   0x00000002   PAD
    0x08005340   0x00000018   Code   RO         1002    i.SPI1_Control      spi_stm32f4xx.o
    0x08005358   0x00000010   Code   RO         1003    i.SPI1_GetDataCount  spi_stm32f4xx.o
    0x08005368   0x00000010   Code   RO         1004    i.SPI1_GetStatus    spi_stm32f4xx.o
    0x08005378   0x00000010   Code   RO         1005    i.SPI1_IRQHandler   spi_stm32f4xx.o
    0x08005388   0x00000014   Code   RO         1006    i.SPI1_Initialize   spi_stm32f4xx.o
    0x0800539c   0x00000014   Code   RO         1007    i.SPI1_PowerControl  spi_stm32f4xx.o
    0x080053b0   0x00000018   Code   RO         1008    i.SPI1_Receive      spi_stm32f4xx.o
    0x080053c8   0x00000018   Code   RO         1009    i.SPI1_Send         spi_stm32f4xx.o
    0x080053e0   0x0000001c   Code   RO         1010    i.SPI1_Transfer     spi_stm32f4xx.o
    0x080053fc   0x00000010   Code   RO         1011    i.SPI1_Uninitialize  spi_stm32f4xx.o
    0x0800540c   0x00000018   Code   RO         1012    i.SPI2_Control      spi_stm32f4xx.o
    0x08005424   0x00000010   Code   RO         1013    i.SPI2_GetDataCount  spi_stm32f4xx.o
    0x08005434   0x00000010   Code   RO         1014    i.SPI2_GetStatus    spi_stm32f4xx.o
    0x08005444   0x00000010   Code   RO         1015    i.SPI2_IRQHandler   spi_stm32f4xx.o
    0x08005454   0x00000014   Code   RO         1016    i.SPI2_Initialize   spi_stm32f4xx.o
    0x08005468   0x00000014   Code   RO         1017    i.SPI2_PowerControl  spi_stm32f4xx.o
    0x0800547c   0x00000018   Code   RO         1018    i.SPI2_Receive      spi_stm32f4xx.o
    0x08005494   0x00000018   Code   RO         1019    i.SPI2_Send         spi_stm32f4xx.o
    0x080054ac   0x0000001c   Code   RO         1020    i.SPI2_Transfer     spi_stm32f4xx.o
    0x080054c8   0x00000010   Code   RO         1021    i.SPI2_Uninitialize  spi_stm32f4xx.o
    0x080054d8   0x0000000c   Code   RO         1022    i.SPIX_GetCapabilities  spi_stm32f4xx.o
    0x080054e4   0x00000010   Code   RO         1023    i.SPIX_GetVersion   spi_stm32f4xx.o
    0x080054f4   0x0000046c   Code   RO         1024    i.SPI_Control       spi_stm32f4xx.o
    0x08005960   0x00000008   Code   RO         1025    i.SPI_GetDataCount  spi_stm32f4xx.o
    0x08005968   0x0000005a   Code   RO         1026    i.SPI_GetStatus     spi_stm32f4xx.o
    0x080059c2   0x00000106   Code   RO         1027    i.SPI_IRQHandler    spi_stm32f4xx.o
    0x08005ac8   0x000000d4   Code   RO         1028    i.SPI_Initialize    spi_stm32f4xx.o
    0x08005b9c   0x000000a0   Code   RO         1029    i.SPI_PeripheralReset  spi_stm32f4xx.o
    0x08005c3c   0x000001c0   Code   RO         1030    i.SPI_PowerControl  spi_stm32f4xx.o
    0x08005dfc   0x00000088   Code   RO         1031    i.SPI_Receive       spi_stm32f4xx.o
    0x08005e84   0x00000056   Code   RO         1032    i.SPI_RxData        spi_stm32f4xx.o
    0x08005eda   0x00000088   Code   RO         1033    i.SPI_Send          spi_stm32f4xx.o
    0x08005f62   0x00000076   Code   RO         1034    i.SPI_Transfer      spi_stm32f4xx.o
    0x08005fd8   0x00000054   Code   RO         1035    i.SPI_TxData        spi_stm32f4xx.o
    0x0800602c   0x00000054   Code   RO         1036    i.SPI_Uninitialize  spi_stm32f4xx.o
    0x08006080   0x00000064   Code   RO         3399    i.SystemInit        system_stm32f4xx.o
    0x080060e4   0x00000012   Code   RO          234    i._LEDS_trame_end   led_lib.o
    0x080060f6   0x00000012   Code   RO          235    i._LEDS_trame_start  led_lib.o
    0x08006108   0x0000001c   Code   RO          574    i.__NVIC_ClearPendingIRQ  can_stm32f4xx.o
    0x08006124   0x0000003c   Code   RO          575    i.__NVIC_DisableIRQ  can_stm32f4xx.o
    0x08006160   0x00000022   Code   RO          576    i.__NVIC_EnableIRQ  can_stm32f4xx.o
    0x08006182   0x00000002   PAD
    0x08006184   0x00000010   Code   RO         1922    i.__NVIC_GetPriorityGrouping  stm32f4xx_hal_cortex.o
    0x08006194   0x00000028   Code   RO         1923    i.__NVIC_SetPriority  stm32f4xx_hal_cortex.o
    0x080061bc   0x00000046   Code   RO         4529    i._init_box         RTX_CM4.lib(rt_membox.o)
    0x08006202   0x00000002   PAD
    0x08006204   0x00000020   Code   RO          465    i._mutex_acquire    rtx_conf_cm.o
    0x08006224   0x0000001c   Code   RO          467    i._mutex_release    rtx_conf_cm.o
    0x08006240   0x00000030   Code   RO         4582    i.dbg_init          RTX_CM4.lib(hal_cm.o)
    0x08006270   0x00000020   Code   RO         4583    i.dbg_task_notify   RTX_CM4.lib(hal_cm.o)
    0x08006290   0x00000010   Code   RO         4584    i.dbg_task_switch   RTX_CM4.lib(hal_cm.o)
    0x080062a0   0x00000020   Code   RO          352    i.get1Sens          lib_uson.o
    0x080062c0   0x0000002a   Code   RO         3435    i.isrMessageGet     RTX_CM4.lib(rt_cmsis.o)
    0x080062ea   0x0000002c   Code   RO         3436    i.isrMessagePut     RTX_CM4.lib(rt_cmsis.o)
    0x08006316   0x00000024   Code   RO         3438    i.isrSignalSet      RTX_CM4.lib(rt_cmsis.o)
    0x0800633a   0x00000002   PAD
    0x0800633c   0x00000028   Code   RO         4266    i.isr_evt_set       RTX_CM4.lib(rt_event.o)
    0x08006364   0x00000056   Code   RO         4384    i.isr_mbx_receive   RTX_CM4.lib(rt_mailbox.o)
    0x080063ba   0x0000000e   Code   RO         4385    i.isr_mbx_send      RTX_CM4.lib(rt_mailbox.o)
    0x080063c8   0x00000090   Code   RO           10    i.main              main.o
    0x08006458   0x00000018   Code   RO         3439    i.osDelay           RTX_CM4.lib(rt_cmsis.o)
    0x08006470   0x00000024   Code   RO         3440    i.osKernelInitialize  RTX_CM4.lib(rt_cmsis.o)
    0x08006494   0x0000006c   Code   RO         3442    i.osKernelStart     RTX_CM4.lib(rt_cmsis.o)
    0x08006500   0x0000001c   Code   RO         3444    i.osMailAlloc       RTX_CM4.lib(rt_cmsis.o)
    0x0800651c   0x0000001c   Code   RO         3447    i.osMailFree        RTX_CM4.lib(rt_cmsis.o)
    0x08006538   0x00000016   Code   RO         3448    i.osMailGet         RTX_CM4.lib(rt_cmsis.o)
    0x0800654e   0x00000014   Code   RO         3449    i.osMailPut         RTX_CM4.lib(rt_cmsis.o)
    0x08006562   0x00000002   PAD
    0x08006564   0x00000018   Code   RO         3451    i.osMessageGet      RTX_CM4.lib(rt_cmsis.o)
    0x0800657c   0x00000018   Code   RO         3452    i.osMessagePut      RTX_CM4.lib(rt_cmsis.o)
    0x08006594   0x00000018   Code   RO         3466    i.osSignalSet       RTX_CM4.lib(rt_cmsis.o)
    0x080065ac   0x00000018   Code   RO         3467    i.osSignalWait      RTX_CM4.lib(rt_cmsis.o)
    0x080065c4   0x0000002c   Code   RO         3468    i.osThreadCreate    RTX_CM4.lib(rt_cmsis.o)
    0x080065f0   0x00000018   Code   RO         3469    i.osThreadExit      RTX_CM4.lib(rt_cmsis.o)
    0x08006608   0x0000000c   Code   RO         3475    i.osTimerCall       RTX_CM4.lib(rt_cmsis.o)
    0x08006614   0x0000002c   Code   RO         3480    i.osTimerThread     RTX_CM4.lib(rt_cmsis.o)
    0x08006640   0x00000022   Code   RO          468    i.os_error          rtx_conf_cm.o
    0x08006662   0x00000004   Code   RO          469    i.os_idle_demon     rtx_conf_cm.o
    0x08006666   0x00000002   PAD
    0x08006668   0x00000028   Code   RO         4176    i.os_tick_init      RTX_CM4.lib(rt_system.o)
    0x08006690   0x00000002   Code   RO         4177    i.os_tick_irqack    RTX_CM4.lib(rt_system.o)
    0x08006692   0x0000002c   Code   RO          236    i.phares            led_lib.o
    0x080066be   0x00000002   PAD
    0x080066c0   0x00000054   Code   RO          353    i.read1byte         lib_uson.o
    0x08006714   0x0000001a   Code   RO         4530    i.rt_alloc_box      RTX_CM4.lib(rt_membox.o)
    0x0800672e   0x0000003e   Code   RO         4558    i.rt_alloc_mem      RTX_CM4.lib(rt_memory.o)
    0x0800676c   0x00000038   Code   RO         4057    i.rt_block          RTX_CM4.lib(rt_task.o)
    0x080067a4   0x00000048   Code   RO         4507    i.rt_chk_robin      RTX_CM4.lib(rt_robin.o)
    0x080067ec   0x00000070   Code   RO         4308    i.rt_dec_dly        RTX_CM4.lib(rt_list.o)
    0x0800685c   0x00000044   Code   RO         4058    i.rt_dispatch       RTX_CM4.lib(rt_task.o)
    0x080068a0   0x00000006   Code   RO         4474    i.rt_dly_wait       RTX_CM4.lib(rt_time.o)
    0x080068a6   0x00000002   PAD
    0x080068a8   0x00000050   Code   RO         4269    i.rt_evt_psh        RTX_CM4.lib(rt_event.o)
    0x080068f8   0x0000005c   Code   RO         4270    i.rt_evt_set        RTX_CM4.lib(rt_event.o)
    0x08006954   0x0000003c   Code   RO         4271    i.rt_evt_wait       RTX_CM4.lib(rt_event.o)
    0x08006990   0x0000002c   Code   RO         4531    i.rt_free_box       RTX_CM4.lib(rt_membox.o)
    0x080069bc   0x00000028   Code   RO         4559    i.rt_free_mem       RTX_CM4.lib(rt_memory.o)
    0x080069e4   0x00000028   Code   RO         4309    i.rt_get_first      RTX_CM4.lib(rt_list.o)
    0x08006a0c   0x00000008   Code   RO         3485    i.rt_id2obj         RTX_CM4.lib(rt_cmsis.o)
    0x08006a14   0x00000048   Code   RO         4059    i.rt_init_context   RTX_CM4.lib(rt_task.o)
    0x08006a5c   0x0000001a   Code   RO         4560    i.rt_init_mem       RTX_CM4.lib(rt_memory.o)
    0x08006a76   0x00000002   PAD
    0x08006a78   0x00000018   Code   RO         4508    i.rt_init_robin     RTX_CM4.lib(rt_robin.o)
    0x08006a90   0x00000080   Code   RO         4585    i.rt_init_stack     RTX_CM4.lib(hal_cm.o)
    0x08006b10   0x00000008   Code   RO         4386    i.rt_mbx_check      RTX_CM4.lib(rt_mailbox.o)
    0x08006b18   0x0000001a   Code   RO         4387    i.rt_mbx_init       RTX_CM4.lib(rt_mailbox.o)
    0x08006b32   0x00000002   PAD
    0x08006b34   0x000000f0   Code   RO         4388    i.rt_mbx_psh        RTX_CM4.lib(rt_mailbox.o)
    0x08006c24   0x00000098   Code   RO         4389    i.rt_mbx_send       RTX_CM4.lib(rt_mailbox.o)
    0x08006cbc   0x000000b4   Code   RO         4390    i.rt_mbx_wait       RTX_CM4.lib(rt_mailbox.o)
    0x08006d70   0x00000044   Code   RO         3486    i.rt_ms2tick        RTX_CM4.lib(rt_cmsis.o)
    0x08006db4   0x000000d8   Code   RO         4143    i.rt_mut_release    RTX_CM4.lib(rt_mutex.o)
    0x08006e8c   0x00000078   Code   RO         4144    i.rt_mut_wait       RTX_CM4.lib(rt_mutex.o)
    0x08006f04   0x0000007c   Code   RO         4180    i.rt_pop_req        RTX_CM4.lib(rt_system.o)
    0x08006f80   0x00000020   Code   RO         4181    i.rt_psh_req        RTX_CM4.lib(rt_system.o)
    0x08006fa0   0x0000005c   Code   RO         4311    i.rt_psq_enq        RTX_CM4.lib(rt_list.o)
    0x08006ffc   0x00000048   Code   RO         4312    i.rt_put_dly        RTX_CM4.lib(rt_list.o)
    0x08007044   0x00000036   Code   RO         4313    i.rt_put_prio       RTX_CM4.lib(rt_list.o)
    0x0800707a   0x00000002   PAD
    0x0800707c   0x00000014   Code   RO         4314    i.rt_put_rdy_first  RTX_CM4.lib(rt_list.o)
    0x08007090   0x00000034   Code   RO         4315    i.rt_resort_prio    RTX_CM4.lib(rt_list.o)
    0x080070c4   0x00000010   Code   RO         4586    i.rt_ret_regs       RTX_CM4.lib(hal_cm.o)
    0x080070d4   0x0000000c   Code   RO         4587    i.rt_ret_val        RTX_CM4.lib(hal_cm.o)
    0x080070e0   0x00000010   Code   RO         4588    i.rt_ret_val2       RTX_CM4.lib(hal_cm.o)
    0x080070f0   0x00000028   Code   RO         4316    i.rt_rmv_dly        RTX_CM4.lib(rt_list.o)
    0x08007118   0x00000030   Code   RO         4317    i.rt_rmv_list       RTX_CM4.lib(rt_list.o)
    0x08007148   0x00000034   Code   RO         4435    i.rt_sem_psh        RTX_CM4.lib(rt_semaphore.o)
    0x0800717c   0x00000024   Code   RO         4183    i.rt_stk_check      RTX_CM4.lib(rt_system.o)
    0x080071a0   0x00000028   Code   RO         4060    i.rt_switch_req     RTX_CM4.lib(rt_task.o)
    0x080071c8   0x000000cc   Code   RO         4061    i.rt_sys_init       RTX_CM4.lib(rt_task.o)
    0x08007294   0x00000078   Code   RO         4062    i.rt_sys_start      RTX_CM4.lib(rt_task.o)
    0x0800730c   0x00000040   Code   RO         4185    i.rt_systick        RTX_CM4.lib(rt_system.o)
    0x0800734c   0x00000012   Code   RO         3487    i.rt_tid2ptcb       RTX_CM4.lib(rt_cmsis.o)
    0x0800735e   0x00000002   PAD
    0x08007360   0x00000034   Code   RO         3488    i.rt_timer_insert   RTX_CM4.lib(rt_cmsis.o)
    0x08007394   0x00000088   Code   RO         4063    i.rt_tsk_create     RTX_CM4.lib(rt_task.o)
    0x0800741c   0x0000017c   Code   RO         4064    i.rt_tsk_delete     RTX_CM4.lib(rt_task.o)
    0x08007598   0x0000007c   Code   RO         4066    i.rt_tsk_prio       RTX_CM4.lib(rt_task.o)
    0x08007614   0x00000010   Code   RO         4067    i.rt_tsk_self       RTX_CM4.lib(rt_task.o)
    0x08007624   0x0000005c   Code   RO           12    i.sensor_Task       main.o
    0x08007680   0x00000012   Code   RO         3490    i.svcDelay          RTX_CM4.lib(rt_cmsis.o)
    0x08007692   0x00000002   PAD
    0x08007694   0x00000070   Code   RO         3491    i.svcKernelInitialize  RTX_CM4.lib(rt_cmsis.o)
    0x08007704   0x00000048   Code   RO         3493    i.svcKernelStart    RTX_CM4.lib(rt_cmsis.o)
    0x0800774c   0x00000024   Code   RO         3496    i.svcMessageCreate  RTX_CM4.lib(rt_cmsis.o)
    0x08007770   0x0000003a   Code   RO         3497    i.svcMessageGet     RTX_CM4.lib(rt_cmsis.o)
    0x080077aa   0x00000036   Code   RO         3498    i.svcMessagePut     RTX_CM4.lib(rt_cmsis.o)
    0x080077e0   0x00000024   Code   RO         3509    i.svcSignalSet      RTX_CM4.lib(rt_cmsis.o)
    0x08007804   0x00000054   Code   RO         3510    i.svcSignalWait     RTX_CM4.lib(rt_cmsis.o)
    0x08007858   0x0000006c   Code   RO         3511    i.svcThreadCreate   RTX_CM4.lib(rt_cmsis.o)
    0x080078c4   0x0000001c   Code   RO         3512    i.svcThreadGetId    RTX_CM4.lib(rt_cmsis.o)
    0x080078e0   0x00000038   Code   RO         3515    i.svcThreadTerminate  RTX_CM4.lib(rt_cmsis.o)
    0x08007918   0x00000018   Code   RO         3517    i.svcTimerCall      RTX_CM4.lib(rt_cmsis.o)
    0x08007930   0x00000058   Code   RO         3522    i.sysMailAlloc      RTX_CM4.lib(rt_cmsis.o)
    0x08007988   0x00000060   Code   RO         3523    i.sysMailFree       RTX_CM4.lib(rt_cmsis.o)
    0x080079e8   0x0000005c   Code   RO         3526    i.sysTimerTick      RTX_CM4.lib(rt_cmsis.o)
    0x08007a44   0x0000003c   Code   RO          354    i.write1byte        lib_uson.o
    0x08007a80   0x0000000a   Code   RO         4790    x$fpl$fpinit        fz_wm.l(fpinit.o)
    0x08007a8a   0x00000002   PAD
    0x08007a8c   0x000000a6   Data   RO           14    .constdata          main.o
    0x08007b32   0x00000002   PAD
    0x08007b34   0x00000068   Data   RO          471    .constdata          rtx_conf_cm.o
    0x08007b9c   0x00000094   Data   RO          578    .constdata          can_stm32f4xx.o
    0x08007c30   0x00000068   Data   RO          867    .constdata          i2c_stm32f4xx.o
    0x08007c98   0x00000138   Data   RO         1038    .constdata          spi_stm32f4xx.o
    0x08007dd0   0x00000008   Data   RO         2059    .constdata          stm32f4xx_hal_dma.o
    0x08007dd8   0x00000018   Data   RO         3400    .constdata          system_stm32f4xx.o
    0x08007df0   0x00000020   Data   RO         4824    Region$$Table       anon$$obj.o


    Execution Region ER_RW (Base: 0x20000000, Size: 0x000000c4, Max: 0xffffffff, ABSOLUTE)

    Base Addr    Size         Type   Attr      Idx    E Section Name        Object

    0x20000000   0x00000064   Data   RW           15    .data               main.o
    0x20000064   0x00000014   Data   RW          472    .data               rtx_conf_cm.o
    0x20000078   0x00000014   Data   RW          579    .data               can_stm32f4xx.o
    0x2000008c   0x00000009   Data   RW         1239    .data               stm32f4xx_hal.o
    0x20000095   0x00000003   PAD
    0x20000098   0x00000004   Data   RW         3401    .data               system_stm32f4xx.o
    0x2000009c   0x00000008   Data   RW         3529    .data               RTX_CM4.lib(rt_cmsis.o)
    0x200000a4   0x00000008   Data   RW         4069    .data               RTX_CM4.lib(rt_task.o)
    0x200000ac   0x00000008   Data   RW         4188    .data               RTX_CM4.lib(rt_system.o)
    0x200000b4   0x00000004   Data   RW         4478    .data               RTX_CM4.lib(rt_time.o)
    0x200000b8   0x00000008   Data   RW         4509    .data               RTX_CM4.lib(rt_robin.o)
    0x200000c0   0x00000001   Data   RW         4589    .data               RTX_CM4.lib(hal_cm.o)


    Execution Region ER_ZI (Base: 0x200000c4, Size: 0x000015b4, Max: 0xffffffff, ABSOLUTE)

    Base Addr    Size         Type   Attr      Idx    E Section Name        Object

    0x200000c4   0x00000254   Zero   RW           13    .bss                main.o
    0x20000318   0x00000048   Zero   RW          309    .bss                lib_adc.o
    0x20000360   0x00000bc8   Zero   RW          470    .bss                rtx_conf_cm.o
    0x20000f28   0x0000000a   Zero   RW          577    .bss                can_stm32f4xx.o
    0x20000f32   0x00000002   PAD
    0x20000f34   0x00000028   Zero   RW          866    .bss                i2c_stm32f4xx.o
    0x20000f5c   0x00000058   Zero   RW         1037    .bss                spi_stm32f4xx.o
    0x20000fb4   0x00000034   Zero   RW         4068    .bss                RTX_CM4.lib(rt_task.o)
    0x20000fe8   0x00000030   Zero   RW         4318    .bss                RTX_CM4.lib(rt_list.o)
    0x20001018   0x00000060   Zero   RW         4651    .bss                c_w.l(libspace.o)
    0x20001078   0x00000200   Zero   RW         3389    HEAP                startup_stm32f407xx.o
    0x20001278   0x00000400   Zero   RW         3388    STACK               startup_stm32f407xx.o


==============================================================================

Image component sizes


      Code (inc. data)   RO Data    RW Data    ZI Data      Debug   Object Name

      8058        372        148         20         10      72251   can_stm32f4xx.o
      5856        166        104          0         40      24940   i2c_stm32f4xx.o
       382          4          0          0          0       4551   led_lib.o
       252         26          0          0         72       2755   lib_adc.o
       176         12          0          0          0       1768   lib_uson.o
      1512        106        166        100        596     626352   main.o
       126         26        104         20       3016       9147   rtx_conf_cm.o
      3780        208        312          0         88      60389   spi_stm32f4xx.o
        64         26        392          0       1536        836   startup_stm32f407xx.o
       178         26          0          9          0       4829   stm32f4xx_hal.o
      1444         54          0          0          0       6739   stm32f4xx_hal_adc.o
       416         34          0          0          0      36320   stm32f4xx_hal_cortex.o
       830         10          8          0          0       5574   stm32f4xx_hal_dma.o
       896         86          0          0          0       4105   stm32f4xx_hal_gpio.o
        76         26          0          0          0       1844   stm32f4xx_hal_rcc.o
       100         18         24          4          0       1267   system_stm32f4xx.o

    ----------------------------------------------------------------------
     24170       1200       1292        156       5360     863667   Object Totals
         0          0         32          0          0          0   (incl. Generated)
        24          0          2          3          2          0   (incl. Padding)

    ----------------------------------------------------------------------

      Code (inc. data)   RO Data    RW Data    ZI Data      Debug   Library Member Name

       268         24          0          1          0       4472   hal_cm.o
       408         34          0          0          0        816   hal_cm4.o
      1716        182          0          8          0      45174   rt_cmsis.o
       272         18          0          0          0       2810   rt_event.o
       530         34          0          0         48       8601   rt_list.o
       706         14          0          0          0       5067   rt_mailbox.o
       140          0          0          0          0       2045   rt_membox.o
       128          0          0          0          0       2419   rt_memory.o
       336         14          0          0          0       1727   rt_mutex.o
        96         22          0          8          0       1230   rt_robin.o
        52          4          0          0          0        613   rt_semaphore.o
       298         52          0          8          0       6439   rt_system.o
      1216        174          0          8         52      10045   rt_task.o
         6          0          0          4          0        692   rt_time.o
         4          4          0          0          0        200   svc_table.o
         8          0          0          0          0         68   __main.o
         0          0          0          0          0          0   __rtentry.o
        20          0          0          0          0          0   __rtentry2.o
         6          0          0          0          0          0   __rtentry4.o
        52          8          0          0          0          0   __scatter.o
        26          0          0          0          0          0   __scatter_copy.o
        28          0          0          0          0          0   __scatter_zi.o
        18          0          0          0          0         80   exit.o
         6          0          0          0          0        152   heapauxi.o
         0          0          0          0          0          0   indicate_semi.o
         2          0          0          0          0          0   libinit.o
         6          0          0          0          0          0   libinit2.o
         2          0          0          0          0          0   libshutdown.o
         2          0          0          0          0          0   libshutdown2.o
         8          4          0          0         96         68   libspace.o
        78          0          0          0          0         80   rt_memclr_w.o
       138          0          0          0          0         68   rt_memcpy_v6.o
       100          0          0          0          0         80   rt_memcpy_w.o
         2          0          0          0          0          0   rtexit.o
        10          0          0          0          0          0   rtexit2.o
        12          4          0          0          0         68   sys_exit.o
        74          0          0          0          0         80   sys_stackheap_outer.o
         2          0          0          0          0         68   use_no_semi.o
        10          0          0          0          0        116   fpinit.o

    ----------------------------------------------------------------------
      6810        592          0         40        196      93278   Library Totals
        24          0          0          3          0          0   (incl. Padding)

    ----------------------------------------------------------------------

      Code (inc. data)   RO Data    RW Data    ZI Data      Debug   Library Name

      6176        576          0         37        100      92350   RTX_CM4.lib
       600         16          0          0         96        812   c_w.l
        10          0          0          0          0        116   fz_wm.l

    ----------------------------------------------------------------------
      6810        592          0         40        196      93278   Library Totals

    ----------------------------------------------------------------------

==============================================================================


      Code (inc. data)   RO Data    RW Data    ZI Data      Debug   

     30980       1792       1292        196       5556     930533   Grand Totals
     30980       1792       1292        196       5556     930533   ELF Image Totals
     30980       1792       1292        196          0          0   ROM Totals

==============================================================================

    Total RO  Size (Code + RO Data)                32272 (  31.52kB)
    Total RW  Size (RW Data + ZI Data)              5752 (   5.62kB)
    Total ROM Size (Code + RO Data + RW Data)      32468 (  31.71kB)

==============================================================================

